[2026-07-29T15:30:31.886+0000] {local_task_job_runner.py:123} INFO - ::group::Pre task execution logs
[2026-07-29T15:30:31.892+0000] {taskinstance.py:2603} INFO - Dependencies all met for dep_context=non-requeueable deps ti=<TaskInstance: vienna_mobility_weather_pipeline.extract_and_load_api_data scheduled__2026-07-28T00:00:00+00:00 [queued]>
[2026-07-29T15:30:31.894+0000] {taskinstance.py:2603} INFO - Dependencies all met for dep_context=requeueable deps ti=<TaskInstance: vienna_mobility_weather_pipeline.extract_and_load_api_data scheduled__2026-07-28T00:00:00+00:00 [queued]>
[2026-07-29T15:30:31.894+0000] {taskinstance.py:2856} INFO - Starting attempt 1 of 3
[2026-07-29T15:30:31.898+0000] {taskinstance.py:2879} INFO - Executing <Task(BashOperator): extract_and_load_api_data> on 2026-07-28 00:00:00+00:00
[2026-07-29T15:30:31.901+0000] {warnings.py:112} WARNING - /home/***/.local/lib/python3.12/site-packages/***/task/task_runner/standard_task_runner.py:70: DeprecationWarning: This process (pid=187) is multi-threaded, use of fork() may lead to deadlocks in the child.
  pid = os.fork()

[2026-07-29T15:30:31.901+0000] {standard_task_runner.py:72} INFO - Started process 189 to run task
[2026-07-29T15:30:31.902+0000] {standard_task_runner.py:104} INFO - Running: ['***', 'tasks', 'run', 'vienna_mobility_weather_pipeline', 'extract_and_load_api_data', 'scheduled__2026-07-28T00:00:00+00:00', '--job-id', '8', '--raw', '--subdir', 'DAGS_FOLDER/vienna_transit_pipeline/vienna_pipeline_dag.py', '--cfg-path', '/tmp/tmpto_xl5so']
[2026-07-29T15:30:31.902+0000] {standard_task_runner.py:105} INFO - Job 8: Subtask extract_and_load_api_data
[2026-07-29T15:30:31.918+0000] {task_command.py:467} INFO - Running <TaskInstance: vienna_mobility_weather_pipeline.extract_and_load_api_data scheduled__2026-07-28T00:00:00+00:00 [running]> on host ***-worker
[2026-07-29T15:30:31.940+0000] {taskinstance.py:3122} INFO - Exporting env vars: AIRFLOW_CTX_DAG_OWNER='data_engineer' AIRFLOW_CTX_DAG_ID='vienna_mobility_weather_pipeline' AIRFLOW_CTX_TASK_ID='extract_and_load_api_data' AIRFLOW_CTX_EXECUTION_DATE='2026-07-28T00:00:00+00:00' AIRFLOW_CTX_TRY_NUMBER='1' AIRFLOW_CTX_DAG_RUN_ID='scheduled__2026-07-28T00:00:00+00:00'
[2026-07-29T15:30:31.941+0000] {logging_mixin.py:190} INFO - Task instance is in running state
[2026-07-29T15:30:31.941+0000] {logging_mixin.py:190} INFO -  Previous state of the Task instance: queued
[2026-07-29T15:30:31.941+0000] {logging_mixin.py:190} INFO - Current task name:extract_and_load_api_data state:running start_date:2026-07-29 15:30:31.892284+00:00
[2026-07-29T15:30:31.941+0000] {logging_mixin.py:190} INFO - Dag name:vienna_mobility_weather_pipeline and current dag run status:running
[2026-07-29T15:30:31.941+0000] {taskinstance.py:731} INFO - ::endgroup::
[2026-07-29T15:30:31.941+0000] {subprocess.py:63} INFO - Tmp dir root location: /tmp
[2026-07-29T15:30:31.942+0000] {subprocess.py:75} INFO - Running command: ['/usr/bin/bash', '-c', 'export GOOGLE_APPLICATION_CREDENTIALS="/opt/***/dags/vienna_transit_pipeline/service_account_key.json" && python3 /opt/***/dags/vienna_transit_pipeline/extract_and_load.py']
[2026-07-29T15:30:31.945+0000] {subprocess.py:86} INFO - Output:
[2026-07-29T15:30:44.882+0000] {subprocess.py:93} INFO - Building U-Bahn station list from official Wiener Linien data...
[2026-07-29T15:30:44.884+0000] {subprocess.py:93} INFO -   -> Resolved 5 numeric line IDs for MeansOfTransport=ptMetro.
[2026-07-29T15:30:44.884+0000] {subprocess.py:93} INFO -   -> Found 222 U-Bahn platform RBLs.
[2026-07-29T15:30:44.884+0000] {subprocess.py:93} INFO - Initializing full-network extraction with monitoring logs...
[2026-07-29T15:30:44.885+0000] {subprocess.py:93} INFO -     [Warning] Request failed (Attempt 1/3) for URL: https://www.wienerlinien.at/ogd_realtime/monitor?rbl=4101&rbl=4102&rbl=4103&rbl=4104&rbl=4105&rbl=4106&rbl=4107&rbl=4108&rbl=4109&rbl=4110&rbl=4111&rbl=4112&rbl=4113&rbl=4114&rbl=4115&rbl=4116&rbl=4117&rbl=4118&rbl=4119&rbl=4120&rbl=4121&rbl=4122&rbl=4123&rbl=4124&rbl=4125. Error: 502 Server Error: Proxy Error for url: https://www.wienerlinien.at/ogd_realtime/monitor?rbl=4101&rbl=4102&rbl=4103&rbl=4104&rbl=4105&rbl=4106&rbl=4107&rbl=4108&rbl=4109&rbl=4110&rbl=4111&rbl=4112&rbl=4113&rbl=4114&rbl=4115&rbl=4116&rbl=4117&rbl=4118&rbl=4119&rbl=4120&rbl=4121&rbl=4122&rbl=4123&rbl=4124&rbl=4125
[2026-07-29T15:30:44.885+0000] {subprocess.py:93} INFO -   -> Success: Pulled U1 to Leopoldau at Südtiroler Platz. Delay: 38.0 seconds.
[2026-07-29T15:30:44.886+0000] {subprocess.py:93} INFO -   -> Success: Pulled U1 to Leopoldau at Donauinsel. Delay: -52.0 seconds.
[2026-07-29T15:30:44.886+0000] {subprocess.py:93} INFO -   -> Success: Pulled U1 to Leopoldau at Nestroyplatz. Delay: -12.0 seconds.
[2026-07-29T15:30:44.886+0000] {subprocess.py:93} INFO -   -> Success: Pulled U1 to Leopoldau at Reumannplatz. Delay: -12.0 seconds.
[2026-07-29T15:30:44.887+0000] {subprocess.py:93} INFO -   -> Success: Pulled U1 to Leopoldau at Kaisermühlen-VIC. Delay: 58.0 seconds.
[2026-07-29T15:30:44.887+0000] {subprocess.py:93} INFO -   -> Success: Pulled U1 to Leopoldau at Stephansplatz. Delay: -52.0 seconds.
[2026-07-29T15:30:44.888+0000] {subprocess.py:93} INFO -   -> Success: Pulled U1 to Leopoldau at Alte Donau. Delay: 11.0 seconds.
[2026-07-29T15:30:44.888+0000] {subprocess.py:93} INFO -   -> Success: Pulled U1 to Leopoldau at Taubstummengasse. Delay: -2.0 seconds.
[2026-07-29T15:30:44.888+0000] {subprocess.py:93} INFO -   -> Success: Pulled U1 to Leopoldau at Keplerplatz. Delay: -8.0 seconds.
[2026-07-29T15:30:44.888+0000] {subprocess.py:93} INFO -   -> Success: Pulled U1 to Leopoldau at Praterstern. Delay: -16.0 seconds.
[2026-07-29T15:30:44.889+0000] {subprocess.py:93} INFO -   -> Success: Pulled U1 to Leopoldau at Schwedenplatz. Delay: -38.0 seconds.
[2026-07-29T15:30:44.889+0000] {subprocess.py:93} INFO -   -> Success: Pulled U1 to Leopoldau at Karlsplatz. Delay: -40.0 seconds.
[2026-07-29T15:30:44.889+0000] {subprocess.py:93} INFO -   -> Success: Pulled U1 to Leopoldau at Vorgartenstraße. Delay: 17.0 seconds.
[2026-07-29T15:30:44.889+0000] {subprocess.py:93} INFO -   -> Success: Pulled U1 to Alaudagasse at Stephansplatz. Delay: 78.0 seconds.
[2026-07-29T15:30:44.889+0000] {subprocess.py:93} INFO -   -> Success: Pulled U1 to Oberlaa at Praterstern. Delay: 88.0 seconds.
[2026-07-29T15:30:44.890+0000] {subprocess.py:93} INFO -   -> Success: Pulled U1 to Oberlaa at Südtiroler Platz. Delay: -22.0 seconds.
[2026-07-29T15:30:44.890+0000] {subprocess.py:93} INFO -   -> Success: Pulled U1 to Oberlaa at Kaisermühlen-VIC. Delay: -21.0 seconds.
[2026-07-29T15:30:44.890+0000] {subprocess.py:93} INFO -   -> Success: Pulled U1 to Alaudagasse at Vorgartenstraße. Delay: 24.0 seconds.
[2026-07-29T15:30:44.890+0000] {subprocess.py:93} INFO -   -> Success: Pulled U1 to Alaudagasse at Karlsplatz. Delay: 46.0 seconds.
[2026-07-29T15:30:44.890+0000] {subprocess.py:93} INFO -   -> Success: Pulled U1 to Oberlaa at Nestroyplatz. Delay: 87.0 seconds.
[2026-07-29T15:30:44.890+0000] {subprocess.py:93} INFO -   -> Success: Pulled U1 to Alaudagasse at Kagran. Delay: -3.0 seconds.
[2026-07-29T15:30:44.891+0000] {subprocess.py:93} INFO -   -> Success: Pulled U1 to Oberlaa at Donauinsel. Delay: 11.0 seconds.
[2026-07-29T15:30:44.891+0000] {subprocess.py:93} INFO -   -> Success: Pulled U1 to Oberlaa at Schwedenplatz. Delay: 109.0 seconds.
[2026-07-29T15:30:44.891+0000] {subprocess.py:93} INFO -   -> Success: Pulled U1 to Alaudagasse at Taubstummengasse. Delay: 11.0 seconds.
[2026-07-29T15:30:44.891+0000] {subprocess.py:93} INFO -   -> Success: Pulled U1 to Alaudagasse at Alte Donau. Delay: 9.0 seconds.
[2026-07-29T15:30:44.891+0000] {subprocess.py:93} INFO -   -> Success: Pulled U1 to Leopoldau at Kagran. Delay: 108.0 seconds.
[2026-07-29T15:30:44.891+0000] {subprocess.py:93} INFO -   -> Success: Pulled U1 to Leopoldau at Altes Landgut. Delay: -32.0 seconds.
[2026-07-29T15:30:44.892+0000] {subprocess.py:93} INFO -   -> Success: Pulled U1 to Leopoldau at Neulaa. Delay: 0.0 seconds.
[2026-07-29T15:30:44.892+0000] {subprocess.py:93} INFO -   -> Success: Pulled U1 to Leopoldau at Großfeldsiedlung. Delay: -3.0 seconds.
[2026-07-29T15:30:44.892+0000] {subprocess.py:93} INFO -   -> Success: Pulled U1 to Leopoldau at Troststraße. Delay: -56.0 seconds.
[2026-07-29T15:30:44.892+0000] {subprocess.py:93} INFO -   -> Success: Pulled U1 to Leopoldau at Kagraner Platz. Delay: 59.0 seconds.
[2026-07-29T15:30:44.893+0000] {subprocess.py:93} INFO -   -> Success: Pulled U1 to Leopoldau at Alaudagasse. Delay: -49.0 seconds.
[2026-07-29T15:30:44.893+0000] {subprocess.py:93} INFO -   -> Success: Pulled U1 to Leopoldau at Rennbahnweg. Delay: 55.0 seconds.
[2026-07-29T15:30:44.893+0000] {subprocess.py:93} INFO -   -> Success: Pulled U1 to Leopoldau at Aderklaaer Straße. Delay: 68.0 seconds.
[2026-07-29T15:30:44.893+0000] {subprocess.py:93} INFO -   -> Success: Pulled U1 to Leopoldau at Oberlaa. Delay: 0.0 seconds.
[2026-07-29T15:30:44.893+0000] {subprocess.py:93} INFO -   -> Success: Pulled U1 to Oberlaa at Aderklaaer Straße. Delay: -22.0 seconds.
[2026-07-29T15:30:44.894+0000] {subprocess.py:93} INFO -   -> Success: Pulled U1 to Alaudagasse at Kagraner Platz. Delay: 28.0 seconds.
[2026-07-29T15:30:44.894+0000] {subprocess.py:93} INFO -   -> Success: Pulled U1 to Alaudagasse at Keplerplatz. Delay: 58.0 seconds.
[2026-07-29T15:30:44.894+0000] {subprocess.py:93} INFO -   -> Success: Pulled U1 to Oberlaa at Altes Landgut. Delay: 48.0 seconds.
[2026-07-29T15:30:44.894+0000] {subprocess.py:93} INFO -   -> Success: Pulled U1 to Alaudagasse at Leopoldau. Delay: 0.0 seconds.
[2026-07-29T15:30:44.894+0000] {subprocess.py:93} INFO -   -> Success: Pulled U1 to Oberlaa at Rennbahnweg. Delay: -31.0 seconds.
[2026-07-29T15:30:44.894+0000] {subprocess.py:93} INFO -   -> Success: Pulled U1 to Alaudagasse at Reumannplatz. Delay: 109.0 seconds.
[2026-07-29T15:30:44.895+0000] {subprocess.py:93} INFO -   -> Success: Pulled U1 to Oberlaa at Alaudagasse. Delay: 72.0 seconds.
[2026-07-29T15:30:44.895+0000] {subprocess.py:93} INFO -   -> Success: Pulled U1 to Alaudagasse at Großfeldsiedlung. Delay: 0.0 seconds.
[2026-07-29T15:30:44.895+0000] {subprocess.py:93} INFO -   -> Success: Pulled U1 to Alaudagasse at Troststraße. Delay: 120.0 seconds.
[2026-07-29T15:30:44.895+0000] {subprocess.py:93} INFO -   -> Success: Pulled U1 to Oberlaa at Neulaa. Delay: 43.0 seconds.
[2026-07-29T15:30:44.895+0000] {subprocess.py:93} INFO -   -> Success: Pulled U2 to Karlsplatz at Schottenring. Delay: 48.0 seconds.
[2026-07-29T15:30:44.895+0000] {subprocess.py:93} INFO -   -> Success: Pulled U2 to Seestadt at Karlsplatz. Delay: 0.0 seconds.
[2026-07-29T15:30:44.896+0000] {subprocess.py:93} INFO -   -> Success: Pulled U2 to Karlsplatz at Rathaus. Delay: 49.0 seconds.
[2026-07-29T15:30:44.896+0000] {subprocess.py:93} INFO -   -> Success: Pulled U2 to Karlsplatz at Volkstheater. Delay: 199.0 seconds.
[2026-07-29T15:30:44.896+0000] {subprocess.py:93} INFO -   -> Success: Pulled U2 to Karlsplatz at Praterstern. Delay: -71.0 seconds.
[2026-07-29T15:30:44.896+0000] {subprocess.py:93} INFO -   -> Success: Pulled U2 to Karlsplatz at Aspernstraße. Delay: -11.0 seconds.
[2026-07-29T15:30:44.896+0000] {subprocess.py:93} INFO -   -> Success: Pulled U2 to Karlsplatz at Museumsquartier. Delay: 139.0 seconds.
[2026-07-29T15:30:44.896+0000] {subprocess.py:93} INFO -   -> Success: Pulled U2 to Karlsplatz at Stadion. Delay: -35.0 seconds.
[2026-07-29T15:30:44.896+0000] {subprocess.py:93} INFO -   -> Success: Pulled U2 to Karlsplatz at Stadlau. Delay: 61.0 seconds.
[2026-07-29T15:30:44.897+0000] {subprocess.py:93} INFO -   -> Success: Pulled U2 to Karlsplatz at Donauspital. Delay: -23.0 seconds.
[2026-07-29T15:30:44.897+0000] {subprocess.py:93} INFO -   -> Success: Pulled U2 to Karlsplatz at Schottentor. Delay: 37.0 seconds.
[2026-07-29T15:30:44.897+0000] {subprocess.py:93} INFO -   -> Success: Pulled U2 to Karlsplatz at Krieau. Delay: -21.0 seconds.
[2026-07-29T15:30:44.897+0000] {subprocess.py:93} INFO -   -> Success: Pulled U2 to Karlsplatz at Taborstraße. Delay: -38.0 seconds.
[2026-07-29T15:30:44.897+0000] {subprocess.py:93} INFO -   -> Success: Pulled U2 to Karlsplatz at Donaustadtbrücke. Delay: 40.0 seconds.
[2026-07-29T15:30:44.897+0000] {subprocess.py:93} INFO -   -> Success: Pulled U2 to Karlsplatz at Hardeggasse. Delay: -9.0 seconds.
[2026-07-29T15:30:44.897+0000] {subprocess.py:93} INFO -   -> Success: Pulled U2 to Karlsplatz at Messe. Delay: -31.0 seconds.
[2026-07-29T15:30:44.898+0000] {subprocess.py:93} INFO -   -> Success: Pulled U2 to Karlsplatz at Donaumarina. Delay: 33.0 seconds.
[2026-07-29T15:30:44.898+0000] {subprocess.py:93} INFO -   -> Success: Pulled U2 to Seestadt at Museumsquartier. Delay: -41.0 seconds.
[2026-07-29T15:30:44.898+0000] {subprocess.py:93} INFO -   -> Success: Pulled U2 to Seestadt at Messe. Delay: 79.0 seconds.
[2026-07-29T15:30:44.898+0000] {subprocess.py:93} INFO -   -> Success: Pulled U2 to Seestadt at Taborstraße. Delay: 32.0 seconds.
[2026-07-29T15:30:44.898+0000] {subprocess.py:93} INFO -   -> Success: Pulled U2 to Seestadt at Volkstheater. Delay: -51.0 seconds.
[2026-07-29T15:30:44.898+0000] {subprocess.py:93} INFO -   -> Success: Pulled U2 to Seestadt at Schottentor. Delay: -19.0 seconds.
[2026-07-29T15:30:44.898+0000] {subprocess.py:93} INFO -   -> Success: Pulled U2 to Seestadt at Krieau. Delay: 62.0 seconds.
[2026-07-29T15:30:44.898+0000] {subprocess.py:93} INFO -   -> Success: Pulled U2 to Seestadt at Praterstern. Delay: 36.0 seconds.
[2026-07-29T15:30:44.899+0000] {subprocess.py:93} INFO -   -> Success: Pulled U2 to Seestadt at Rathaus. Delay: -52.0 seconds.
[2026-07-29T15:30:44.899+0000] {subprocess.py:93} INFO -   -> Success: Pulled U2 to Seestadt at Schottenring. Delay: 23.0 seconds.
[2026-07-29T15:30:44.899+0000] {subprocess.py:93} INFO -   -> Success: Pulled U2 to Karlsplatz at Hausfeldstraße. Delay: 0.0 seconds.
[2026-07-29T15:30:44.899+0000] {subprocess.py:93} INFO -   -> Success: Pulled U2 to Karlsplatz at Seestadt. Delay: 0.0 seconds.
[2026-07-29T15:30:44.899+0000] {subprocess.py:93} INFO -   -> Success: Pulled U2 to Karlsplatz at Lina-Loos-Platz. Delay: 29.0 seconds.
[2026-07-29T15:30:44.899+0000] {subprocess.py:93} INFO -   -> Success: Pulled U2 to Karlsplatz at Aspern Nord. Delay: 0.0 seconds.
[2026-07-29T15:30:44.899+0000] {subprocess.py:93} INFO -   -> Success: Pulled U2 to Seestadt at Stadion. Delay: 139.0 seconds.
[2026-07-29T15:30:44.899+0000] {subprocess.py:93} INFO -   -> Success: Pulled U2 to Seestadt at Aspern Nord. Delay: 79.0 seconds.
[2026-07-29T15:30:44.900+0000] {subprocess.py:93} INFO -   -> Success: Pulled U2 to Seestadt at Hardeggasse. Delay: 19.0 seconds.
[2026-07-29T15:30:44.900+0000] {subprocess.py:93} INFO -   -> Success: Pulled U2 to Seestadt at Lina-Loos-Platz. Delay: 49.0 seconds.
[2026-07-29T15:30:44.900+0000] {subprocess.py:93} INFO -   -> Success: Pulled U2 to Seestadt at Donaumarina. Delay: 101.0 seconds.
[2026-07-29T15:30:44.900+0000] {subprocess.py:93} INFO -   -> Success: Pulled U2 to Seestadt at Donauspital. Delay: 30.0 seconds.
[2026-07-29T15:30:44.900+0000] {subprocess.py:93} INFO -   -> Success: Pulled U2 to Seestadt at Hausfeldstraße. Delay: 80.0 seconds.
[2026-07-29T15:30:44.900+0000] {subprocess.py:93} INFO -   -> Success: Pulled U2 to Seestadt at Donaustadtbrücke. Delay: 95.0 seconds.
[2026-07-29T15:30:44.900+0000] {subprocess.py:93} INFO -   -> Success: Pulled U2 to Seestadt at Aspernstraße. Delay: 34.0 seconds.
[2026-07-29T15:30:44.901+0000] {subprocess.py:93} INFO -   -> Success: Pulled U2 to Seestadt at Stadlau. Delay: 72.0 seconds.
[2026-07-29T15:30:44.901+0000] {subprocess.py:93} INFO -   -> Success: Pulled U4 to Landstraße at Ober St. Veit. Delay: 19.0 seconds.
[2026-07-29T15:30:44.901+0000] {subprocess.py:93} INFO -   -> Success: Pulled U4 to Landstraße at Unter St. Veit. Delay: 0.0 seconds.
[2026-07-29T15:30:44.901+0000] {subprocess.py:93} INFO -   -> Success: Pulled U4 to Landstraße at Braunschweiggasse. Delay: -15.0 seconds.
[2026-07-29T15:30:44.901+0000] {subprocess.py:93} INFO -   -> Success: Pulled U4 to Landstraße at Hütteldorf. Delay: 0.0 seconds.
[2026-07-29T15:30:44.901+0000] {subprocess.py:93} INFO -   -> Success: Pulled U4 to Landstraße at Hietzing. Delay: 35.0 seconds.
[2026-07-29T15:30:44.901+0000] {subprocess.py:93} INFO -   -> Success: Pulled U4 to Schwedenplatz at Roßauer Lände. Delay: 79.0 seconds.
[2026-07-29T15:30:44.902+0000] {subprocess.py:93} INFO -   -> Success: Pulled U4 to Schwedenplatz at Schottenring. Delay: 62.0 seconds.
[2026-07-29T15:30:44.902+0000] {subprocess.py:93} INFO -   -> Success: Pulled U4 to Schwedenplatz at Friedensbrücke. Delay: 38.0 seconds.
[2026-07-29T15:30:44.902+0000] {subprocess.py:93} INFO -   -> Success: Pulled U4 to Schwedenplatz at Heiligenstadt. Delay: 0.0 seconds.
[2026-07-29T15:30:44.902+0000] {subprocess.py:93} INFO -   -> Success: Pulled U4 to Landstraße at Margaretengürtel. Delay: -11.0 seconds.
[2026-07-29T15:30:44.902+0000] {subprocess.py:93} INFO -   -> Success: Pulled U4 to Landstraße at Schönbrunn. Delay: -41.0 seconds.
[2026-07-29T15:30:51.742+0000] {subprocess.py:93} INFO -   -> Success: Pulled U4 to Heiligenstadt at Schottenring. Delay: -11.0 seconds.
[2026-07-29T15:30:51.743+0000] {subprocess.py:93} INFO -   -> Success: Pulled U4 to Landstraße at Stadtpark. Delay: -43.0 seconds.
[2026-07-29T15:30:51.743+0000] {subprocess.py:93} INFO -   -> Success: Pulled U4 to Landstraße at Meidling, Hauptstraße. Delay: -58.0 seconds.
[2026-07-29T15:30:51.744+0000] {subprocess.py:93} INFO -   -> Success: Pulled U4 to Landstraße at Pilgramgasse. Delay: -56.0 seconds.
[2026-07-29T15:30:51.744+0000] {subprocess.py:93} INFO -   -> Success: Pulled U4 to Heiligenstadt at Roßauer Lände. Delay: 32.0 seconds.
[2026-07-29T15:30:51.745+0000] {subprocess.py:93} INFO -   -> Success: Pulled U4 to Landstraße at Kettenbrückengasse. Delay: -36.0 seconds.
[2026-07-29T15:30:51.746+0000] {subprocess.py:93} INFO -   -> Success: Pulled U4 to Heiligenstadt at Friedensbrücke. Delay: 0.0 seconds.
[2026-07-29T15:30:51.746+0000] {subprocess.py:93} INFO -   -> Success: Pulled U4 to Heiligenstadt at Schwedenplatz. Delay: 0.0 seconds.
[2026-07-29T15:30:51.746+0000] {subprocess.py:93} INFO -   -> Success: Pulled U4 to Landstraße at Karlsplatz. Delay: -55.0 seconds.
[2026-07-29T15:30:51.747+0000] {subprocess.py:93} INFO -   -> Success: Pulled U4 to Hütteldorf at Unter St. Veit. Delay: -71.0 seconds.
[2026-07-29T15:30:51.747+0000] {subprocess.py:93} INFO -   -> Success: Pulled U4 to Hütteldorf at Pilgramgasse. Delay: 19.0 seconds.
[2026-07-29T15:30:51.747+0000] {subprocess.py:93} INFO -   -> Success: Pulled U4 to Hütteldorf at Stadtpark. Delay: -11.0 seconds.
[2026-07-29T15:30:51.748+0000] {subprocess.py:93} INFO -   -> Success: Pulled U4 to Hütteldorf at Meidling Hauptstraße. Delay: 19.0 seconds.
[2026-07-29T15:30:51.748+0000] {subprocess.py:93} INFO -   -> Success: Pulled U4 to Hütteldorf at Ober St. Veit. Delay: -101.0 seconds.
[2026-07-29T15:30:51.748+0000] {subprocess.py:93} INFO -   -> Success: Pulled U4 to Hütteldorf at Margaretengürtel. Delay: -37.0 seconds.
[2026-07-29T15:30:51.748+0000] {subprocess.py:93} INFO -   -> Success: Pulled U4 to Hütteldorf at Schönbrunn. Delay: -5.0 seconds.
[2026-07-29T15:30:51.749+0000] {subprocess.py:93} INFO -   -> Success: Pulled U4 to Hütteldorf at Karlsplatz. Delay: 0.0 seconds.
[2026-07-29T15:30:51.749+0000] {subprocess.py:93} INFO -   -> Success: Pulled U4 to Hütteldorf at Hietzing. Delay: -27.0 seconds.
[2026-07-29T15:30:51.749+0000] {subprocess.py:93} INFO -   -> Success: Pulled U4 to Hütteldorf at Landstraße. Delay: 0.0 seconds.
[2026-07-29T15:30:51.749+0000] {subprocess.py:93} INFO -   -> Success: Pulled U4 to Hütteldorf at Kettenbrückengasse. Delay: 0.0 seconds.
[2026-07-29T15:30:51.749+0000] {subprocess.py:93} INFO -   -> Success: Pulled U4 to Hütteldorf at Braunschweiggasse. Delay: -3.0 seconds.
[2026-07-29T15:30:51.750+0000] {subprocess.py:93} INFO -   -> Success: Pulled U4 to Hütteldorf at Landstraße. Delay: 0.0 seconds.
[2026-07-29T15:30:51.750+0000] {subprocess.py:93} INFO -   -> Success: Pulled U4 to Heiligenstadt at Spittelau. Delay: 20.0 seconds.
[2026-07-29T15:30:51.750+0000] {subprocess.py:93} INFO -   -> Success: Pulled U4 to Landstraße at Längenfeldgasse. Delay: -35.0 seconds.
[2026-07-29T15:30:51.750+0000] {subprocess.py:93} INFO -   -> Success: Pulled U4 to Schwedenplatz at Spittelau. Delay: 38.0 seconds.
[2026-07-29T15:30:51.750+0000] {subprocess.py:93} INFO -   -> Success: Pulled U4 to Hütteldorf at Längenfeldgasse. Delay: -69.0 seconds.
[2026-07-29T15:30:51.751+0000] {subprocess.py:93} INFO -   -> Success: Pulled U6 to Floridsdorf at Bahnhof Meidling. Delay: -70.0 seconds.
[2026-07-29T15:30:51.751+0000] {subprocess.py:93} INFO -   -> Success: Pulled U6 to Floridsdorf at Josefstädter Straße. Delay: 100.0 seconds.
[2026-07-29T15:30:51.751+0000] {subprocess.py:93} INFO -   -> Success: Pulled U6 to Floridsdorf at Längenfeldgasse. Delay: -20.0 seconds.
[2026-07-29T15:30:51.751+0000] {subprocess.py:93} INFO -   -> Success: Pulled U6 to Floridsdorf at Thaliastraße. Delay: 20.0 seconds.
[2026-07-29T15:30:51.751+0000] {subprocess.py:93} INFO -   -> Success: Pulled U6 to Floridsdorf at Westbahnhof. Delay: 0.0 seconds.
[2026-07-29T15:30:51.751+0000] {subprocess.py:93} INFO -   -> Success: Pulled U6 to Floridsdorf at Gumpendorfer Straße. Delay: -23.0 seconds.
[2026-07-29T15:30:51.752+0000] {subprocess.py:93} INFO -   -> Success: Pulled U6 to Floridsdorf at Niederhofstraße. Delay: -39.0 seconds.
[2026-07-29T15:30:51.752+0000] {subprocess.py:93} INFO -   -> Success: Pulled U6 to Floridsdorf at Burggasse - Stadthalle. Delay: 3.0 seconds.
[2026-07-29T15:30:51.752+0000] {subprocess.py:93} INFO -   -> Success: Pulled U6 to Siebenhirten at Michelbeuern - AKH. Delay: 320.0 seconds.
[2026-07-29T15:30:51.752+0000] {subprocess.py:93} INFO -   -> Success: Pulled U6 to Siebenhirten at Währinger Straße - Volksoper. Delay: 40.0 seconds.
[2026-07-29T15:30:51.752+0000] {subprocess.py:93} INFO -   -> Success: Pulled U6 to Siebenhirten at Westbahnhof. Delay: 100.0 seconds.
[2026-07-29T15:30:51.752+0000] {subprocess.py:93} INFO -   -> Success: Pulled U6 to Siebenhirten at Längenfeldgasse. Delay: 123.0 seconds.
[2026-07-29T15:30:51.753+0000] {subprocess.py:93} INFO -   -> Success: Pulled U6 to Siebenhirten at Alser Straße. Delay: 282.0 seconds.
[2026-07-29T15:30:51.753+0000] {subprocess.py:93} INFO -   -> Success: Pulled U6 to Siebenhirten at Gumpendorfer Straße. Delay: 97.0 seconds.
[2026-07-29T15:30:51.753+0000] {subprocess.py:93} INFO -   -> Success: Pulled U6 to Siebenhirten at Niederhofstraße. Delay: 126.0 seconds.
[2026-07-29T15:30:51.753+0000] {subprocess.py:93} INFO -   -> Success: Pulled U6 to Siebenhirten at Josefstädter Straße. Delay: 277.0 seconds.
[2026-07-29T15:30:51.753+0000] {subprocess.py:93} INFO -   -> Success: Pulled U6 to Siebenhirten at Nußdorfer Straße. Delay: 42.0 seconds.
[2026-07-29T15:30:51.753+0000] {subprocess.py:93} INFO -   -> Success: Pulled U6 to Siebenhirten at Thaliastraße. Delay: 259.0 seconds.
[2026-07-29T15:30:51.754+0000] {subprocess.py:93} INFO -   -> Success: Pulled U6 to Siebenhirten at Bahnhof Meidling. Delay: 125.0 seconds.
[2026-07-29T15:30:51.754+0000] {subprocess.py:93} INFO -   -> Success: Pulled U6 to Siebenhirten at Burggasse - Stadthalle. Delay: 239.0 seconds.
[2026-07-29T15:30:51.754+0000] {subprocess.py:93} INFO -   -> Success: Pulled U6 to Floridsdorf at Nußdorfer Straße. Delay: -55.0 seconds.
[2026-07-29T15:30:51.754+0000] {subprocess.py:93} INFO -   -> Success: Pulled U6 to Floridsdorf at Jägerstraße. Delay: -35.0 seconds.
[2026-07-29T15:30:51.754+0000] {subprocess.py:93} INFO -   -> Success: Pulled U6 to Floridsdorf at Dresdner Straße. Delay: 75.0 seconds.
[2026-07-29T15:30:51.754+0000] {subprocess.py:93} INFO -   -> Success: Pulled U6 to Floridsdorf at Am Schöpfwerk. Delay: -25.0 seconds.
[2026-07-29T15:30:51.755+0000] {subprocess.py:93} INFO -   -> Success: Pulled U6 to Floridsdorf at Erlaaer Straße. Delay: -8.0 seconds.
[2026-07-29T15:30:51.755+0000] {subprocess.py:93} INFO -   -> Success: Pulled U6 to Floridsdorf at Neue Donau. Delay: 140.0 seconds.
[2026-07-29T15:30:51.755+0000] {subprocess.py:93} INFO -   -> Success: Pulled U6 to Floridsdorf at Siebenhirten. Delay: 0.0 seconds.
[2026-07-29T15:30:51.755+0000] {subprocess.py:93} INFO -   -> Success: Pulled U6 to Floridsdorf at Handelskai. Delay: 52.0 seconds.
[2026-07-29T15:30:51.755+0000] {subprocess.py:93} INFO -   -> Success: Pulled U6 to Floridsdorf at Spittelau. Delay: -52.0 seconds.
[2026-07-29T15:30:51.755+0000] {subprocess.py:93} INFO -   -> Success: Pulled U6 to Floridsdorf at Alser Straße. Delay: 110.0 seconds.
[2026-07-29T15:30:51.755+0000] {subprocess.py:93} INFO -   -> Success: Pulled U6 to Floridsdorf at Tscherttegasse. Delay: -33.0 seconds.
[2026-07-29T15:30:51.756+0000] {subprocess.py:93} INFO -   -> Success: Pulled U6 to Floridsdorf at Alterlaa. Delay: 0.0 seconds.
[2026-07-29T15:30:51.756+0000] {subprocess.py:93} INFO -   -> Success: Pulled U6 to Floridsdorf at Perfektastraße. Delay: 0.0 seconds.
[2026-07-29T15:30:51.756+0000] {subprocess.py:93} INFO -   -> Success: Pulled U6 to Floridsdorf at Michelbeuern - AKH. Delay: 110.0 seconds.
[2026-07-29T15:30:51.756+0000] {subprocess.py:93} INFO -   -> Success: Pulled U6 to Floridsdorf at Währinger Straße - Volksoper. Delay: 108.0 seconds.
[2026-07-29T15:30:51.756+0000] {subprocess.py:93} INFO -   -> Success: Pulled U6 to Siebenhirten at Perfektastraße. Delay: 205.0 seconds.
[2026-07-29T15:30:51.756+0000] {subprocess.py:93} INFO -   -> Success: Pulled U6 to Siebenhirten at Erlaaer Straße. Delay: 125.0 seconds.
[2026-07-29T15:30:51.757+0000] {subprocess.py:93} INFO -   -> Success: Pulled U6 to Siebenhirten at Alterlaa. Delay: 15.0 seconds.
[2026-07-29T15:30:51.757+0000] {subprocess.py:93} INFO -   -> Success: Pulled U6 to Siebenhirten at Neue Donau. Delay: 0.0 seconds.
[2026-07-29T15:30:51.757+0000] {subprocess.py:93} INFO -   -> Success: Pulled U6 to Siebenhirten at Tscherttegasse. Delay: 44.0 seconds.
[2026-07-29T15:30:51.757+0000] {subprocess.py:93} INFO -   -> Success: Pulled U6 to Siebenhirten at Am Schöpfwerk. Delay: 25.0 seconds.
[2026-07-29T15:30:51.757+0000] {subprocess.py:93} INFO -   -> Success: Pulled U6 to Siebenhirten at Handelskai. Delay: 0.0 seconds.
[2026-07-29T15:30:51.757+0000] {subprocess.py:93} INFO -   -> Success: Pulled U6 to Siebenhirten at Floridsdorf. Delay: 0.0 seconds.
[2026-07-29T15:30:51.757+0000] {subprocess.py:93} INFO -   -> Success: Pulled U3 to Simmering at Landstraße. Delay: 6.0 seconds.
[2026-07-29T15:30:51.758+0000] {subprocess.py:93} INFO -   -> Success: Pulled U3 to Simmering at Stephansplatz. Delay: -74.0 seconds.
[2026-07-29T15:30:51.758+0000] {subprocess.py:93} INFO -   -> Success: Pulled U3 to Simmering at Westbahnhof. Delay: 0.0 seconds.
[2026-07-29T15:30:51.758+0000] {subprocess.py:93} INFO -   -> Success: Pulled U3 to Simmering at Erdberg. Delay: -40.0 seconds.
[2026-07-29T15:30:51.758+0000] {subprocess.py:93} INFO -   -> Success: Pulled U3 to Simmering at Stubentor. Delay: -70.0 seconds.
[2026-07-29T15:30:51.758+0000] {subprocess.py:93} INFO -   -> Success: Pulled U3 to Simmering at Rochusgasse. Delay: -11.0 seconds.
[2026-07-29T15:30:51.758+0000] {subprocess.py:93} INFO -   -> Success: Pulled U3 to Simmering at Volkstheater. Delay: -28.0 seconds.
[2026-07-29T15:30:51.758+0000] {subprocess.py:93} INFO -   -> Success: Pulled U3 to Simmering at Kardinal-Nagl-Platz. Delay: -23.0 seconds.
[2026-07-29T15:30:51.759+0000] {subprocess.py:93} INFO -   -> Success: Pulled U3 to Simmering at Herrengasse. Delay: -49.0 seconds.
[2026-07-29T15:30:51.759+0000] {subprocess.py:93} INFO -   -> Success: Pulled U3 to Simmering at Schlachthausgasse. Delay: -11.0 seconds.
[2026-07-29T15:30:51.759+0000] {subprocess.py:93} INFO -   -> Success: Pulled U3 to Simmering at Westbahnhof. Delay: 0.0 seconds.
[2026-07-29T15:30:51.759+0000] {subprocess.py:93} INFO -   -> Success: Pulled U3 to Westbahnhof at Schlachthausgasse. Delay: 36.0 seconds.
[2026-07-29T15:30:51.759+0000] {subprocess.py:93} INFO -   -> Success: Pulled U3 to Westbahnhof at Neubaugasse. Delay: 6.0 seconds.
[2026-07-29T15:30:51.759+0000] {subprocess.py:93} INFO -   -> Success: Pulled U3 to Westbahnhof at Herrengasse. Delay: 46.0 seconds.
[2026-07-29T15:30:51.759+0000] {subprocess.py:93} INFO -   -> Success: Pulled U3 to Westbahnhof at Landstraße. Delay: 26.0 seconds.
[2026-07-29T15:30:51.760+0000] {subprocess.py:93} INFO -   -> Success: Pulled U3 to Westbahnhof at Zieglergasse. Delay: -4.0 seconds.
[2026-07-29T15:30:51.760+0000] {subprocess.py:93} INFO -   -> Success: Pulled U3 to Westbahnhof at Kardinal-Nagl-Platz. Delay: 38.0 seconds.
[2026-07-29T15:30:51.760+0000] {subprocess.py:93} INFO -   -> Success: Pulled U3 to Westbahnhof at Volkstheater. Delay: 0.0 seconds.
[2026-07-29T15:30:51.760+0000] {subprocess.py:93} INFO -   -> Success: Pulled U3 to Westbahnhof at Stubentor. Delay: 29.0 seconds.
[2026-07-29T15:30:51.760+0000] {subprocess.py:93} INFO -   -> Success: Pulled U3 to Westbahnhof at Erdberg. Delay: 0.0 seconds.
[2026-07-29T15:30:51.760+0000] {subprocess.py:93} INFO -   -> Success: Pulled U3 to Westbahnhof at Rochusgasse. Delay: 39.0 seconds.
[2026-07-29T15:30:51.760+0000] {subprocess.py:93} INFO -   -> Success: Pulled U3 to Westbahnhof at Stephansplatz. Delay: 46.0 seconds.
[2026-07-29T15:30:51.761+0000] {subprocess.py:93} INFO -   -> Success: Pulled U6 to Siebenhirten at Jägerstraße. Delay: 86.0 seconds.
[2026-07-29T15:30:51.761+0000] {subprocess.py:93} INFO -   -> Success: Pulled U6 to Siebenhirten at Dresdner Straße. Delay: 6.0 seconds.
[2026-07-29T15:30:51.761+0000] {subprocess.py:93} INFO -   -> Success: Pulled U6 to Siebenhirten at Spittelau. Delay: 43.0 seconds.
[2026-07-29T15:30:51.761+0000] {subprocess.py:93} INFO -   -> Success: Pulled U3 to Simmering at Neubaugasse. Delay: -4.0 seconds.
[2026-07-29T15:30:51.761+0000] {subprocess.py:93} INFO -   -> Success: Pulled U3 to Simmering at Gasometer. Delay: 46.0 seconds.
[2026-07-29T15:30:51.761+0000] {subprocess.py:93} INFO -   -> Success: Pulled U3 to Hütteldorfer Straße at Kendlerstraße. Delay: -64.0 seconds.
[2026-07-29T15:30:51.761+0000] {subprocess.py:93} INFO -   -> Success: Pulled U3 to Simmering at Zippererstraße. Delay: 48.0 seconds.
[2026-07-29T15:30:51.761+0000] {subprocess.py:93} INFO -   -> Success: Pulled U3 to Simmering at Zieglergasse. Delay: 0.0 seconds.
[2026-07-29T15:30:51.762+0000] {subprocess.py:93} INFO -   -> Success: Pulled U3 to Simmering at Enkplatz. Delay: 35.0 seconds.
[2026-07-29T15:30:51.762+0000] {subprocess.py:93} INFO -   -> Success: Pulled U3 to Simmering at Ottakring. Delay: None seconds.
[2026-07-29T15:30:51.762+0000] {subprocess.py:93} INFO -   -> Success: Pulled U3 to Hütteldorfer Straße at Kendlerstraße. Delay: 0.0 seconds.
[2026-07-29T15:30:51.762+0000] {subprocess.py:93} INFO -   -> Success: Pulled U3 to Hütteldorfer Straße at Ottakring. Delay: 0.0 seconds.
[2026-07-29T15:30:51.762+0000] {subprocess.py:93} INFO -   -> Success: Pulled U3 to Ottakring at Hütteldorfer Straße. Delay: 26.0 seconds.
[2026-07-29T15:31:10.375+0000] {subprocess.py:93} INFO -   -> Success: Pulled U3 to Westbahnhof at Gasometer. Delay: -14.0 seconds.
[2026-07-29T15:31:10.377+0000] {subprocess.py:93} INFO -   -> Success: Pulled U3 to Westbahnhof at Simmering. Delay: 0.0 seconds.
[2026-07-29T15:31:10.378+0000] {subprocess.py:93} INFO -   -> Success: Pulled U3 to Ottakring at Kendlerstraße. Delay: 0.0 seconds.
[2026-07-29T15:31:10.378+0000] {subprocess.py:93} INFO -   -> Success: Pulled U3 to Westbahnhof at Enkplatz. Delay: 0.0 seconds.
[2026-07-29T15:31:10.379+0000] {subprocess.py:93} INFO -   -> Success: Pulled U3 to Westbahnhof at Zippererstraße. Delay: 0.0 seconds.
[2026-07-29T15:31:10.379+0000] {subprocess.py:93} INFO -   -> Success: Pulled U3 to Ottakring at Hütteldorfer Straße. Delay: 0.0 seconds.
[2026-07-29T15:31:10.379+0000] {subprocess.py:93} INFO -   -> Success: Pulled U3 to Ottakring at Kendlerstraße. Delay: 0.0 seconds.
[2026-07-29T15:31:10.380+0000] {subprocess.py:93} INFO - 
[2026-07-29T15:31:10.380+0000] {subprocess.py:93} INFO - Fetching Live Weather Data for Wien Jubiläumswarte (Station ID: 11044)...
[2026-07-29T15:31:10.381+0000] {subprocess.py:93} INFO -   -> Success: Wien Jubiläumswarte Temp: 32.2°C, Precip: 0.0mm, Wind: 17.6km/h.
[2026-07-29T15:31:10.381+0000] {subprocess.py:93} INFO - 
[2026-07-29T15:31:10.381+0000] {subprocess.py:93} INFO - Fetching Live Weather Data for Wien-Unterlaa (Station ID: 11040)...
[2026-07-29T15:31:10.382+0000] {subprocess.py:93} INFO -   -> Success: Wien-Unterlaa Temp: 33.2°C, Precip: 0.0mm, Wind: 25.0km/h.
[2026-07-29T15:31:10.382+0000] {subprocess.py:93} INFO - 
[2026-07-29T15:31:10.382+0000] {subprocess.py:93} INFO - Fetching Live Weather Data for Wien Hohe Warte (Station ID: 11035)...
[2026-07-29T15:31:10.383+0000] {subprocess.py:93} INFO -     [Warning] Request failed (Attempt 1/3) for URL: https://api.open-meteo.com/v1/forecast?latitude=48.249&longitude=16.356&current=temperature_2m,precipitation,wind_speed_10m,wind_gusts_10m,relative_humidity_2m,snow_depth,visibility. Error: HTTPSConnectionPool(host='api.open-meteo.com', port=443): Read timed out. (read timeout=10)
[2026-07-29T15:31:10.383+0000] {subprocess.py:93} INFO -   -> Success: Wien Hohe Warte Temp: 33.6°C, Precip: 0.0mm, Wind: 21.6km/h.
[2026-07-29T15:31:10.384+0000] {subprocess.py:93} INFO - 
[2026-07-29T15:31:10.384+0000] {subprocess.py:93} INFO - Fetching Live Weather Data for Wien Innere Stadt (Station ID: 11034)...
[2026-07-29T15:31:10.384+0000] {subprocess.py:93} INFO -   -> Success: Wien Innere Stadt Temp: 33.8°C, Precip: 0.0mm, Wind: 19.4km/h.
[2026-07-29T15:31:10.384+0000] {subprocess.py:93} INFO - 
[2026-07-29T15:31:10.385+0000] {subprocess.py:93} INFO - Fetching Live Weather Data for Wien-Donaufeld (Station ID: 11090)...
[2026-07-29T15:31:10.385+0000] {subprocess.py:93} INFO -   -> Success: Wien-Donaufeld Temp: 33.7°C, Precip: 0.0mm, Wind: 21.1km/h.
[2026-07-29T15:31:10.385+0000] {subprocess.py:93} INFO - 
[2026-07-29T15:31:10.385+0000] {subprocess.py:93} INFO - Fetching Live Weather Data for Wien-Mariabrunn (Station ID: 11080)...
[2026-07-29T15:31:10.386+0000] {subprocess.py:93} INFO -   -> Success: Wien-Mariabrunn Temp: 33.5°C, Precip: 0.0mm, Wind: 13.8km/h.
[2026-07-29T15:31:10.386+0000] {subprocess.py:93} INFO - 
[2026-07-29T15:31:10.386+0000] {subprocess.py:93} INFO - Pipeline Health Monitoring Summary
[2026-07-29T15:31:10.386+0000] {subprocess.py:93} INFO - Stations Attempted : 222
[2026-07-29T15:31:10.386+0000] {subprocess.py:93} INFO - Stations Succeeded : 208
[2026-07-29T15:31:10.387+0000] {subprocess.py:93} INFO - Stations Failed    : 14
[2026-07-29T15:31:10.387+0000] {subprocess.py:93} INFO - 
[2026-07-29T15:31:10.387+0000] {subprocess.py:93} INFO - Starting BigQuery Upload...
[2026-07-29T15:31:10.387+0000] {subprocess.py:93} INFO -  -> Uploading 208 rows to raw_transit...
[2026-07-29T15:31:10.387+0000] {subprocess.py:93} INFO -     Done.
[2026-07-29T15:31:10.388+0000] {subprocess.py:93} INFO -  -> Uploading 6 rows to raw_weather...
[2026-07-29T15:31:10.388+0000] {subprocess.py:93} INFO -     Done.
[2026-07-29T15:31:10.388+0000] {subprocess.py:93} INFO - 
[2026-07-29T15:31:10.388+0000] {subprocess.py:93} INFO - Full-network pipeline execution complete.
[2026-07-29T15:31:10.457+0000] {subprocess.py:97} INFO - Command exited with return code 0
[2026-07-29T15:31:10.469+0000] {taskinstance.py:340} INFO - ::group::Post task execution logs
[2026-07-29T15:31:10.469+0000] {taskinstance.py:352} INFO - Marking task as SUCCESS. dag_id=vienna_mobility_weather_pipeline, task_id=extract_and_load_api_data, run_id=scheduled__2026-07-28T00:00:00+00:00, execution_date=20260728T000000, start_date=20260729T153031, end_date=20260729T153110
[2026-07-29T15:31:10.473+0000] {logging_mixin.py:190} INFO - Task instance in success state
[2026-07-29T15:31:10.473+0000] {logging_mixin.py:190} INFO -  Previous state of the Task instance: running
[2026-07-29T15:31:10.473+0000] {logging_mixin.py:190} INFO - Dag name:vienna_mobility_weather_pipeline queued_at:2026-07-29 15:30:31.383971+00:00
[2026-07-29T15:31:10.473+0000] {logging_mixin.py:190} INFO - Task hostname:***-worker operator:BashOperator
[2026-07-29T15:31:10.509+0000] {local_task_job_runner.py:261} INFO - Task exited with return code 0
[2026-07-29T15:31:10.518+0000] {taskinstance.py:3891} INFO - 1 downstream tasks scheduled from follow-on schedule check
[2026-07-29T15:31:10.519+0000] {local_task_job_runner.py:240} INFO - ::endgroup::
