[2026-07-29T18:54:27.990+0000] {local_task_job_runner.py:123} INFO - ::group::Pre task execution logs
[2026-07-29T18:54:27.995+0000] {taskinstance.py:2603} INFO - Dependencies all met for dep_context=non-requeueable deps ti=<TaskInstance: ecommerce_dbt_transformation.run_dbt_models manual__2026-07-29T18:54:26.817901+00:00 [queued]>
[2026-07-29T18:54:27.998+0000] {taskinstance.py:2603} INFO - Dependencies all met for dep_context=requeueable deps ti=<TaskInstance: ecommerce_dbt_transformation.run_dbt_models manual__2026-07-29T18:54:26.817901+00:00 [queued]>
[2026-07-29T18:54:27.998+0000] {taskinstance.py:2856} INFO - Starting attempt 1 of 3
[2026-07-29T18:54:28.002+0000] {taskinstance.py:2879} INFO - Executing <Task(BashOperator): run_dbt_models> on 2026-07-29 18:54:26.817901+00:00
[2026-07-29T18:54:28.005+0000] {warnings.py:112} WARNING - /home/***/.local/lib/python3.12/site-packages/***/task/task_runner/standard_task_runner.py:70: DeprecationWarning: This process (pid=3233) is multi-threaded, use of fork() may lead to deadlocks in the child.
  pid = os.fork()

[2026-07-29T18:54:28.006+0000] {standard_task_runner.py:72} INFO - Started process 3235 to run task
[2026-07-29T18:54:28.006+0000] {standard_task_runner.py:104} INFO - Running: ['***', 'tasks', 'run', 'ecommerce_dbt_transformation', 'run_dbt_models', 'manual__2026-07-29T18:54:26.817901+00:00', '--job-id', '17', '--raw', '--subdir', 'DAGS_FOLDER/dbt_orchestrator.py', '--cfg-path', '/tmp/tmpg90imd6d']
[2026-07-29T18:54:28.007+0000] {standard_task_runner.py:105} INFO - Job 17: Subtask run_dbt_models
[2026-07-29T18:54:28.026+0000] {task_command.py:467} INFO - Running <TaskInstance: ecommerce_dbt_transformation.run_dbt_models manual__2026-07-29T18:54:26.817901+00:00 [running]> on host ***-worker
[2026-07-29T18:54:28.059+0000] {taskinstance.py:3122} INFO - Exporting env vars: AIRFLOW_CTX_DAG_OWNER='data_engineer' AIRFLOW_CTX_DAG_ID='ecommerce_dbt_transformation' AIRFLOW_CTX_TASK_ID='run_dbt_models' AIRFLOW_CTX_EXECUTION_DATE='2026-07-29T18:54:26.817901+00:00' AIRFLOW_CTX_TRY_NUMBER='1' AIRFLOW_CTX_DAG_RUN_ID='manual__2026-07-29T18:54:26.817901+00:00'
[2026-07-29T18:54:28.060+0000] {logging_mixin.py:190} INFO - Task instance is in running state
[2026-07-29T18:54:28.060+0000] {logging_mixin.py:190} INFO -  Previous state of the Task instance: queued
[2026-07-29T18:54:28.060+0000] {logging_mixin.py:190} INFO - Current task name:run_dbt_models state:running start_date:2026-07-29 18:54:27.995754+00:00
[2026-07-29T18:54:28.060+0000] {logging_mixin.py:190} INFO - Dag name:ecommerce_dbt_transformation and current dag run status:running
[2026-07-29T18:54:28.061+0000] {taskinstance.py:731} INFO - ::endgroup::
[2026-07-29T18:54:28.061+0000] {subprocess.py:63} INFO - Tmp dir root location: /tmp
[2026-07-29T18:54:28.062+0000] {subprocess.py:75} INFO - Running command: ['/usr/bin/bash', '-c', 'python3 -m venv /opt/***/dbt_ecommerce_venv && source /opt/***/dbt_ecommerce_venv/bin/activate && pip install --no-cache-dir dbt-snowflake && cd /opt/***/dbt_ecommerce && dbt deps --profiles-dir . && dbt run --profiles-dir . && dbt test --profiles-dir .']
[2026-07-29T18:54:28.066+0000] {subprocess.py:86} INFO - Output:
[2026-07-29T18:54:29.503+0000] {subprocess.py:93} INFO - Requirement already satisfied: dbt-snowflake in /opt/***/dbt_ecommerce_venv/lib/python3.12/site-packages (1.12.0)
[2026-07-29T18:54:29.504+0000] {subprocess.py:93} INFO - Requirement already satisfied: agate in /opt/***/dbt_ecommerce_venv/lib/python3.12/site-packages (from dbt-snowflake) (1.9.1)
[2026-07-29T18:54:29.504+0000] {subprocess.py:93} INFO - Requirement already satisfied: certifi<2025.4.26 in /opt/***/dbt_ecommerce_venv/lib/python3.12/site-packages (from dbt-snowflake) (2025.1.31)
[2026-07-29T18:54:29.504+0000] {subprocess.py:93} INFO - Requirement already satisfied: dbt-adapters<2.0,>=1.24.4 in /opt/***/dbt_ecommerce_venv/lib/python3.12/site-packages (from dbt-snowflake) (1.24.5)
[2026-07-29T18:54:29.505+0000] {subprocess.py:93} INFO - Requirement already satisfied: dbt-common<2.0,>=1.10 in /opt/***/dbt_ecommerce_venv/lib/python3.12/site-packages (from dbt-snowflake) (1.38.0)
[2026-07-29T18:54:29.505+0000] {subprocess.py:93} INFO - Requirement already satisfied: dbt-core<2.0,>=1.10.0rc0 in /opt/***/dbt_ecommerce_venv/lib/python3.12/site-packages (from dbt-snowflake) (1.12.0)
[2026-07-29T18:54:29.505+0000] {subprocess.py:93} INFO - Requirement already satisfied: snowflake-connector-python<5.0.0,>=4.2.0 in /opt/***/dbt_ecommerce_venv/lib/python3.12/site-packages (from snowflake-connector-python[secure-local-storage]<5.0.0,>=4.2.0->dbt-snowflake) (4.7.1)
[2026-07-29T18:54:29.506+0000] {subprocess.py:93} INFO - Requirement already satisfied: dbt-protos<2.0,>=1.0.291 in /opt/***/dbt_ecommerce_venv/lib/python3.12/site-packages (from dbt-adapters<2.0,>=1.24.4->dbt-snowflake) (1.0.541)
[2026-07-29T18:54:29.506+0000] {subprocess.py:93} INFO - Requirement already satisfied: mashumaro<3.18,>=3.9 in /opt/***/dbt_ecommerce_venv/lib/python3.12/site-packages (from mashumaro[msgpack]<3.18,>=3.9->dbt-adapters<2.0,>=1.24.4->dbt-snowflake) (3.17)
[2026-07-29T18:54:29.506+0000] {subprocess.py:93} INFO - Requirement already satisfied: protobuf<7.0,>=6.0 in /opt/***/dbt_ecommerce_venv/lib/python3.12/site-packages (from dbt-adapters<2.0,>=1.24.4->dbt-snowflake) (6.33.6)
[2026-07-29T18:54:29.506+0000] {subprocess.py:93} INFO - Requirement already satisfied: pytz>=2015.7 in /opt/***/dbt_ecommerce_venv/lib/python3.12/site-packages (from dbt-adapters<2.0,>=1.24.4->dbt-snowflake) (2026.3.post1)
[2026-07-29T18:54:29.506+0000] {subprocess.py:93} INFO - Requirement already satisfied: typing-extensions<5.0,>=4.0 in /opt/***/dbt_ecommerce_venv/lib/python3.12/site-packages (from dbt-adapters<2.0,>=1.24.4->dbt-snowflake) (4.16.0)
[2026-07-29T18:54:29.508+0000] {subprocess.py:93} INFO - Requirement already satisfied: Babel>=2.0 in /opt/***/dbt_ecommerce_venv/lib/python3.12/site-packages (from agate->dbt-snowflake) (2.18.0)
[2026-07-29T18:54:29.508+0000] {subprocess.py:93} INFO - Requirement already satisfied: isodate>=0.5.4 in /opt/***/dbt_ecommerce_venv/lib/python3.12/site-packages (from agate->dbt-snowflake) (0.7.2)
[2026-07-29T18:54:29.508+0000] {subprocess.py:93} INFO - Requirement already satisfied: leather>=0.3.2 in /opt/***/dbt_ecommerce_venv/lib/python3.12/site-packages (from agate->dbt-snowflake) (0.4.1)
[2026-07-29T18:54:29.508+0000] {subprocess.py:93} INFO - Requirement already satisfied: parsedatetime!=2.5,>=2.1 in /opt/***/dbt_ecommerce_venv/lib/python3.12/site-packages (from agate->dbt-snowflake) (2.6)
[2026-07-29T18:54:29.508+0000] {subprocess.py:93} INFO - Requirement already satisfied: python-slugify>=1.2.1 in /opt/***/dbt_ecommerce_venv/lib/python3.12/site-packages (from agate->dbt-snowflake) (8.0.4)
[2026-07-29T18:54:29.508+0000] {subprocess.py:93} INFO - Requirement already satisfied: pytimeparse>=1.1.5 in /opt/***/dbt_ecommerce_venv/lib/python3.12/site-packages (from agate->dbt-snowflake) (1.1.8)
[2026-07-29T18:54:29.510+0000] {subprocess.py:93} INFO - Requirement already satisfied: colorama<0.5,>=0.3.9 in /opt/***/dbt_ecommerce_venv/lib/python3.12/site-packages (from dbt-common<2.0,>=1.10->dbt-snowflake) (0.4.6)
[2026-07-29T18:54:29.510+0000] {subprocess.py:93} INFO - Requirement already satisfied: deepdiff<9.0,>=7.0 in /opt/***/dbt_ecommerce_venv/lib/python3.12/site-packages (from dbt-common<2.0,>=1.10->dbt-snowflake) (8.6.2)
[2026-07-29T18:54:29.510+0000] {subprocess.py:93} INFO - Requirement already satisfied: jinja2<4,>=3.1.3 in /opt/***/dbt_ecommerce_venv/lib/python3.12/site-packages (from dbt-common<2.0,>=1.10->dbt-snowflake) (3.1.6)
[2026-07-29T18:54:29.510+0000] {subprocess.py:93} INFO - Requirement already satisfied: jsonschema<5.0,>=4.0 in /opt/***/dbt_ecommerce_venv/lib/python3.12/site-packages (from dbt-common<2.0,>=1.10->dbt-snowflake) (4.26.0)
[2026-07-29T18:54:29.511+0000] {subprocess.py:93} INFO - Requirement already satisfied: pathspec<1.1,>=0.9 in /opt/***/dbt_ecommerce_venv/lib/python3.12/site-packages (from dbt-common<2.0,>=1.10->dbt-snowflake) (1.0.4)
[2026-07-29T18:54:29.511+0000] {subprocess.py:93} INFO - Requirement already satisfied: python-dateutil<3.0,>=2.0 in /opt/***/dbt_ecommerce_venv/lib/python3.12/site-packages (from dbt-common<2.0,>=1.10->dbt-snowflake) (2.9.0.post0)
[2026-07-29T18:54:29.511+0000] {subprocess.py:93} INFO - Requirement already satisfied: requests<3.0.0 in /opt/***/dbt_ecommerce_venv/lib/python3.12/site-packages (from dbt-common<2.0,>=1.10->dbt-snowflake) (2.34.2)
[2026-07-29T18:54:29.512+0000] {subprocess.py:93} INFO - Requirement already satisfied: click<9.0,>=8.3.0 in /opt/***/dbt_ecommerce_venv/lib/python3.12/site-packages (from dbt-core<2.0,>=1.10.0rc0->dbt-snowflake) (8.4.2)
[2026-07-29T18:54:29.512+0000] {subprocess.py:93} INFO - Requirement already satisfied: daff>=1.3.46 in /opt/***/dbt_ecommerce_venv/lib/python3.12/site-packages (from dbt-core<2.0,>=1.10.0rc0->dbt-snowflake) (1.4.2)
[2026-07-29T18:54:29.512+0000] {subprocess.py:93} INFO - Requirement already satisfied: dbt-core-experimental-parser<3,>=2.0.0a4 in /opt/***/dbt_ecommerce_venv/lib/python3.12/site-packages (from dbt-core<2.0,>=1.10.0rc0->dbt-snowflake) (2.0.0a5)
[2026-07-29T18:54:29.512+0000] {subprocess.py:93} INFO - Requirement already satisfied: dbt-extractor<=0.6,>=0.5.0 in /opt/***/dbt_ecommerce_venv/lib/python3.12/site-packages (from dbt-core<2.0,>=1.10.0rc0->dbt-snowflake) (0.6.0)
[2026-07-29T18:54:29.513+0000] {subprocess.py:93} INFO - Requirement already satisfied: metricflow<1.0,>=0.211.0 in /opt/***/dbt_ecommerce_venv/lib/python3.12/site-packages (from dbt-core<2.0,>=1.10.0rc0->dbt-snowflake) (0.211.0)
[2026-07-29T18:54:29.513+0000] {subprocess.py:93} INFO - Requirement already satisfied: networkx<4.0,>=2.3 in /opt/***/dbt_ecommerce_venv/lib/python3.12/site-packages (from dbt-core<2.0,>=1.10.0rc0->dbt-snowflake) (3.6.1)
[2026-07-29T18:54:29.513+0000] {subprocess.py:93} INFO - Requirement already satisfied: packaging>20.9 in /opt/***/dbt_ecommerce_venv/lib/python3.12/site-packages (from dbt-core<2.0,>=1.10.0rc0->dbt-snowflake) (26.2)
[2026-07-29T18:54:29.513+0000] {subprocess.py:93} INFO - Requirement already satisfied: pydantic<3 in /opt/***/dbt_ecommerce_venv/lib/python3.12/site-packages (from dbt-core<2.0,>=1.10.0rc0->dbt-snowflake) (2.13.4)
[2026-07-29T18:54:29.513+0000] {subprocess.py:93} INFO - Requirement already satisfied: python-dotenv>=1.2 in /opt/***/dbt_ecommerce_venv/lib/python3.12/site-packages (from dbt-core<2.0,>=1.10.0rc0->dbt-snowflake) (1.2.2)
[2026-07-29T18:54:29.513+0000] {subprocess.py:93} INFO - Requirement already satisfied: pyyaml>=6.0 in /opt/***/dbt_ecommerce_venv/lib/python3.12/site-packages (from dbt-core<2.0,>=1.10.0rc0->dbt-snowflake) (6.0.3)
[2026-07-29T18:54:29.514+0000] {subprocess.py:93} INFO - Requirement already satisfied: snowplow-tracker<2.0,>=1.0.2 in /opt/***/dbt_ecommerce_venv/lib/python3.12/site-packages (from dbt-core<2.0,>=1.10.0rc0->dbt-snowflake) (1.1.0)
[2026-07-29T18:54:29.514+0000] {subprocess.py:93} INFO - Requirement already satisfied: sqlparse<0.6.0,>=0.5.5 in /opt/***/dbt_ecommerce_venv/lib/python3.12/site-packages (from dbt-core<2.0,>=1.10.0rc0->dbt-snowflake) (0.5.5)
[2026-07-29T18:54:29.516+0000] {subprocess.py:93} INFO - Requirement already satisfied: asn1crypto<2.0.0,>0.24.0 in /opt/***/dbt_ecommerce_venv/lib/python3.12/site-packages (from snowflake-connector-python<5.0.0,>=4.2.0->snowflake-connector-python[secure-local-storage]<5.0.0,>=4.2.0->dbt-snowflake) (1.5.1)
[2026-07-29T18:54:29.516+0000] {subprocess.py:93} INFO - Requirement already satisfied: cryptography>=46.0.5 in /opt/***/dbt_ecommerce_venv/lib/python3.12/site-packages (from snowflake-connector-python<5.0.0,>=4.2.0->snowflake-connector-python[secure-local-storage]<5.0.0,>=4.2.0->dbt-snowflake) (49.0.0)
[2026-07-29T18:54:29.516+0000] {subprocess.py:93} INFO - Requirement already satisfied: pyOpenSSL>=24.0.0 in /opt/***/dbt_ecommerce_venv/lib/python3.12/site-packages (from snowflake-connector-python<5.0.0,>=4.2.0->snowflake-connector-python[secure-local-storage]<5.0.0,>=4.2.0->dbt-snowflake) (26.3.0)
[2026-07-29T18:54:29.516+0000] {subprocess.py:93} INFO - Requirement already satisfied: pyjwt<3.0.0,>=2.10.1 in /opt/***/dbt_ecommerce_venv/lib/python3.12/site-packages (from snowflake-connector-python<5.0.0,>=4.2.0->snowflake-connector-python[secure-local-storage]<5.0.0,>=4.2.0->dbt-snowflake) (2.13.0)
[2026-07-29T18:54:29.516+0000] {subprocess.py:93} INFO - Requirement already satisfied: charset_normalizer<4,>=2 in /opt/***/dbt_ecommerce_venv/lib/python3.12/site-packages (from snowflake-connector-python<5.0.0,>=4.2.0->snowflake-connector-python[secure-local-storage]<5.0.0,>=4.2.0->dbt-snowflake) (3.4.9)
[2026-07-29T18:54:29.517+0000] {subprocess.py:93} INFO - Requirement already satisfied: idna<4,>=3.7 in /opt/***/dbt_ecommerce_venv/lib/python3.12/site-packages (from snowflake-connector-python<5.0.0,>=4.2.0->snowflake-connector-python[secure-local-storage]<5.0.0,>=4.2.0->dbt-snowflake) (3.18)
[2026-07-29T18:54:29.517+0000] {subprocess.py:93} INFO - Requirement already satisfied: filelock<4,>=3.5 in /opt/***/dbt_ecommerce_venv/lib/python3.12/site-packages (from snowflake-connector-python<5.0.0,>=4.2.0->snowflake-connector-python[secure-local-storage]<5.0.0,>=4.2.0->dbt-snowflake) (3.32.0)
[2026-07-29T18:54:29.517+0000] {subprocess.py:93} INFO - Requirement already satisfied: sortedcontainers>=2.4.0 in /opt/***/dbt_ecommerce_venv/lib/python3.12/site-packages (from snowflake-connector-python<5.0.0,>=4.2.0->snowflake-connector-python[secure-local-storage]<5.0.0,>=4.2.0->dbt-snowflake) (2.4.0)
[2026-07-29T18:54:29.517+0000] {subprocess.py:93} INFO - Requirement already satisfied: platformdirs<5.0.0,>=2.6.0 in /opt/***/dbt_ecommerce_venv/lib/python3.12/site-packages (from snowflake-connector-python<5.0.0,>=4.2.0->snowflake-connector-python[secure-local-storage]<5.0.0,>=4.2.0->dbt-snowflake) (4.11.0)
[2026-07-29T18:54:29.517+0000] {subprocess.py:93} INFO - Requirement already satisfied: tomlkit in /opt/***/dbt_ecommerce_venv/lib/python3.12/site-packages (from snowflake-connector-python<5.0.0,>=4.2.0->snowflake-connector-python[secure-local-storage]<5.0.0,>=4.2.0->dbt-snowflake) (0.15.1)
[2026-07-29T18:54:29.517+0000] {subprocess.py:93} INFO - Requirement already satisfied: boto3>=1.24 in /opt/***/dbt_ecommerce_venv/lib/python3.12/site-packages (from snowflake-connector-python<5.0.0,>=4.2.0->snowflake-connector-python[secure-local-storage]<5.0.0,>=4.2.0->dbt-snowflake) (1.43.58)
[2026-07-29T18:54:29.517+0000] {subprocess.py:93} INFO - Requirement already satisfied: botocore>=1.24 in /opt/***/dbt_ecommerce_venv/lib/python3.12/site-packages (from snowflake-connector-python<5.0.0,>=4.2.0->snowflake-connector-python[secure-local-storage]<5.0.0,>=4.2.0->dbt-snowflake) (1.43.58)
[2026-07-29T18:54:29.519+0000] {subprocess.py:93} INFO - Requirement already satisfied: keyring<26.0.0,>=23.1.0 in /opt/***/dbt_ecommerce_venv/lib/python3.12/site-packages (from snowflake-connector-python[secure-local-storage]<5.0.0,>=4.2.0->dbt-snowflake) (25.7.0)
[2026-07-29T18:54:29.521+0000] {subprocess.py:93} INFO - Requirement already satisfied: jmespath<2.0.0,>=0.7.1 in /opt/***/dbt_ecommerce_venv/lib/python3.12/site-packages (from boto3>=1.24->snowflake-connector-python<5.0.0,>=4.2.0->snowflake-connector-python[secure-local-storage]<5.0.0,>=4.2.0->dbt-snowflake) (1.1.0)
[2026-07-29T18:54:29.521+0000] {subprocess.py:93} INFO - Requirement already satisfied: s3transfer<0.20.0,>=0.19.0 in /opt/***/dbt_ecommerce_venv/lib/python3.12/site-packages (from boto3>=1.24->snowflake-connector-python<5.0.0,>=4.2.0->snowflake-connector-python[secure-local-storage]<5.0.0,>=4.2.0->dbt-snowflake) (0.19.2)
[2026-07-29T18:54:29.522+0000] {subprocess.py:93} INFO - Requirement already satisfied: urllib3!=2.2.0,<3,>=1.25.4 in /opt/***/dbt_ecommerce_venv/lib/python3.12/site-packages (from botocore>=1.24->snowflake-connector-python<5.0.0,>=4.2.0->snowflake-connector-python[secure-local-storage]<5.0.0,>=4.2.0->dbt-snowflake) (2.7.0)
[2026-07-29T18:54:29.524+0000] {subprocess.py:93} INFO - Requirement already satisfied: cffi>=2.0.0 in /opt/***/dbt_ecommerce_venv/lib/python3.12/site-packages (from cryptography>=46.0.5->snowflake-connector-python<5.0.0,>=4.2.0->snowflake-connector-python[secure-local-storage]<5.0.0,>=4.2.0->dbt-snowflake) (2.1.0)
[2026-07-29T18:54:29.527+0000] {subprocess.py:93} INFO - Requirement already satisfied: orderly-set<6,>=5.4.1 in /opt/***/dbt_ecommerce_venv/lib/python3.12/site-packages (from deepdiff<9.0,>=7.0->dbt-common<2.0,>=1.10->dbt-snowflake) (5.5.0)
[2026-07-29T18:54:29.530+0000] {subprocess.py:93} INFO - Requirement already satisfied: MarkupSafe>=2.0 in /opt/***/dbt_ecommerce_venv/lib/python3.12/site-packages (from jinja2<4,>=3.1.3->dbt-common<2.0,>=1.10->dbt-snowflake) (3.0.3)
[2026-07-29T18:54:29.531+0000] {subprocess.py:93} INFO - Requirement already satisfied: attrs>=22.2.0 in /opt/***/dbt_ecommerce_venv/lib/python3.12/site-packages (from jsonschema<5.0,>=4.0->dbt-common<2.0,>=1.10->dbt-snowflake) (26.1.0)
[2026-07-29T18:54:29.531+0000] {subprocess.py:93} INFO - Requirement already satisfied: jsonschema-specifications>=2023.03.6 in /opt/***/dbt_ecommerce_venv/lib/python3.12/site-packages (from jsonschema<5.0,>=4.0->dbt-common<2.0,>=1.10->dbt-snowflake) (2025.9.1)
[2026-07-29T18:54:29.531+0000] {subprocess.py:93} INFO - Requirement already satisfied: referencing>=0.28.4 in /opt/***/dbt_ecommerce_venv/lib/python3.12/site-packages (from jsonschema<5.0,>=4.0->dbt-common<2.0,>=1.10->dbt-snowflake) (0.37.0)
[2026-07-29T18:54:29.531+0000] {subprocess.py:93} INFO - Requirement already satisfied: rpds-py>=0.25.0 in /opt/***/dbt_ecommerce_venv/lib/python3.12/site-packages (from jsonschema<5.0,>=4.0->dbt-common<2.0,>=1.10->dbt-snowflake) (2026.6.3)
[2026-07-29T18:54:29.533+0000] {subprocess.py:93} INFO - Requirement already satisfied: SecretStorage>=3.2 in /opt/***/dbt_ecommerce_venv/lib/python3.12/site-packages (from keyring<26.0.0,>=23.1.0->snowflake-connector-python[secure-local-storage]<5.0.0,>=4.2.0->dbt-snowflake) (3.5.0)
[2026-07-29T18:54:29.533+0000] {subprocess.py:93} INFO - Requirement already satisfied: jeepney>=0.4.2 in /opt/***/dbt_ecommerce_venv/lib/python3.12/site-packages (from keyring<26.0.0,>=23.1.0->snowflake-connector-python[secure-local-storage]<5.0.0,>=4.2.0->dbt-snowflake) (0.9.0)
[2026-07-29T18:54:29.533+0000] {subprocess.py:93} INFO - Requirement already satisfied: jaraco.classes in /opt/***/dbt_ecommerce_venv/lib/python3.12/site-packages (from keyring<26.0.0,>=23.1.0->snowflake-connector-python[secure-local-storage]<5.0.0,>=4.2.0->dbt-snowflake) (3.4.0)
[2026-07-29T18:54:29.533+0000] {subprocess.py:93} INFO - Requirement already satisfied: jaraco.functools in /opt/***/dbt_ecommerce_venv/lib/python3.12/site-packages (from keyring<26.0.0,>=23.1.0->snowflake-connector-python[secure-local-storage]<5.0.0,>=4.2.0->dbt-snowflake) (4.6.0)
[2026-07-29T18:54:29.533+0000] {subprocess.py:93} INFO - Requirement already satisfied: jaraco.context in /opt/***/dbt_ecommerce_venv/lib/python3.12/site-packages (from keyring<26.0.0,>=23.1.0->snowflake-connector-python[secure-local-storage]<5.0.0,>=4.2.0->dbt-snowflake) (6.1.2)
[2026-07-29T18:54:29.536+0000] {subprocess.py:93} INFO - Requirement already satisfied: msgpack>=0.5.6 in /opt/***/dbt_ecommerce_venv/lib/python3.12/site-packages (from mashumaro[msgpack]<3.18,>=3.9->dbt-adapters<2.0,>=1.24.4->dbt-snowflake) (1.2.1)
[2026-07-29T18:54:29.543+0000] {subprocess.py:93} INFO - Requirement already satisfied: importlib-metadata>=4.0 in /opt/***/dbt_ecommerce_venv/lib/python3.12/site-packages (from metricflow<1.0,>=0.211.0->dbt-core<2.0,>=1.10.0rc0->dbt-snowflake) (9.0.0)
[2026-07-29T18:54:29.544+0000] {subprocess.py:93} INFO - Requirement already satisfied: more-itertools<11.0,>=10.0.0 in /opt/***/dbt_ecommerce_venv/lib/python3.12/site-packages (from metricflow<1.0,>=0.211.0->dbt-core<2.0,>=1.10.0rc0->dbt-snowflake) (10.8.0)
[2026-07-29T18:54:29.544+0000] {subprocess.py:93} INFO - Requirement already satisfied: rapidfuzz<4.0,>=3.0 in /opt/***/dbt_ecommerce_venv/lib/python3.12/site-packages (from metricflow<1.0,>=0.211.0->dbt-core<2.0,>=1.10.0rc0->dbt-snowflake) (3.14.5)
[2026-07-29T18:54:29.544+0000] {subprocess.py:93} INFO - Requirement already satisfied: sqlglot>=20.0.0 in /opt/***/dbt_ecommerce_venv/lib/python3.12/site-packages (from metricflow<1.0,>=0.211.0->dbt-core<2.0,>=1.10.0rc0->dbt-snowflake) (30.14.0)
[2026-07-29T18:54:29.544+0000] {subprocess.py:93} INFO - Requirement already satisfied: tabulate>=0.8.9 in /opt/***/dbt_ecommerce_venv/lib/python3.12/site-packages (from metricflow<1.0,>=0.211.0->dbt-core<2.0,>=1.10.0rc0->dbt-snowflake) (0.10.0)
[2026-07-29T18:54:29.550+0000] {subprocess.py:93} INFO - Requirement already satisfied: annotated-types>=0.6.0 in /opt/***/dbt_ecommerce_venv/lib/python3.12/site-packages (from pydantic<3->dbt-core<2.0,>=1.10.0rc0->dbt-snowflake) (0.8.0)
[2026-07-29T18:54:29.550+0000] {subprocess.py:93} INFO - Requirement already satisfied: pydantic-core==2.46.4 in /opt/***/dbt_ecommerce_venv/lib/python3.12/site-packages (from pydantic<3->dbt-core<2.0,>=1.10.0rc0->dbt-snowflake) (2.46.4)
[2026-07-29T18:54:29.550+0000] {subprocess.py:93} INFO - Requirement already satisfied: typing-inspection>=0.4.2 in /opt/***/dbt_ecommerce_venv/lib/python3.12/site-packages (from pydantic<3->dbt-core<2.0,>=1.10.0rc0->dbt-snowflake) (0.4.2)
[2026-07-29T18:54:29.553+0000] {subprocess.py:93} INFO - Requirement already satisfied: six>=1.5 in /opt/***/dbt_ecommerce_venv/lib/python3.12/site-packages (from python-dateutil<3.0,>=2.0->dbt-common<2.0,>=1.10->dbt-snowflake) (1.17.0)
[2026-07-29T18:54:29.555+0000] {subprocess.py:93} INFO - Requirement already satisfied: text-unidecode>=1.3 in /opt/***/dbt_ecommerce_venv/lib/python3.12/site-packages (from python-slugify>=1.2.1->agate->dbt-snowflake) (1.3)
[2026-07-29T18:54:29.564+0000] {subprocess.py:93} INFO - Requirement already satisfied: pycparser in /opt/***/dbt_ecommerce_venv/lib/python3.12/site-packages (from cffi>=2.0.0->cryptography>=46.0.5->snowflake-connector-python<5.0.0,>=4.2.0->snowflake-connector-python[secure-local-storage]<5.0.0,>=4.2.0->dbt-snowflake) (3.0)
[2026-07-29T18:54:29.565+0000] {subprocess.py:93} INFO - Requirement already satisfied: zipp>=3.20 in /opt/***/dbt_ecommerce_venv/lib/python3.12/site-packages (from importlib-metadata>=4.0->metricflow<1.0,>=0.211.0->dbt-core<2.0,>=1.10.0rc0->dbt-snowflake) (4.1.0)
[2026-07-29T18:54:29.873+0000] {subprocess.py:93} INFO - 
[2026-07-29T18:54:29.873+0000] {subprocess.py:93} INFO - [notice] A new release of pip is available: 24.2 -> 26.1.2
[2026-07-29T18:54:29.873+0000] {subprocess.py:93} INFO - [notice] To update, run: pip install --upgrade pip
[2026-07-29T18:54:30.787+0000] {subprocess.py:93} INFO - [0m18:54:30  Running with dbt=1.12.0
[2026-07-29T18:54:30.836+0000] {subprocess.py:93} INFO - [0m18:54:30  Warning: No packages were found in packages.yml
[2026-07-29T18:54:30.837+0000] {subprocess.py:93} INFO - [0m18:54:30  Warning: No packages were found in packages.yml
[2026-07-29T18:54:32.521+0000] {subprocess.py:93} INFO - [0m18:54:32  Running with dbt=1.12.0
[2026-07-29T18:54:32.793+0000] {subprocess.py:93} INFO - [0m18:54:32  Registered adapter: snowflake=1.12.0
[2026-07-29T18:54:32.967+0000] {subprocess.py:93} INFO - [0m18:54:32  Found 4 models, 1 source, 545 macros
[2026-07-29T18:54:32.968+0000] {subprocess.py:93} INFO - [0m18:54:32
[2026-07-29T18:54:32.969+0000] {subprocess.py:93} INFO - [0m18:54:32  Concurrency: 4 threads (target='dev')
[2026-07-29T18:54:32.969+0000] {subprocess.py:93} INFO - [0m18:54:32
[2026-07-29T18:54:33.728+0000] {subprocess.py:93} INFO - [0m18:54:33  1 of 4 START sql view model dev_matoxki.stg_clicks ............................. [RUN]
[2026-07-29T18:54:34.060+0000] {subprocess.py:93} INFO - [0m18:54:34  1 of 4 OK created sql view model dev_matoxki.stg_clicks ........................ [[32mSUCCESS 1[0m in 0.33s]
[2026-07-29T18:54:34.062+0000] {subprocess.py:93} INFO - [0m18:54:34  2 of 4 START sql view model dev_matoxki.int_sessions ........................... [RUN]
[2026-07-29T18:54:34.589+0000] {subprocess.py:93} INFO - [0m18:54:34  2 of 4 OK created sql view model dev_matoxki.int_sessions ...................... [[32mSUCCESS 1[0m in 0.53s]
[2026-07-29T18:54:34.592+0000] {subprocess.py:93} INFO - [0m18:54:34  3 of 4 START sql view model dev_matoxki.fact_customer_sessions ................. [RUN]
[2026-07-29T18:54:35.195+0000] {subprocess.py:93} INFO - [0m18:54:35  3 of 4 OK created sql view model dev_matoxki.fact_customer_sessions ............ [[32mSUCCESS 1[0m in 0.60s]
[2026-07-29T18:54:35.198+0000] {subprocess.py:93} INFO - [0m18:54:35  4 of 4 START sql view model dev_matoxki.mart_abandoned_carts ................... [RUN]
[2026-07-29T18:54:35.795+0000] {subprocess.py:93} INFO - [0m18:54:35  4 of 4 OK created sql view model dev_matoxki.mart_abandoned_carts .............. [[32mSUCCESS 1[0m in 0.60s]
[2026-07-29T18:54:36.223+0000] {subprocess.py:93} INFO - [0m18:54:36
[2026-07-29T18:54:36.224+0000] {subprocess.py:93} INFO - [0m18:54:36  Finished running 4 view models in 0 hours 0 minutes and 3.25 seconds (3.25s).
[2026-07-29T18:54:36.267+0000] {subprocess.py:93} INFO - [0m18:54:36
[2026-07-29T18:54:36.268+0000] {subprocess.py:93} INFO - [0m18:54:36  [32mCompleted successfully[0m
[2026-07-29T18:54:36.268+0000] {subprocess.py:93} INFO - [0m18:54:36
[2026-07-29T18:54:36.268+0000] {subprocess.py:93} INFO - [0m18:54:36  Done. PASS=4 WARN=0 ERROR=0 SKIP=0 NO-OP=0 REUSED=0 TOTAL=4
[2026-07-29T18:54:37.965+0000] {subprocess.py:93} INFO - [0m18:54:37  Running with dbt=1.12.0
[2026-07-29T18:54:38.234+0000] {subprocess.py:93} INFO - [0m18:54:38  Registered adapter: snowflake=1.12.0
[2026-07-29T18:54:38.387+0000] {subprocess.py:93} INFO - [0m18:54:38  Found 4 models, 1 source, 545 macros
[2026-07-29T18:54:38.388+0000] {subprocess.py:93} INFO - [0m18:54:38  [[33mWARNING[0m]: Nothing to do. Try checking your model configs and model specification args
[2026-07-29T18:54:39.242+0000] {subprocess.py:97} INFO - Command exited with return code 0
[2026-07-29T18:54:39.252+0000] {taskinstance.py:340} INFO - ::group::Post task execution logs
[2026-07-29T18:54:39.253+0000] {taskinstance.py:352} INFO - Marking task as SUCCESS. dag_id=ecommerce_dbt_transformation, task_id=run_dbt_models, run_id=manual__2026-07-29T18:54:26.817901+00:00, execution_date=20260729T185426, start_date=20260729T185427, end_date=20260729T185439
[2026-07-29T18:54:39.257+0000] {logging_mixin.py:190} INFO - Task instance in success state
[2026-07-29T18:54:39.257+0000] {logging_mixin.py:190} INFO -  Previous state of the Task instance: running
[2026-07-29T18:54:39.257+0000] {logging_mixin.py:190} INFO - Dag name:ecommerce_dbt_transformation queued_at:2026-07-29 18:54:26.829338+00:00
[2026-07-29T18:54:39.257+0000] {logging_mixin.py:190} INFO - Task hostname:***-worker operator:BashOperator
[2026-07-29T18:54:39.280+0000] {local_task_job_runner.py:261} INFO - Task exited with return code 0
[2026-07-29T18:54:39.287+0000] {taskinstance.py:3891} INFO - 0 downstream tasks scheduled from follow-on schedule check
[2026-07-29T18:54:39.287+0000] {local_task_job_runner.py:240} INFO - ::endgroup::
