[2026-07-29T19:00:01.110+0000] {local_task_job_runner.py:123} INFO - ::group::Pre task execution logs
[2026-07-29T19:00:01.117+0000] {taskinstance.py:2603} INFO - Dependencies all met for dep_context=non-requeueable deps ti=<TaskInstance: ecommerce_dbt_transformation.run_dbt_models scheduled__2026-07-29T18:00:00+00:00 [queued]>
[2026-07-29T19:00:01.119+0000] {taskinstance.py:2603} INFO - Dependencies all met for dep_context=requeueable deps ti=<TaskInstance: ecommerce_dbt_transformation.run_dbt_models scheduled__2026-07-29T18:00:00+00:00 [queued]>
[2026-07-29T19:00:01.119+0000] {taskinstance.py:2856} INFO - Starting attempt 1 of 3
[2026-07-29T19:00:01.123+0000] {taskinstance.py:2879} INFO - Executing <Task(BashOperator): run_dbt_models> on 2026-07-29 18:00:00+00:00
[2026-07-29T19:00:01.126+0000] {warnings.py:112} WARNING - /home/***/.local/lib/python3.12/site-packages/***/task/task_runner/standard_task_runner.py:70: DeprecationWarning: This process (pid=3364) is multi-threaded, use of fork() may lead to deadlocks in the child.
  pid = os.fork()

[2026-07-29T19:00:01.127+0000] {standard_task_runner.py:72} INFO - Started process 3366 to run task
[2026-07-29T19:00:01.128+0000] {standard_task_runner.py:104} INFO - Running: ['***', 'tasks', 'run', 'ecommerce_dbt_transformation', 'run_dbt_models', 'scheduled__2026-07-29T18:00:00+00:00', '--job-id', '18', '--raw', '--subdir', 'DAGS_FOLDER/dbt_orchestrator.py', '--cfg-path', '/tmp/tmpwyisaxyw']
[2026-07-29T19:00:01.128+0000] {standard_task_runner.py:105} INFO - Job 18: Subtask run_dbt_models
[2026-07-29T19:00:01.147+0000] {task_command.py:467} INFO - Running <TaskInstance: ecommerce_dbt_transformation.run_dbt_models scheduled__2026-07-29T18:00:00+00:00 [running]> on host ***-worker
[2026-07-29T19:00:01.175+0000] {taskinstance.py:3122} INFO - Exporting env vars: AIRFLOW_CTX_DAG_OWNER='data_engineer' AIRFLOW_CTX_DAG_ID='ecommerce_dbt_transformation' AIRFLOW_CTX_TASK_ID='run_dbt_models' AIRFLOW_CTX_EXECUTION_DATE='2026-07-29T18:00:00+00:00' AIRFLOW_CTX_TRY_NUMBER='1' AIRFLOW_CTX_DAG_RUN_ID='scheduled__2026-07-29T18:00:00+00:00'
[2026-07-29T19:00:01.176+0000] {logging_mixin.py:190} INFO - Task instance is in running state
[2026-07-29T19:00:01.176+0000] {logging_mixin.py:190} INFO -  Previous state of the Task instance: queued
[2026-07-29T19:00:01.176+0000] {logging_mixin.py:190} INFO - Current task name:run_dbt_models state:running start_date:2026-07-29 19:00:01.117261+00:00
[2026-07-29T19:00:01.176+0000] {logging_mixin.py:190} INFO - Dag name:ecommerce_dbt_transformation and current dag run status:running
[2026-07-29T19:00:01.176+0000] {taskinstance.py:731} INFO - ::endgroup::
[2026-07-29T19:00:01.177+0000] {subprocess.py:63} INFO - Tmp dir root location: /tmp
[2026-07-29T19:00:01.177+0000] {subprocess.py:75} INFO - Running command: ['/usr/bin/bash', '-c', 'python3 -m venv /opt/***/dbt_ecommerce_venv && source /opt/***/dbt_ecommerce_venv/bin/activate && pip install --no-cache-dir dbt-snowflake && cd /opt/***/dbt_ecommerce && dbt deps --profiles-dir . && dbt run --profiles-dir . && dbt test --profiles-dir .']
[2026-07-29T19:00:01.181+0000] {subprocess.py:86} INFO - Output:
[2026-07-29T19:00:02.605+0000] {subprocess.py:93} INFO - Requirement already satisfied: dbt-snowflake in /opt/***/dbt_ecommerce_venv/lib/python3.12/site-packages (1.12.0)
[2026-07-29T19:00:02.606+0000] {subprocess.py:93} INFO - Requirement already satisfied: agate in /opt/***/dbt_ecommerce_venv/lib/python3.12/site-packages (from dbt-snowflake) (1.9.1)
[2026-07-29T19:00:02.606+0000] {subprocess.py:93} INFO - Requirement already satisfied: certifi<2025.4.26 in /opt/***/dbt_ecommerce_venv/lib/python3.12/site-packages (from dbt-snowflake) (2025.1.31)
[2026-07-29T19:00:02.606+0000] {subprocess.py:93} INFO - Requirement already satisfied: dbt-adapters<2.0,>=1.24.4 in /opt/***/dbt_ecommerce_venv/lib/python3.12/site-packages (from dbt-snowflake) (1.24.5)
[2026-07-29T19:00:02.606+0000] {subprocess.py:93} INFO - Requirement already satisfied: dbt-common<2.0,>=1.10 in /opt/***/dbt_ecommerce_venv/lib/python3.12/site-packages (from dbt-snowflake) (1.38.0)
[2026-07-29T19:00:02.606+0000] {subprocess.py:93} INFO - Requirement already satisfied: dbt-core<2.0,>=1.10.0rc0 in /opt/***/dbt_ecommerce_venv/lib/python3.12/site-packages (from dbt-snowflake) (1.12.0)
[2026-07-29T19:00:02.607+0000] {subprocess.py:93} INFO - Requirement already satisfied: snowflake-connector-python<5.0.0,>=4.2.0 in /opt/***/dbt_ecommerce_venv/lib/python3.12/site-packages (from snowflake-connector-python[secure-local-storage]<5.0.0,>=4.2.0->dbt-snowflake) (4.7.1)
[2026-07-29T19:00:02.608+0000] {subprocess.py:93} INFO - Requirement already satisfied: dbt-protos<2.0,>=1.0.291 in /opt/***/dbt_ecommerce_venv/lib/python3.12/site-packages (from dbt-adapters<2.0,>=1.24.4->dbt-snowflake) (1.0.541)
[2026-07-29T19:00:02.608+0000] {subprocess.py:93} INFO - Requirement already satisfied: mashumaro<3.18,>=3.9 in /opt/***/dbt_ecommerce_venv/lib/python3.12/site-packages (from mashumaro[msgpack]<3.18,>=3.9->dbt-adapters<2.0,>=1.24.4->dbt-snowflake) (3.17)
[2026-07-29T19:00:02.608+0000] {subprocess.py:93} INFO - Requirement already satisfied: protobuf<7.0,>=6.0 in /opt/***/dbt_ecommerce_venv/lib/python3.12/site-packages (from dbt-adapters<2.0,>=1.24.4->dbt-snowflake) (6.33.6)
[2026-07-29T19:00:02.608+0000] {subprocess.py:93} INFO - Requirement already satisfied: pytz>=2015.7 in /opt/***/dbt_ecommerce_venv/lib/python3.12/site-packages (from dbt-adapters<2.0,>=1.24.4->dbt-snowflake) (2026.3.post1)
[2026-07-29T19:00:02.608+0000] {subprocess.py:93} INFO - Requirement already satisfied: typing-extensions<5.0,>=4.0 in /opt/***/dbt_ecommerce_venv/lib/python3.12/site-packages (from dbt-adapters<2.0,>=1.24.4->dbt-snowflake) (4.16.0)
[2026-07-29T19:00:02.610+0000] {subprocess.py:93} INFO - Requirement already satisfied: Babel>=2.0 in /opt/***/dbt_ecommerce_venv/lib/python3.12/site-packages (from agate->dbt-snowflake) (2.18.0)
[2026-07-29T19:00:02.610+0000] {subprocess.py:93} INFO - Requirement already satisfied: isodate>=0.5.4 in /opt/***/dbt_ecommerce_venv/lib/python3.12/site-packages (from agate->dbt-snowflake) (0.7.2)
[2026-07-29T19:00:02.610+0000] {subprocess.py:93} INFO - Requirement already satisfied: leather>=0.3.2 in /opt/***/dbt_ecommerce_venv/lib/python3.12/site-packages (from agate->dbt-snowflake) (0.4.1)
[2026-07-29T19:00:02.610+0000] {subprocess.py:93} INFO - Requirement already satisfied: parsedatetime!=2.5,>=2.1 in /opt/***/dbt_ecommerce_venv/lib/python3.12/site-packages (from agate->dbt-snowflake) (2.6)
[2026-07-29T19:00:02.612+0000] {subprocess.py:93} INFO - Requirement already satisfied: python-slugify>=1.2.1 in /opt/***/dbt_ecommerce_venv/lib/python3.12/site-packages (from agate->dbt-snowflake) (8.0.4)
[2026-07-29T19:00:02.612+0000] {subprocess.py:93} INFO - Requirement already satisfied: pytimeparse>=1.1.5 in /opt/***/dbt_ecommerce_venv/lib/python3.12/site-packages (from agate->dbt-snowflake) (1.1.8)
[2026-07-29T19:00:02.612+0000] {subprocess.py:93} INFO - Requirement already satisfied: colorama<0.5,>=0.3.9 in /opt/***/dbt_ecommerce_venv/lib/python3.12/site-packages (from dbt-common<2.0,>=1.10->dbt-snowflake) (0.4.6)
[2026-07-29T19:00:02.613+0000] {subprocess.py:93} INFO - Requirement already satisfied: deepdiff<9.0,>=7.0 in /opt/***/dbt_ecommerce_venv/lib/python3.12/site-packages (from dbt-common<2.0,>=1.10->dbt-snowflake) (8.6.2)
[2026-07-29T19:00:02.613+0000] {subprocess.py:93} INFO - Requirement already satisfied: jinja2<4,>=3.1.3 in /opt/***/dbt_ecommerce_venv/lib/python3.12/site-packages (from dbt-common<2.0,>=1.10->dbt-snowflake) (3.1.6)
[2026-07-29T19:00:02.613+0000] {subprocess.py:93} INFO - Requirement already satisfied: jsonschema<5.0,>=4.0 in /opt/***/dbt_ecommerce_venv/lib/python3.12/site-packages (from dbt-common<2.0,>=1.10->dbt-snowflake) (4.26.0)
[2026-07-29T19:00:02.613+0000] {subprocess.py:93} INFO - Requirement already satisfied: pathspec<1.1,>=0.9 in /opt/***/dbt_ecommerce_venv/lib/python3.12/site-packages (from dbt-common<2.0,>=1.10->dbt-snowflake) (1.0.4)
[2026-07-29T19:00:02.614+0000] {subprocess.py:93} INFO - Requirement already satisfied: python-dateutil<3.0,>=2.0 in /opt/***/dbt_ecommerce_venv/lib/python3.12/site-packages (from dbt-common<2.0,>=1.10->dbt-snowflake) (2.9.0.post0)
[2026-07-29T19:00:02.614+0000] {subprocess.py:93} INFO - Requirement already satisfied: requests<3.0.0 in /opt/***/dbt_ecommerce_venv/lib/python3.12/site-packages (from dbt-common<2.0,>=1.10->dbt-snowflake) (2.34.2)
[2026-07-29T19:00:02.615+0000] {subprocess.py:93} INFO - Requirement already satisfied: click<9.0,>=8.3.0 in /opt/***/dbt_ecommerce_venv/lib/python3.12/site-packages (from dbt-core<2.0,>=1.10.0rc0->dbt-snowflake) (8.4.2)
[2026-07-29T19:00:02.615+0000] {subprocess.py:93} INFO - Requirement already satisfied: daff>=1.3.46 in /opt/***/dbt_ecommerce_venv/lib/python3.12/site-packages (from dbt-core<2.0,>=1.10.0rc0->dbt-snowflake) (1.4.2)
[2026-07-29T19:00:02.616+0000] {subprocess.py:93} INFO - Requirement already satisfied: dbt-core-experimental-parser<3,>=2.0.0a4 in /opt/***/dbt_ecommerce_venv/lib/python3.12/site-packages (from dbt-core<2.0,>=1.10.0rc0->dbt-snowflake) (2.0.0a5)
[2026-07-29T19:00:02.616+0000] {subprocess.py:93} INFO - Requirement already satisfied: dbt-extractor<=0.6,>=0.5.0 in /opt/***/dbt_ecommerce_venv/lib/python3.12/site-packages (from dbt-core<2.0,>=1.10.0rc0->dbt-snowflake) (0.6.0)
[2026-07-29T19:00:02.616+0000] {subprocess.py:93} INFO - Requirement already satisfied: metricflow<1.0,>=0.211.0 in /opt/***/dbt_ecommerce_venv/lib/python3.12/site-packages (from dbt-core<2.0,>=1.10.0rc0->dbt-snowflake) (0.211.0)
[2026-07-29T19:00:02.616+0000] {subprocess.py:93} INFO - Requirement already satisfied: networkx<4.0,>=2.3 in /opt/***/dbt_ecommerce_venv/lib/python3.12/site-packages (from dbt-core<2.0,>=1.10.0rc0->dbt-snowflake) (3.6.1)
[2026-07-29T19:00:02.617+0000] {subprocess.py:93} INFO - Requirement already satisfied: packaging>20.9 in /opt/***/dbt_ecommerce_venv/lib/python3.12/site-packages (from dbt-core<2.0,>=1.10.0rc0->dbt-snowflake) (26.2)
[2026-07-29T19:00:02.617+0000] {subprocess.py:93} INFO - Requirement already satisfied: pydantic<3 in /opt/***/dbt_ecommerce_venv/lib/python3.12/site-packages (from dbt-core<2.0,>=1.10.0rc0->dbt-snowflake) (2.13.4)
[2026-07-29T19:00:02.617+0000] {subprocess.py:93} INFO - Requirement already satisfied: python-dotenv>=1.2 in /opt/***/dbt_ecommerce_venv/lib/python3.12/site-packages (from dbt-core<2.0,>=1.10.0rc0->dbt-snowflake) (1.2.2)
[2026-07-29T19:00:02.617+0000] {subprocess.py:93} INFO - Requirement already satisfied: pyyaml>=6.0 in /opt/***/dbt_ecommerce_venv/lib/python3.12/site-packages (from dbt-core<2.0,>=1.10.0rc0->dbt-snowflake) (6.0.3)
[2026-07-29T19:00:02.618+0000] {subprocess.py:93} INFO - Requirement already satisfied: snowplow-tracker<2.0,>=1.0.2 in /opt/***/dbt_ecommerce_venv/lib/python3.12/site-packages (from dbt-core<2.0,>=1.10.0rc0->dbt-snowflake) (1.1.0)
[2026-07-29T19:00:02.620+0000] {subprocess.py:93} INFO - Requirement already satisfied: sqlparse<0.6.0,>=0.5.5 in /opt/***/dbt_ecommerce_venv/lib/python3.12/site-packages (from dbt-core<2.0,>=1.10.0rc0->dbt-snowflake) (0.5.5)
[2026-07-29T19:00:02.620+0000] {subprocess.py:93} INFO - Requirement already satisfied: asn1crypto<2.0.0,>0.24.0 in /opt/***/dbt_ecommerce_venv/lib/python3.12/site-packages (from snowflake-connector-python<5.0.0,>=4.2.0->snowflake-connector-python[secure-local-storage]<5.0.0,>=4.2.0->dbt-snowflake) (1.5.1)
[2026-07-29T19:00:02.620+0000] {subprocess.py:93} INFO - Requirement already satisfied: cryptography>=46.0.5 in /opt/***/dbt_ecommerce_venv/lib/python3.12/site-packages (from snowflake-connector-python<5.0.0,>=4.2.0->snowflake-connector-python[secure-local-storage]<5.0.0,>=4.2.0->dbt-snowflake) (49.0.0)
[2026-07-29T19:00:02.620+0000] {subprocess.py:93} INFO - Requirement already satisfied: pyOpenSSL>=24.0.0 in /opt/***/dbt_ecommerce_venv/lib/python3.12/site-packages (from snowflake-connector-python<5.0.0,>=4.2.0->snowflake-connector-python[secure-local-storage]<5.0.0,>=4.2.0->dbt-snowflake) (26.3.0)
[2026-07-29T19:00:02.621+0000] {subprocess.py:93} INFO - Requirement already satisfied: pyjwt<3.0.0,>=2.10.1 in /opt/***/dbt_ecommerce_venv/lib/python3.12/site-packages (from snowflake-connector-python<5.0.0,>=4.2.0->snowflake-connector-python[secure-local-storage]<5.0.0,>=4.2.0->dbt-snowflake) (2.13.0)
[2026-07-29T19:00:02.621+0000] {subprocess.py:93} INFO - Requirement already satisfied: charset_normalizer<4,>=2 in /opt/***/dbt_ecommerce_venv/lib/python3.12/site-packages (from snowflake-connector-python<5.0.0,>=4.2.0->snowflake-connector-python[secure-local-storage]<5.0.0,>=4.2.0->dbt-snowflake) (3.4.9)
[2026-07-29T19:00:02.621+0000] {subprocess.py:93} INFO - Requirement already satisfied: idna<4,>=3.7 in /opt/***/dbt_ecommerce_venv/lib/python3.12/site-packages (from snowflake-connector-python<5.0.0,>=4.2.0->snowflake-connector-python[secure-local-storage]<5.0.0,>=4.2.0->dbt-snowflake) (3.18)
[2026-07-29T19:00:02.621+0000] {subprocess.py:93} INFO - Requirement already satisfied: filelock<4,>=3.5 in /opt/***/dbt_ecommerce_venv/lib/python3.12/site-packages (from snowflake-connector-python<5.0.0,>=4.2.0->snowflake-connector-python[secure-local-storage]<5.0.0,>=4.2.0->dbt-snowflake) (3.32.0)
[2026-07-29T19:00:02.622+0000] {subprocess.py:93} INFO - Requirement already satisfied: sortedcontainers>=2.4.0 in /opt/***/dbt_ecommerce_venv/lib/python3.12/site-packages (from snowflake-connector-python<5.0.0,>=4.2.0->snowflake-connector-python[secure-local-storage]<5.0.0,>=4.2.0->dbt-snowflake) (2.4.0)
[2026-07-29T19:00:02.622+0000] {subprocess.py:93} INFO - Requirement already satisfied: platformdirs<5.0.0,>=2.6.0 in /opt/***/dbt_ecommerce_venv/lib/python3.12/site-packages (from snowflake-connector-python<5.0.0,>=4.2.0->snowflake-connector-python[secure-local-storage]<5.0.0,>=4.2.0->dbt-snowflake) (4.11.0)
[2026-07-29T19:00:02.622+0000] {subprocess.py:93} INFO - Requirement already satisfied: tomlkit in /opt/***/dbt_ecommerce_venv/lib/python3.12/site-packages (from snowflake-connector-python<5.0.0,>=4.2.0->snowflake-connector-python[secure-local-storage]<5.0.0,>=4.2.0->dbt-snowflake) (0.15.1)
[2026-07-29T19:00:02.622+0000] {subprocess.py:93} INFO - Requirement already satisfied: boto3>=1.24 in /opt/***/dbt_ecommerce_venv/lib/python3.12/site-packages (from snowflake-connector-python<5.0.0,>=4.2.0->snowflake-connector-python[secure-local-storage]<5.0.0,>=4.2.0->dbt-snowflake) (1.43.58)
[2026-07-29T19:00:02.623+0000] {subprocess.py:93} INFO - Requirement already satisfied: botocore>=1.24 in /opt/***/dbt_ecommerce_venv/lib/python3.12/site-packages (from snowflake-connector-python<5.0.0,>=4.2.0->snowflake-connector-python[secure-local-storage]<5.0.0,>=4.2.0->dbt-snowflake) (1.43.58)
[2026-07-29T19:00:02.624+0000] {subprocess.py:93} INFO - Requirement already satisfied: keyring<26.0.0,>=23.1.0 in /opt/***/dbt_ecommerce_venv/lib/python3.12/site-packages (from snowflake-connector-python[secure-local-storage]<5.0.0,>=4.2.0->dbt-snowflake) (25.7.0)
[2026-07-29T19:00:02.626+0000] {subprocess.py:93} INFO - Requirement already satisfied: jmespath<2.0.0,>=0.7.1 in /opt/***/dbt_ecommerce_venv/lib/python3.12/site-packages (from boto3>=1.24->snowflake-connector-python<5.0.0,>=4.2.0->snowflake-connector-python[secure-local-storage]<5.0.0,>=4.2.0->dbt-snowflake) (1.1.0)
[2026-07-29T19:00:02.626+0000] {subprocess.py:93} INFO - Requirement already satisfied: s3transfer<0.20.0,>=0.19.0 in /opt/***/dbt_ecommerce_venv/lib/python3.12/site-packages (from boto3>=1.24->snowflake-connector-python<5.0.0,>=4.2.0->snowflake-connector-python[secure-local-storage]<5.0.0,>=4.2.0->dbt-snowflake) (0.19.2)
[2026-07-29T19:00:02.627+0000] {subprocess.py:93} INFO - Requirement already satisfied: urllib3!=2.2.0,<3,>=1.25.4 in /opt/***/dbt_ecommerce_venv/lib/python3.12/site-packages (from botocore>=1.24->snowflake-connector-python<5.0.0,>=4.2.0->snowflake-connector-python[secure-local-storage]<5.0.0,>=4.2.0->dbt-snowflake) (2.7.0)
[2026-07-29T19:00:02.629+0000] {subprocess.py:93} INFO - Requirement already satisfied: cffi>=2.0.0 in /opt/***/dbt_ecommerce_venv/lib/python3.12/site-packages (from cryptography>=46.0.5->snowflake-connector-python<5.0.0,>=4.2.0->snowflake-connector-python[secure-local-storage]<5.0.0,>=4.2.0->dbt-snowflake) (2.1.0)
[2026-07-29T19:00:02.633+0000] {subprocess.py:93} INFO - Requirement already satisfied: orderly-set<6,>=5.4.1 in /opt/***/dbt_ecommerce_venv/lib/python3.12/site-packages (from deepdiff<9.0,>=7.0->dbt-common<2.0,>=1.10->dbt-snowflake) (5.5.0)
[2026-07-29T19:00:02.636+0000] {subprocess.py:93} INFO - Requirement already satisfied: MarkupSafe>=2.0 in /opt/***/dbt_ecommerce_venv/lib/python3.12/site-packages (from jinja2<4,>=3.1.3->dbt-common<2.0,>=1.10->dbt-snowflake) (3.0.3)
[2026-07-29T19:00:02.637+0000] {subprocess.py:93} INFO - Requirement already satisfied: attrs>=22.2.0 in /opt/***/dbt_ecommerce_venv/lib/python3.12/site-packages (from jsonschema<5.0,>=4.0->dbt-common<2.0,>=1.10->dbt-snowflake) (26.1.0)
[2026-07-29T19:00:02.637+0000] {subprocess.py:93} INFO - Requirement already satisfied: jsonschema-specifications>=2023.03.6 in /opt/***/dbt_ecommerce_venv/lib/python3.12/site-packages (from jsonschema<5.0,>=4.0->dbt-common<2.0,>=1.10->dbt-snowflake) (2025.9.1)
[2026-07-29T19:00:02.638+0000] {subprocess.py:93} INFO - Requirement already satisfied: referencing>=0.28.4 in /opt/***/dbt_ecommerce_venv/lib/python3.12/site-packages (from jsonschema<5.0,>=4.0->dbt-common<2.0,>=1.10->dbt-snowflake) (0.37.0)
[2026-07-29T19:00:02.638+0000] {subprocess.py:93} INFO - Requirement already satisfied: rpds-py>=0.25.0 in /opt/***/dbt_ecommerce_venv/lib/python3.12/site-packages (from jsonschema<5.0,>=4.0->dbt-common<2.0,>=1.10->dbt-snowflake) (2026.6.3)
[2026-07-29T19:00:02.639+0000] {subprocess.py:93} INFO - Requirement already satisfied: SecretStorage>=3.2 in /opt/***/dbt_ecommerce_venv/lib/python3.12/site-packages (from keyring<26.0.0,>=23.1.0->snowflake-connector-python[secure-local-storage]<5.0.0,>=4.2.0->dbt-snowflake) (3.5.0)
[2026-07-29T19:00:02.640+0000] {subprocess.py:93} INFO - Requirement already satisfied: jeepney>=0.4.2 in /opt/***/dbt_ecommerce_venv/lib/python3.12/site-packages (from keyring<26.0.0,>=23.1.0->snowflake-connector-python[secure-local-storage]<5.0.0,>=4.2.0->dbt-snowflake) (0.9.0)
[2026-07-29T19:00:02.640+0000] {subprocess.py:93} INFO - Requirement already satisfied: jaraco.classes in /opt/***/dbt_ecommerce_venv/lib/python3.12/site-packages (from keyring<26.0.0,>=23.1.0->snowflake-connector-python[secure-local-storage]<5.0.0,>=4.2.0->dbt-snowflake) (3.4.0)
[2026-07-29T19:00:02.640+0000] {subprocess.py:93} INFO - Requirement already satisfied: jaraco.functools in /opt/***/dbt_ecommerce_venv/lib/python3.12/site-packages (from keyring<26.0.0,>=23.1.0->snowflake-connector-python[secure-local-storage]<5.0.0,>=4.2.0->dbt-snowflake) (4.6.0)
[2026-07-29T19:00:02.640+0000] {subprocess.py:93} INFO - Requirement already satisfied: jaraco.context in /opt/***/dbt_ecommerce_venv/lib/python3.12/site-packages (from keyring<26.0.0,>=23.1.0->snowflake-connector-python[secure-local-storage]<5.0.0,>=4.2.0->dbt-snowflake) (6.1.2)
[2026-07-29T19:00:02.643+0000] {subprocess.py:93} INFO - Requirement already satisfied: msgpack>=0.5.6 in /opt/***/dbt_ecommerce_venv/lib/python3.12/site-packages (from mashumaro[msgpack]<3.18,>=3.9->dbt-adapters<2.0,>=1.24.4->dbt-snowflake) (1.2.1)
[2026-07-29T19:00:02.650+0000] {subprocess.py:93} INFO - Requirement already satisfied: importlib-metadata>=4.0 in /opt/***/dbt_ecommerce_venv/lib/python3.12/site-packages (from metricflow<1.0,>=0.211.0->dbt-core<2.0,>=1.10.0rc0->dbt-snowflake) (9.0.0)
[2026-07-29T19:00:02.651+0000] {subprocess.py:93} INFO - Requirement already satisfied: more-itertools<11.0,>=10.0.0 in /opt/***/dbt_ecommerce_venv/lib/python3.12/site-packages (from metricflow<1.0,>=0.211.0->dbt-core<2.0,>=1.10.0rc0->dbt-snowflake) (10.8.0)
[2026-07-29T19:00:02.651+0000] {subprocess.py:93} INFO - Requirement already satisfied: rapidfuzz<4.0,>=3.0 in /opt/***/dbt_ecommerce_venv/lib/python3.12/site-packages (from metricflow<1.0,>=0.211.0->dbt-core<2.0,>=1.10.0rc0->dbt-snowflake) (3.14.5)
[2026-07-29T19:00:02.652+0000] {subprocess.py:93} INFO - Requirement already satisfied: sqlglot>=20.0.0 in /opt/***/dbt_ecommerce_venv/lib/python3.12/site-packages (from metricflow<1.0,>=0.211.0->dbt-core<2.0,>=1.10.0rc0->dbt-snowflake) (30.14.0)
[2026-07-29T19:00:02.652+0000] {subprocess.py:93} INFO - Requirement already satisfied: tabulate>=0.8.9 in /opt/***/dbt_ecommerce_venv/lib/python3.12/site-packages (from metricflow<1.0,>=0.211.0->dbt-core<2.0,>=1.10.0rc0->dbt-snowflake) (0.10.0)
[2026-07-29T19:00:02.658+0000] {subprocess.py:93} INFO - Requirement already satisfied: annotated-types>=0.6.0 in /opt/***/dbt_ecommerce_venv/lib/python3.12/site-packages (from pydantic<3->dbt-core<2.0,>=1.10.0rc0->dbt-snowflake) (0.8.0)
[2026-07-29T19:00:02.658+0000] {subprocess.py:93} INFO - Requirement already satisfied: pydantic-core==2.46.4 in /opt/***/dbt_ecommerce_venv/lib/python3.12/site-packages (from pydantic<3->dbt-core<2.0,>=1.10.0rc0->dbt-snowflake) (2.46.4)
[2026-07-29T19:00:02.658+0000] {subprocess.py:93} INFO - Requirement already satisfied: typing-inspection>=0.4.2 in /opt/***/dbt_ecommerce_venv/lib/python3.12/site-packages (from pydantic<3->dbt-core<2.0,>=1.10.0rc0->dbt-snowflake) (0.4.2)
[2026-07-29T19:00:02.661+0000] {subprocess.py:93} INFO - Requirement already satisfied: six>=1.5 in /opt/***/dbt_ecommerce_venv/lib/python3.12/site-packages (from python-dateutil<3.0,>=2.0->dbt-common<2.0,>=1.10->dbt-snowflake) (1.17.0)
[2026-07-29T19:00:02.663+0000] {subprocess.py:93} INFO - Requirement already satisfied: text-unidecode>=1.3 in /opt/***/dbt_ecommerce_venv/lib/python3.12/site-packages (from python-slugify>=1.2.1->agate->dbt-snowflake) (1.3)
[2026-07-29T19:00:02.671+0000] {subprocess.py:93} INFO - Requirement already satisfied: pycparser in /opt/***/dbt_ecommerce_venv/lib/python3.12/site-packages (from cffi>=2.0.0->cryptography>=46.0.5->snowflake-connector-python<5.0.0,>=4.2.0->snowflake-connector-python[secure-local-storage]<5.0.0,>=4.2.0->dbt-snowflake) (3.0)
[2026-07-29T19:00:02.672+0000] {subprocess.py:93} INFO - Requirement already satisfied: zipp>=3.20 in /opt/***/dbt_ecommerce_venv/lib/python3.12/site-packages (from importlib-metadata>=4.0->metricflow<1.0,>=0.211.0->dbt-core<2.0,>=1.10.0rc0->dbt-snowflake) (4.1.0)
[2026-07-29T19:00:02.910+0000] {subprocess.py:93} INFO - 
[2026-07-29T19:00:02.910+0000] {subprocess.py:93} INFO - [notice] A new release of pip is available: 24.2 -> 26.1.2
[2026-07-29T19:00:02.910+0000] {subprocess.py:93} INFO - [notice] To update, run: pip install --upgrade pip
[2026-07-29T19:00:03.765+0000] {subprocess.py:93} INFO - [0m19:00:03  Running with dbt=1.12.0
[2026-07-29T19:00:03.813+0000] {subprocess.py:93} INFO - [0m19:00:03  Warning: No packages were found in packages.yml
[2026-07-29T19:00:03.815+0000] {subprocess.py:93} INFO - [0m19:00:03  Warning: No packages were found in packages.yml
[2026-07-29T19:00:05.406+0000] {subprocess.py:93} INFO - [0m19:00:05  Running with dbt=1.12.0
[2026-07-29T19:00:05.677+0000] {subprocess.py:93} INFO - [0m19:00:05  Registered adapter: snowflake=1.12.0
[2026-07-29T19:00:05.839+0000] {subprocess.py:93} INFO - [0m19:00:05  Found 4 models, 1 source, 545 macros
[2026-07-29T19:00:05.840+0000] {subprocess.py:93} INFO - [0m19:00:05
[2026-07-29T19:00:05.840+0000] {subprocess.py:93} INFO - [0m19:00:05  Concurrency: 4 threads (target='dev')
[2026-07-29T19:00:05.841+0000] {subprocess.py:93} INFO - [0m19:00:05
[2026-07-29T19:00:06.693+0000] {subprocess.py:93} INFO - [0m19:00:06  1 of 4 START sql view model dev_matoxki.stg_clicks ............................. [RUN]
[2026-07-29T19:00:07.070+0000] {subprocess.py:93} INFO - [0m19:00:07  1 of 4 OK created sql view model dev_matoxki.stg_clicks ........................ [[32mSUCCESS 1[0m in 0.38s]
[2026-07-29T19:00:07.071+0000] {subprocess.py:93} INFO - [0m19:00:07  2 of 4 START sql view model dev_matoxki.int_sessions ........................... [RUN]
[2026-07-29T19:00:08.093+0000] {subprocess.py:93} INFO - [0m19:00:08  2 of 4 OK created sql view model dev_matoxki.int_sessions ...................... [[32mSUCCESS 1[0m in 1.02s]
[2026-07-29T19:00:08.096+0000] {subprocess.py:93} INFO - [0m19:00:08  3 of 4 START sql view model dev_matoxki.fact_customer_sessions ................. [RUN]
[2026-07-29T19:00:09.316+0000] {subprocess.py:93} INFO - [0m19:00:09  3 of 4 OK created sql view model dev_matoxki.fact_customer_sessions ............ [[32mSUCCESS 1[0m in 1.22s]
[2026-07-29T19:00:09.318+0000] {subprocess.py:93} INFO - [0m19:00:09  4 of 4 START sql view model dev_matoxki.mart_abandoned_carts ................... [RUN]
[2026-07-29T19:00:10.112+0000] {subprocess.py:93} INFO - [0m19:00:10  4 of 4 OK created sql view model dev_matoxki.mart_abandoned_carts .............. [[32mSUCCESS 1[0m in 0.79s]
[2026-07-29T19:00:10.747+0000] {subprocess.py:93} INFO - [0m19:00:10
[2026-07-29T19:00:10.748+0000] {subprocess.py:93} INFO - [0m19:00:10  Finished running 4 view models in 0 hours 0 minutes and 4.91 seconds (4.91s).
[2026-07-29T19:00:10.791+0000] {subprocess.py:93} INFO - [0m19:00:10
[2026-07-29T19:00:10.791+0000] {subprocess.py:93} INFO - [0m19:00:10  [32mCompleted successfully[0m
[2026-07-29T19:00:10.791+0000] {subprocess.py:93} INFO - [0m19:00:10
[2026-07-29T19:00:10.792+0000] {subprocess.py:93} INFO - [0m19:00:10  Done. PASS=4 WARN=0 ERROR=0 SKIP=0 NO-OP=0 REUSED=0 TOTAL=4
[2026-07-29T19:00:12.454+0000] {subprocess.py:93} INFO - [0m19:00:12  Running with dbt=1.12.0
[2026-07-29T19:00:12.701+0000] {subprocess.py:93} INFO - [0m19:00:12  Registered adapter: snowflake=1.12.0
[2026-07-29T19:00:12.851+0000] {subprocess.py:93} INFO - [0m19:00:12  Found 4 models, 1 source, 545 macros
[2026-07-29T19:00:12.853+0000] {subprocess.py:93} INFO - [0m19:00:12  [[33mWARNING[0m]: Nothing to do. Try checking your model configs and model specification args
[2026-07-29T19:00:13.631+0000] {subprocess.py:97} INFO - Command exited with return code 0
[2026-07-29T19:00:13.640+0000] {taskinstance.py:340} INFO - ::group::Post task execution logs
[2026-07-29T19:00:13.640+0000] {taskinstance.py:352} INFO - Marking task as SUCCESS. dag_id=ecommerce_dbt_transformation, task_id=run_dbt_models, run_id=scheduled__2026-07-29T18:00:00+00:00, execution_date=20260729T180000, start_date=20260729T190001, end_date=20260729T190013
[2026-07-29T19:00:13.643+0000] {logging_mixin.py:190} INFO - Task instance in success state
[2026-07-29T19:00:13.643+0000] {logging_mixin.py:190} INFO -  Previous state of the Task instance: running
[2026-07-29T19:00:13.643+0000] {logging_mixin.py:190} INFO - Dag name:ecommerce_dbt_transformation queued_at:2026-07-29 19:00:00.570012+00:00
[2026-07-29T19:00:13.644+0000] {logging_mixin.py:190} INFO - Task hostname:***-worker operator:BashOperator
[2026-07-29T19:00:13.662+0000] {local_task_job_runner.py:261} INFO - Task exited with return code 0
[2026-07-29T19:00:13.669+0000] {taskinstance.py:3891} INFO - 0 downstream tasks scheduled from follow-on schedule check
[2026-07-29T19:00:13.669+0000] {local_task_job_runner.py:240} INFO - ::endgroup::
