[2026-07-29T15:31:11.156+0000] {local_task_job_runner.py:123} INFO - ::group::Pre task execution logs
[2026-07-29T15:31:11.162+0000] {taskinstance.py:2603} INFO - Dependencies all met for dep_context=non-requeueable deps ti=<TaskInstance: vienna_mobility_weather_pipeline.run_dbt_models scheduled__2026-07-28T00:00:00+00:00 [queued]>
[2026-07-29T15:31:11.164+0000] {taskinstance.py:2603} INFO - Dependencies all met for dep_context=requeueable deps ti=<TaskInstance: vienna_mobility_weather_pipeline.run_dbt_models scheduled__2026-07-28T00:00:00+00:00 [queued]>
[2026-07-29T15:31:11.164+0000] {taskinstance.py:2856} INFO - Starting attempt 1 of 3
[2026-07-29T15:31:11.168+0000] {taskinstance.py:2879} INFO - Executing <Task(BashOperator): run_dbt_models> on 2026-07-28 00:00:00+00:00
[2026-07-29T15:31:11.170+0000] {warnings.py:112} WARNING - /home/***/.local/lib/python3.12/site-packages/***/task/task_runner/standard_task_runner.py:70: DeprecationWarning: This process (pid=213) is multi-threaded, use of fork() may lead to deadlocks in the child.
  pid = os.fork()

[2026-07-29T15:31:11.171+0000] {standard_task_runner.py:72} INFO - Started process 215 to run task
[2026-07-29T15:31:11.172+0000] {standard_task_runner.py:104} INFO - Running: ['***', 'tasks', 'run', 'vienna_mobility_weather_pipeline', 'run_dbt_models', 'scheduled__2026-07-28T00:00:00+00:00', '--job-id', '9', '--raw', '--subdir', 'DAGS_FOLDER/vienna_transit_pipeline/vienna_pipeline_dag.py', '--cfg-path', '/tmp/tmpis8lx9iw']
[2026-07-29T15:31:11.172+0000] {standard_task_runner.py:105} INFO - Job 9: Subtask run_dbt_models
[2026-07-29T15:31:11.189+0000] {task_command.py:467} INFO - Running <TaskInstance: vienna_mobility_weather_pipeline.run_dbt_models scheduled__2026-07-28T00:00:00+00:00 [running]> on host ***-worker
[2026-07-29T15:31:11.213+0000] {taskinstance.py:3122} INFO - Exporting env vars: AIRFLOW_CTX_DAG_OWNER='data_engineer' AIRFLOW_CTX_DAG_ID='vienna_mobility_weather_pipeline' AIRFLOW_CTX_TASK_ID='run_dbt_models' AIRFLOW_CTX_EXECUTION_DATE='2026-07-28T00:00:00+00:00' AIRFLOW_CTX_TRY_NUMBER='1' AIRFLOW_CTX_DAG_RUN_ID='scheduled__2026-07-28T00:00:00+00:00'
[2026-07-29T15:31:11.214+0000] {logging_mixin.py:190} INFO - Task instance is in running state
[2026-07-29T15:31:11.214+0000] {logging_mixin.py:190} INFO -  Previous state of the Task instance: queued
[2026-07-29T15:31:11.214+0000] {logging_mixin.py:190} INFO - Current task name:run_dbt_models state:running start_date:2026-07-29 15:31:11.162390+00:00
[2026-07-29T15:31:11.214+0000] {logging_mixin.py:190} INFO - Dag name:vienna_mobility_weather_pipeline and current dag run status:running
[2026-07-29T15:31:11.214+0000] {taskinstance.py:731} INFO - ::endgroup::
[2026-07-29T15:31:11.214+0000] {subprocess.py:63} INFO - Tmp dir root location: /tmp
[2026-07-29T15:31:11.215+0000] {subprocess.py:75} INFO - Running command: ['/usr/bin/bash', '-c', 'python3 -m venv /opt/***/dbt_venv && source /opt/***/dbt_venv/bin/activate && pip install --no-cache-dir dbt-bigquery && export KEYFILE_PATH=/opt/***/dags/vienna_transit_pipeline/service_account_key.json && cd /opt/***/dags/vienna_transit_pipeline/vienna_transforms && dbt run --profiles-dir . && dbt test --profiles-dir .']
[2026-07-29T15:31:11.218+0000] {subprocess.py:86} INFO - Output:
[2026-07-29T15:31:13.175+0000] {subprocess.py:93} INFO - Collecting dbt-bigquery
[2026-07-29T15:31:13.300+0000] {subprocess.py:93} INFO -   Downloading dbt_bigquery-1.12.0-py3-none-any.whl.metadata (3.3 kB)
[2026-07-29T15:31:13.350+0000] {subprocess.py:93} INFO - Collecting dbt-adapters<2.0,>=1.24.4 (from dbt-bigquery)
[2026-07-29T15:31:13.377+0000] {subprocess.py:93} INFO -   Downloading dbt_adapters-1.24.5-py3-none-any.whl.metadata (4.6 kB)
[2026-07-29T15:31:13.425+0000] {subprocess.py:93} INFO - Collecting dbt-common<2.0,>=1.10 (from dbt-bigquery)
[2026-07-29T15:31:13.452+0000] {subprocess.py:93} INFO -   Downloading dbt_common-1.38.0-py3-none-any.whl.metadata (5.0 kB)
[2026-07-29T15:31:13.547+0000] {subprocess.py:93} INFO - Collecting dbt-core<2.0,>=1.10.0rc0 (from dbt-bigquery)
[2026-07-29T15:31:13.571+0000] {subprocess.py:93} INFO -   Downloading dbt_core-1.12.0-py3-none-any.whl.metadata (4.5 kB)
[2026-07-29T15:31:13.696+0000] {subprocess.py:93} INFO - Collecting google-api-core>=2.11.0 (from dbt-bigquery)
[2026-07-29T15:31:13.718+0000] {subprocess.py:93} INFO -   Downloading google_api_core-2.33.0-py3-none-any.whl.metadata (3.2 kB)
[2026-07-29T15:31:13.795+0000] {subprocess.py:93} INFO - Collecting google-auth>=2.29.0 (from dbt-bigquery)
[2026-07-29T15:31:13.820+0000] {subprocess.py:93} INFO -   Downloading google_auth-2.56.2-py3-none-any.whl.metadata (6.0 kB)
[2026-07-29T15:31:13.880+0000] {subprocess.py:93} INFO - Collecting google-cloud-aiplatform>=1.148.0 (from dbt-bigquery)
[2026-07-29T15:31:13.908+0000] {subprocess.py:93} INFO -   Downloading google_cloud_aiplatform-1.163.0-py2.py3-none-any.whl.metadata (51 kB)
[2026-07-29T15:31:14.024+0000] {subprocess.py:93} INFO - Collecting google-cloud-bigquery<4.0,>=3.0 (from google-cloud-bigquery[pandas]<4.0,>=3.0->dbt-bigquery)
[2026-07-29T15:31:14.048+0000] {subprocess.py:93} INFO -   Downloading google_cloud_bigquery-3.42.2-py3-none-any.whl.metadata (8.0 kB)
[2026-07-29T15:31:14.094+0000] {subprocess.py:93} INFO - Collecting google-cloud-dataproc~=5.0 (from dbt-bigquery)
[2026-07-29T15:31:14.194+0000] {subprocess.py:93} INFO -   Downloading google_cloud_dataproc-5.30.0-py3-none-any.whl.metadata (9.4 kB)
[2026-07-29T15:31:14.256+0000] {subprocess.py:93} INFO - Collecting google-cloud-storage<3.2,>=2.4 (from dbt-bigquery)
[2026-07-29T15:31:14.282+0000] {subprocess.py:93} INFO -   Downloading google_cloud_storage-3.1.1-py3-none-any.whl.metadata (13 kB)
[2026-07-29T15:31:14.320+0000] {subprocess.py:93} INFO - Collecting nbformat>=5.10.4 (from dbt-bigquery)
[2026-07-29T15:31:14.341+0000] {subprocess.py:93} INFO -   Downloading nbformat-5.10.4-py3-none-any.whl.metadata (3.6 kB)
[2026-07-29T15:31:14.381+0000] {subprocess.py:93} INFO - Collecting agate<2.0,>=1.0 (from dbt-adapters<2.0,>=1.24.4->dbt-bigquery)
[2026-07-29T15:31:14.407+0000] {subprocess.py:93} INFO -   Downloading agate-1.14.2-py3-none-any.whl.metadata (3.1 kB)
[2026-07-29T15:31:14.452+0000] {subprocess.py:93} INFO - Collecting dbt-protos<2.0,>=1.0.291 (from dbt-adapters<2.0,>=1.24.4->dbt-bigquery)
[2026-07-29T15:31:14.475+0000] {subprocess.py:93} INFO -   Downloading dbt_protos-1.0.541-py3-none-any.whl.metadata (859 bytes)
[2026-07-29T15:31:14.526+0000] {subprocess.py:93} INFO - Collecting mashumaro<3.18,>=3.9 (from mashumaro[msgpack]<3.18,>=3.9->dbt-adapters<2.0,>=1.24.4->dbt-bigquery)
[2026-07-29T15:31:14.549+0000] {subprocess.py:93} INFO -   Downloading mashumaro-3.17-py3-none-any.whl.metadata (118 kB)
[2026-07-29T15:31:14.794+0000] {subprocess.py:93} INFO - Collecting protobuf<7.0,>=6.0 (from dbt-adapters<2.0,>=1.24.4->dbt-bigquery)
[2026-07-29T15:31:14.827+0000] {subprocess.py:93} INFO -   Downloading protobuf-6.33.6-cp39-abi3-manylinux2014_aarch64.whl.metadata (593 bytes)
[2026-07-29T15:31:14.877+0000] {subprocess.py:93} INFO - Collecting pytz>=2015.7 (from dbt-adapters<2.0,>=1.24.4->dbt-bigquery)
[2026-07-29T15:31:14.897+0000] {subprocess.py:93} INFO -   Downloading pytz-2026.3.post1-py2.py3-none-any.whl.metadata (22 kB)
[2026-07-29T15:31:14.938+0000] {subprocess.py:93} INFO - Collecting typing-extensions<5.0,>=4.0 (from dbt-adapters<2.0,>=1.24.4->dbt-bigquery)
[2026-07-29T15:31:14.964+0000] {subprocess.py:93} INFO -   Downloading typing_extensions-4.16.0-py3-none-any.whl.metadata (3.3 kB)
[2026-07-29T15:31:14.967+0000] {subprocess.py:93} INFO - Collecting agate<2.0,>=1.0 (from dbt-adapters<2.0,>=1.24.4->dbt-bigquery)
[2026-07-29T15:31:14.992+0000] {subprocess.py:93} INFO -   Downloading agate-1.9.1-py2.py3-none-any.whl.metadata (3.2 kB)
[2026-07-29T15:31:15.030+0000] {subprocess.py:93} INFO - Collecting colorama<0.5,>=0.3.9 (from dbt-common<2.0,>=1.10->dbt-bigquery)
[2026-07-29T15:31:15.060+0000] {subprocess.py:93} INFO -   Downloading colorama-0.4.6-py2.py3-none-any.whl.metadata (17 kB)
[2026-07-29T15:31:15.109+0000] {subprocess.py:93} INFO - Collecting deepdiff<9.0,>=7.0 (from dbt-common<2.0,>=1.10->dbt-bigquery)
[2026-07-29T15:31:15.134+0000] {subprocess.py:93} INFO -   Downloading deepdiff-8.6.2-py3-none-any.whl.metadata (8.8 kB)
[2026-07-29T15:31:15.251+0000] {subprocess.py:93} INFO - Collecting isodate<0.8,>=0.6 (from dbt-common<2.0,>=1.10->dbt-bigquery)
[2026-07-29T15:31:15.279+0000] {subprocess.py:93} INFO -   Downloading isodate-0.7.2-py3-none-any.whl.metadata (11 kB)
[2026-07-29T15:31:15.325+0000] {subprocess.py:93} INFO - Collecting jinja2<4,>=3.1.3 (from dbt-common<2.0,>=1.10->dbt-bigquery)
[2026-07-29T15:31:15.349+0000] {subprocess.py:93} INFO -   Downloading jinja2-3.1.6-py3-none-any.whl.metadata (2.9 kB)
[2026-07-29T15:31:15.406+0000] {subprocess.py:93} INFO - Collecting jsonschema<5.0,>=4.0 (from dbt-common<2.0,>=1.10->dbt-bigquery)
[2026-07-29T15:31:15.429+0000] {subprocess.py:93} INFO -   Downloading jsonschema-4.26.0-py3-none-any.whl.metadata (7.6 kB)
[2026-07-29T15:31:15.468+0000] {subprocess.py:93} INFO - Collecting pathspec<1.1,>=0.9 (from dbt-common<2.0,>=1.10->dbt-bigquery)
[2026-07-29T15:31:15.495+0000] {subprocess.py:93} INFO -   Downloading pathspec-1.0.4-py3-none-any.whl.metadata (13 kB)
[2026-07-29T15:31:15.534+0000] {subprocess.py:93} INFO - Collecting python-dateutil<3.0,>=2.0 (from dbt-common<2.0,>=1.10->dbt-bigquery)
[2026-07-29T15:31:15.560+0000] {subprocess.py:93} INFO -   Downloading python_dateutil-2.9.0.post0-py2.py3-none-any.whl.metadata (8.4 kB)
[2026-07-29T15:31:15.606+0000] {subprocess.py:93} INFO - Collecting requests<3.0.0 (from dbt-common<2.0,>=1.10->dbt-bigquery)
[2026-07-29T15:31:15.627+0000] {subprocess.py:93} INFO -   Downloading requests-2.34.2-py3-none-any.whl.metadata (4.8 kB)
[2026-07-29T15:31:15.672+0000] {subprocess.py:93} INFO - Collecting click<9.0,>=8.3.0 (from dbt-core<2.0,>=1.10.0rc0->dbt-bigquery)
[2026-07-29T15:31:15.768+0000] {subprocess.py:93} INFO -   Downloading click-8.4.2-py3-none-any.whl.metadata (2.6 kB)
[2026-07-29T15:31:15.803+0000] {subprocess.py:93} INFO - Collecting daff>=1.3.46 (from dbt-core<2.0,>=1.10.0rc0->dbt-bigquery)
[2026-07-29T15:31:15.828+0000] {subprocess.py:93} INFO -   Downloading daff-1.4.2-py3-none-any.whl.metadata (10 kB)
[2026-07-29T15:31:15.870+0000] {subprocess.py:93} INFO - Collecting dbt-core-experimental-parser<3,>=2.0.0a4 (from dbt-core<2.0,>=1.10.0rc0->dbt-bigquery)
[2026-07-29T15:31:15.898+0000] {subprocess.py:93} INFO -   Downloading dbt_core_experimental_parser-2.0.0a5.tar.gz (4.5 kB)
[2026-07-29T15:31:15.901+0000] {subprocess.py:93} INFO -   Installing build dependencies: started
[2026-07-29T15:31:16.447+0000] {subprocess.py:93} INFO -   Installing build dependencies: finished with status 'done'
[2026-07-29T15:31:16.447+0000] {subprocess.py:93} INFO -   Getting requirements to build wheel: started
[2026-07-29T15:31:16.590+0000] {subprocess.py:93} INFO -   Getting requirements to build wheel: finished with status 'done'
[2026-07-29T15:31:16.590+0000] {subprocess.py:93} INFO -   Preparing metadata (pyproject.toml): started
[2026-07-29T15:31:18.305+0000] {subprocess.py:93} INFO -   Preparing metadata (pyproject.toml): finished with status 'done'
[2026-07-29T15:31:18.425+0000] {subprocess.py:93} INFO - Collecting dbt-extractor<=0.6,>=0.5.0 (from dbt-core<2.0,>=1.10.0rc0->dbt-bigquery)
[2026-07-29T15:31:18.452+0000] {subprocess.py:93} INFO -   Downloading dbt_extractor-0.6.0-cp39-abi3-manylinux_2_17_aarch64.manylinux2014_aarch64.whl.metadata (4.6 kB)
[2026-07-29T15:31:18.503+0000] {subprocess.py:93} INFO - Collecting metricflow<1.0,>=0.211.0 (from dbt-core<2.0,>=1.10.0rc0->dbt-bigquery)
[2026-07-29T15:31:18.529+0000] {subprocess.py:93} INFO -   Downloading metricflow-0.211.0-py3-none-any.whl.metadata (19 kB)
[2026-07-29T15:31:18.586+0000] {subprocess.py:93} INFO - Collecting networkx<4.0,>=2.3 (from dbt-core<2.0,>=1.10.0rc0->dbt-bigquery)
[2026-07-29T15:31:18.611+0000] {subprocess.py:93} INFO -   Downloading networkx-3.6.1-py3-none-any.whl.metadata (6.8 kB)
[2026-07-29T15:31:18.653+0000] {subprocess.py:93} INFO - Collecting packaging>20.9 (from dbt-core<2.0,>=1.10.0rc0->dbt-bigquery)
[2026-07-29T15:31:18.680+0000] {subprocess.py:93} INFO -   Downloading packaging-26.2-py3-none-any.whl.metadata (3.5 kB)
[2026-07-29T15:31:18.788+0000] {subprocess.py:93} INFO - Collecting pydantic<3 (from dbt-core<2.0,>=1.10.0rc0->dbt-bigquery)
[2026-07-29T15:31:18.812+0000] {subprocess.py:93} INFO -   Downloading pydantic-2.13.4-py3-none-any.whl.metadata (109 kB)
[2026-07-29T15:31:18.923+0000] {subprocess.py:93} INFO - Collecting python-dotenv>=1.2 (from dbt-core<2.0,>=1.10.0rc0->dbt-bigquery)
[2026-07-29T15:31:18.947+0000] {subprocess.py:93} INFO -   Downloading python_dotenv-1.2.2-py3-none-any.whl.metadata (27 kB)
[2026-07-29T15:31:19.002+0000] {subprocess.py:93} INFO - Collecting pyyaml>=6.0 (from dbt-core<2.0,>=1.10.0rc0->dbt-bigquery)
[2026-07-29T15:31:19.027+0000] {subprocess.py:93} INFO -   Downloading pyyaml-6.0.3-cp312-cp312-manylinux2014_aarch64.manylinux_2_17_aarch64.manylinux_2_28_aarch64.whl.metadata (2.4 kB)
[2026-07-29T15:31:19.064+0000] {subprocess.py:93} INFO - Collecting snowplow-tracker<2.0,>=1.0.2 (from dbt-core<2.0,>=1.10.0rc0->dbt-bigquery)
[2026-07-29T15:31:19.088+0000] {subprocess.py:93} INFO -   Downloading snowplow_tracker-1.1.0-py3-none-any.whl.metadata (5.7 kB)
[2026-07-29T15:31:19.127+0000] {subprocess.py:93} INFO - Collecting sqlparse<0.6.0,>=0.5.5 (from dbt-core<2.0,>=1.10.0rc0->dbt-bigquery)
[2026-07-29T15:31:19.152+0000] {subprocess.py:93} INFO -   Downloading sqlparse-0.5.5-py3-none-any.whl.metadata (4.7 kB)
[2026-07-29T15:31:19.195+0000] {subprocess.py:93} INFO - Collecting googleapis-common-protos<2.0.0,>=1.63.2 (from google-api-core>=2.11.0->dbt-bigquery)
[2026-07-29T15:31:19.219+0000] {subprocess.py:93} INFO -   Downloading googleapis_common_protos-1.75.0-py3-none-any.whl.metadata (8.6 kB)
[2026-07-29T15:31:19.267+0000] {subprocess.py:93} INFO - Collecting proto-plus<2.0.0,>=1.24.0 (from google-api-core>=2.11.0->dbt-bigquery)
[2026-07-29T15:31:19.290+0000] {subprocess.py:93} INFO -   Downloading proto_plus-1.28.2-py3-none-any.whl.metadata (2.2 kB)
[2026-07-29T15:31:19.338+0000] {subprocess.py:93} INFO - Collecting pyasn1-modules>=0.2.1 (from google-auth>=2.29.0->dbt-bigquery)
[2026-07-29T15:31:19.438+0000] {subprocess.py:93} INFO -   Downloading pyasn1_modules-0.4.2-py3-none-any.whl.metadata (3.5 kB)
[2026-07-29T15:31:19.585+0000] {subprocess.py:93} INFO - Collecting cryptography>=38.0.3 (from google-auth>=2.29.0->dbt-bigquery)
[2026-07-29T15:31:19.609+0000] {subprocess.py:93} INFO -   Downloading cryptography-49.0.0-cp311-abi3-manylinux_2_34_aarch64.whl.metadata (4.3 kB)
[2026-07-29T15:31:19.675+0000] {subprocess.py:93} INFO - Collecting certifi>=2023.7.22 (from google-cloud-aiplatform>=1.148.0->dbt-bigquery)
[2026-07-29T15:31:19.696+0000] {subprocess.py:93} INFO -   Downloading certifi-2026.7.22-py3-none-any.whl.metadata (2.5 kB)
[2026-07-29T15:31:19.769+0000] {subprocess.py:93} INFO - Collecting google-cloud-resource-manager<3.0.0,>=1.3.3 (from google-cloud-aiplatform>=1.148.0->dbt-bigquery)
[2026-07-29T15:31:19.794+0000] {subprocess.py:93} INFO -   Downloading google_cloud_resource_manager-1.18.0-py3-none-any.whl.metadata (9.7 kB)
[2026-07-29T15:31:19.840+0000] {subprocess.py:93} INFO - Collecting google-genai<3.0.0,>=1.66.0 (from google-cloud-aiplatform>=1.148.0->dbt-bigquery)
[2026-07-29T15:31:19.861+0000] {subprocess.py:93} INFO -   Downloading google_genai-2.14.0-py3-none-any.whl.metadata (55 kB)
[2026-07-29T15:31:19.967+0000] {subprocess.py:93} INFO - Collecting docstring_parser<1 (from google-cloud-aiplatform>=1.148.0->dbt-bigquery)
[2026-07-29T15:31:19.995+0000] {subprocess.py:93} INFO -   Downloading docstring_parser-0.18.0-py3-none-any.whl.metadata (3.5 kB)
[2026-07-29T15:31:20.063+0000] {subprocess.py:93} INFO - Collecting google-cloud-core<3.0.0,>=2.4.1 (from google-cloud-bigquery<4.0,>=3.0->google-cloud-bigquery[pandas]<4.0,>=3.0->dbt-bigquery)
[2026-07-29T15:31:20.085+0000] {subprocess.py:93} INFO -   Downloading google_cloud_core-2.6.0-py3-none-any.whl.metadata (2.8 kB)
[2026-07-29T15:31:20.129+0000] {subprocess.py:93} INFO - Collecting google-resumable-media<3.0.0,>=2.0.0 (from google-cloud-bigquery<4.0,>=3.0->google-cloud-bigquery[pandas]<4.0,>=3.0->dbt-bigquery)
[2026-07-29T15:31:20.151+0000] {subprocess.py:93} INFO -   Downloading google_resumable_media-2.10.0-py3-none-any.whl.metadata (2.2 kB)
[2026-07-29T15:31:20.254+0000] {subprocess.py:93} INFO - Collecting pandas>=1.3.0 (from google-cloud-bigquery[pandas]<4.0,>=3.0->dbt-bigquery)
[2026-07-29T15:31:20.280+0000] {subprocess.py:93} INFO -   Downloading pandas-3.0.5-cp312-cp312-manylinux_2_24_aarch64.manylinux_2_28_aarch64.whl.metadata (79 kB)
[2026-07-29T15:31:20.331+0000] {subprocess.py:93} INFO - Collecting pandas-gbq>=0.26.1 (from google-cloud-bigquery[pandas]<4.0,>=3.0->dbt-bigquery)
[2026-07-29T15:31:20.353+0000] {subprocess.py:93} INFO -   Downloading pandas_gbq-0.35.0-py3-none-any.whl.metadata (3.7 kB)
[2026-07-29T15:31:20.737+0000] {subprocess.py:93} INFO - Collecting grpcio<2.0.0,>=1.47.0 (from google-cloud-bigquery[pandas]<4.0,>=3.0->dbt-bigquery)
[2026-07-29T15:31:20.767+0000] {subprocess.py:93} INFO -   Downloading grpcio-1.83.0-cp312-cp312-manylinux2014_aarch64.manylinux_2_17_aarch64.whl.metadata (3.7 kB)
[2026-07-29T15:31:20.843+0000] {subprocess.py:93} INFO - Collecting pyarrow>=3.0.0 (from google-cloud-bigquery[pandas]<4.0,>=3.0->dbt-bigquery)
[2026-07-29T15:31:20.871+0000] {subprocess.py:93} INFO -   Downloading pyarrow-25.0.0-cp312-cp312-manylinux_2_28_aarch64.whl.metadata (3.0 kB)
[2026-07-29T15:31:20.908+0000] {subprocess.py:93} INFO - Collecting db-dtypes<2.0.0,>=1.0.4 (from google-cloud-bigquery[pandas]<4.0,>=3.0->dbt-bigquery)
[2026-07-29T15:31:21.012+0000] {subprocess.py:93} INFO -   Downloading db_dtypes-1.7.1-py3-none-any.whl.metadata (3.3 kB)
[2026-07-29T15:31:21.097+0000] {subprocess.py:93} INFO - Collecting grpc-google-iam-v1<1.0.0,>=0.14.2 (from google-cloud-dataproc~=5.0->dbt-bigquery)
[2026-07-29T15:31:21.120+0000] {subprocess.py:93} INFO -   Downloading grpc_google_iam_v1-0.14.4-py3-none-any.whl.metadata (9.1 kB)
[2026-07-29T15:31:21.227+0000] {subprocess.py:93} INFO - Collecting google-crc32c<2.0.0,>=1.1.3 (from google-cloud-storage<3.2,>=2.4->dbt-bigquery)
[2026-07-29T15:31:21.252+0000] {subprocess.py:93} INFO -   Downloading google_crc32c-1.8.0-cp312-cp312-manylinux2014_aarch64.manylinux_2_17_aarch64.whl.metadata (1.7 kB)
[2026-07-29T15:31:21.287+0000] {subprocess.py:93} INFO - Collecting fastjsonschema>=2.15 (from nbformat>=5.10.4->dbt-bigquery)
[2026-07-29T15:31:21.310+0000] {subprocess.py:93} INFO -   Downloading fastjsonschema-2.22.1-py3-none-any.whl.metadata (2.1 kB)
[2026-07-29T15:31:21.352+0000] {subprocess.py:93} INFO - Collecting jupyter-core!=5.0.*,>=4.12 (from nbformat>=5.10.4->dbt-bigquery)
[2026-07-29T15:31:21.379+0000] {subprocess.py:93} INFO -   Downloading jupyter_core-5.9.1-py3-none-any.whl.metadata (1.5 kB)
[2026-07-29T15:31:21.418+0000] {subprocess.py:93} INFO - Collecting traitlets>=5.1 (from nbformat>=5.10.4->dbt-bigquery)
[2026-07-29T15:31:21.443+0000] {subprocess.py:93} INFO -   Downloading traitlets-5.15.1-py3-none-any.whl.metadata (10 kB)
[2026-07-29T15:31:21.563+0000] {subprocess.py:93} INFO - Collecting Babel>=2.0 (from agate<2.0,>=1.0->dbt-adapters<2.0,>=1.24.4->dbt-bigquery)
[2026-07-29T15:31:21.586+0000] {subprocess.py:93} INFO -   Downloading babel-2.18.0-py3-none-any.whl.metadata (2.2 kB)
[2026-07-29T15:31:21.619+0000] {subprocess.py:93} INFO - Collecting leather>=0.3.2 (from agate<2.0,>=1.0->dbt-adapters<2.0,>=1.24.4->dbt-bigquery)
[2026-07-29T15:31:21.643+0000] {subprocess.py:93} INFO -   Downloading leather-0.4.1-py3-none-any.whl.metadata (3.0 kB)
[2026-07-29T15:31:21.771+0000] {subprocess.py:93} INFO - Collecting parsedatetime!=2.5,>=2.1 (from agate<2.0,>=1.0->dbt-adapters<2.0,>=1.24.4->dbt-bigquery)
[2026-07-29T15:31:21.797+0000] {subprocess.py:93} INFO -   Downloading parsedatetime-2.6-py3-none-any.whl.metadata (4.7 kB)
[2026-07-29T15:31:21.831+0000] {subprocess.py:93} INFO - Collecting python-slugify>=1.2.1 (from agate<2.0,>=1.0->dbt-adapters<2.0,>=1.24.4->dbt-bigquery)
[2026-07-29T15:31:21.853+0000] {subprocess.py:93} INFO -   Downloading python_slugify-8.0.4-py2.py3-none-any.whl.metadata (8.5 kB)
[2026-07-29T15:31:21.885+0000] {subprocess.py:93} INFO - Collecting pytimeparse>=1.1.5 (from agate<2.0,>=1.0->dbt-adapters<2.0,>=1.24.4->dbt-bigquery)
[2026-07-29T15:31:21.910+0000] {subprocess.py:93} INFO -   Downloading pytimeparse-1.1.8-py2.py3-none-any.whl.metadata (3.4 kB)
[2026-07-29T15:31:21.986+0000] {subprocess.py:93} INFO - Collecting cffi>=2.0.0 (from cryptography>=38.0.3->google-auth>=2.29.0->dbt-bigquery)
[2026-07-29T15:31:22.084+0000] {subprocess.py:93} INFO -   Downloading cffi-2.1.0-cp312-cp312-manylinux2014_aarch64.manylinux_2_17_aarch64.whl.metadata (2.5 kB)
[2026-07-29T15:31:22.210+0000] {subprocess.py:93} INFO - Collecting numpy>=1.24.0 (from db-dtypes<2.0.0,>=1.0.4->google-cloud-bigquery[pandas]<4.0,>=3.0->dbt-bigquery)
[2026-07-29T15:31:22.236+0000] {subprocess.py:93} INFO -   Downloading numpy-2.5.1-cp312-cp312-manylinux_2_27_aarch64.manylinux_2_28_aarch64.whl.metadata (6.6 kB)
[2026-07-29T15:31:22.296+0000] {subprocess.py:93} INFO - Collecting orderly-set<6,>=5.4.1 (from deepdiff<9.0,>=7.0->dbt-common<2.0,>=1.10->dbt-bigquery)
[2026-07-29T15:31:22.325+0000] {subprocess.py:93} INFO -   Downloading orderly_set-5.5.0-py3-none-any.whl.metadata (6.6 kB)
[2026-07-29T15:31:22.380+0000] {subprocess.py:93} INFO - Collecting grpcio-status<2.0.0,>=1.41.0 (from google-api-core[grpc]!=2.0.*,!=2.1.*,!=2.2.*,!=2.3.*,!=2.4.*,!=2.5.*,!=2.6.*,!=2.7.*,<3.0.0,>=1.34.1->google-cloud-aiplatform>=1.148.0->dbt-bigquery)
[2026-07-29T15:31:22.406+0000] {subprocess.py:93} INFO -   Downloading grpcio_status-1.83.0-py3-none-any.whl.metadata (1.2 kB)
[2026-07-29T15:31:22.472+0000] {subprocess.py:93} INFO - Collecting anyio<5.0.0,>=4.8.0 (from google-genai<3.0.0,>=1.66.0->google-cloud-aiplatform>=1.148.0->dbt-bigquery)
[2026-07-29T15:31:22.493+0000] {subprocess.py:93} INFO -   Downloading anyio-4.14.2-py3-none-any.whl.metadata (4.6 kB)
[2026-07-29T15:31:22.617+0000] {subprocess.py:93} INFO - Collecting httpx<1.0.0,>=0.28.1 (from google-genai<3.0.0,>=1.66.0->google-cloud-aiplatform>=1.148.0->dbt-bigquery)
[2026-07-29T15:31:22.645+0000] {subprocess.py:93} INFO -   Downloading httpx-0.28.1-py3-none-any.whl.metadata (7.1 kB)
[2026-07-29T15:31:22.685+0000] {subprocess.py:93} INFO - Collecting tenacity<9.2.0,>=8.2.3 (from google-genai<3.0.0,>=1.66.0->google-cloud-aiplatform>=1.148.0->dbt-bigquery)
[2026-07-29T15:31:22.708+0000] {subprocess.py:93} INFO -   Downloading tenacity-9.1.4-py3-none-any.whl.metadata (1.2 kB)
[2026-07-29T15:31:22.780+0000] {subprocess.py:93} INFO - Collecting websockets<17.0,>=13.0.0 (from google-genai<3.0.0,>=1.66.0->google-cloud-aiplatform>=1.148.0->dbt-bigquery)
[2026-07-29T15:31:22.804+0000] {subprocess.py:93} INFO -   Downloading websockets-16.1.1-cp312-cp312-manylinux2014_aarch64.manylinux_2_17_aarch64.manylinux_2_28_aarch64.whl.metadata (6.8 kB)
[2026-07-29T15:31:22.841+0000] {subprocess.py:93} INFO - Collecting distro<2,>=1.7.0 (from google-genai<3.0.0,>=1.66.0->google-cloud-aiplatform>=1.148.0->dbt-bigquery)
[2026-07-29T15:31:22.866+0000] {subprocess.py:93} INFO -   Downloading distro-1.9.0-py3-none-any.whl.metadata (6.8 kB)
[2026-07-29T15:31:22.898+0000] {subprocess.py:93} INFO - Collecting sniffio (from google-genai<3.0.0,>=1.66.0->google-cloud-aiplatform>=1.148.0->dbt-bigquery)
[2026-07-29T15:31:22.922+0000] {subprocess.py:93} INFO -   Downloading sniffio-1.3.1-py3-none-any.whl.metadata (3.9 kB)
[2026-07-29T15:31:22.984+0000] {subprocess.py:93} INFO - Collecting MarkupSafe>=2.0 (from jinja2<4,>=3.1.3->dbt-common<2.0,>=1.10->dbt-bigquery)
[2026-07-29T15:31:23.010+0000] {subprocess.py:93} INFO -   Downloading markupsafe-3.0.3-cp312-cp312-manylinux2014_aarch64.manylinux_2_17_aarch64.manylinux_2_28_aarch64.whl.metadata (2.7 kB)
[2026-07-29T15:31:23.112+0000] {subprocess.py:93} INFO - Collecting attrs>=22.2.0 (from jsonschema<5.0,>=4.0->dbt-common<2.0,>=1.10->dbt-bigquery)
[2026-07-29T15:31:23.139+0000] {subprocess.py:93} INFO -   Downloading attrs-26.1.0-py3-none-any.whl.metadata (8.8 kB)
[2026-07-29T15:31:23.213+0000] {subprocess.py:93} INFO - Collecting jsonschema-specifications>=2023.03.6 (from jsonschema<5.0,>=4.0->dbt-common<2.0,>=1.10->dbt-bigquery)
[2026-07-29T15:31:23.236+0000] {subprocess.py:93} INFO -   Downloading jsonschema_specifications-2025.9.1-py3-none-any.whl.metadata (2.9 kB)
[2026-07-29T15:31:23.277+0000] {subprocess.py:93} INFO - Collecting referencing>=0.28.4 (from jsonschema<5.0,>=4.0->dbt-common<2.0,>=1.10->dbt-bigquery)
[2026-07-29T15:31:23.303+0000] {subprocess.py:93} INFO -   Downloading referencing-0.37.0-py3-none-any.whl.metadata (2.8 kB)
[2026-07-29T15:31:23.455+0000] {subprocess.py:93} INFO - Collecting rpds-py>=0.25.0 (from jsonschema<5.0,>=4.0->dbt-common<2.0,>=1.10->dbt-bigquery)
[2026-07-29T15:31:23.481+0000] {subprocess.py:93} INFO -   Downloading rpds_py-2026.6.3-cp312-cp312-manylinux_2_17_aarch64.manylinux2014_aarch64.whl.metadata (4.1 kB)
[2026-07-29T15:31:23.519+0000] {subprocess.py:93} INFO - Collecting platformdirs>=2.5 (from jupyter-core!=5.0.*,>=4.12->nbformat>=5.10.4->dbt-bigquery)
[2026-07-29T15:31:23.542+0000] {subprocess.py:93} INFO -   Downloading platformdirs-4.11.0-py3-none-any.whl.metadata (5.5 kB)
[2026-07-29T15:31:23.691+0000] {subprocess.py:93} INFO - Collecting msgpack>=0.5.6 (from mashumaro[msgpack]<3.18,>=3.9->dbt-adapters<2.0,>=1.24.4->dbt-bigquery)
[2026-07-29T15:31:23.720+0000] {subprocess.py:93} INFO -   Downloading msgpack-1.2.1-cp312-cp312-manylinux2014_aarch64.manylinux_2_17_aarch64.manylinux_2_28_aarch64.whl.metadata (8.3 kB)
[2026-07-29T15:31:23.769+0000] {subprocess.py:93} INFO - Collecting importlib-metadata>=4.0 (from metricflow<1.0,>=0.211.0->dbt-core<2.0,>=1.10.0rc0->dbt-bigquery)
[2026-07-29T15:31:23.791+0000] {subprocess.py:93} INFO -   Downloading importlib_metadata-9.0.0-py3-none-any.whl.metadata (4.5 kB)
[2026-07-29T15:31:23.832+0000] {subprocess.py:93} INFO - Collecting more-itertools<11.0,>=10.0.0 (from metricflow<1.0,>=0.211.0->dbt-core<2.0,>=1.10.0rc0->dbt-bigquery)
[2026-07-29T15:31:23.854+0000] {subprocess.py:93} INFO -   Downloading more_itertools-10.8.0-py3-none-any.whl.metadata (39 kB)
[2026-07-29T15:31:24.151+0000] {subprocess.py:93} INFO - Collecting rapidfuzz<4.0,>=3.0 (from metricflow<1.0,>=0.211.0->dbt-core<2.0,>=1.10.0rc0->dbt-bigquery)
[2026-07-29T15:31:24.177+0000] {subprocess.py:93} INFO -   Downloading rapidfuzz-3.14.5-cp312-cp312-manylinux_2_26_aarch64.manylinux_2_28_aarch64.whl.metadata (12 kB)
[2026-07-29T15:31:24.272+0000] {subprocess.py:93} INFO - Collecting sqlglot>=20.0.0 (from metricflow<1.0,>=0.211.0->dbt-core<2.0,>=1.10.0rc0->dbt-bigquery)
[2026-07-29T15:31:24.294+0000] {subprocess.py:93} INFO -   Downloading sqlglot-30.14.0-py3-none-any.whl.metadata (25 kB)
[2026-07-29T15:31:24.331+0000] {subprocess.py:93} INFO - Collecting tabulate>=0.8.9 (from metricflow<1.0,>=0.211.0->dbt-core<2.0,>=1.10.0rc0->dbt-bigquery)
[2026-07-29T15:31:24.360+0000] {subprocess.py:93} INFO -   Downloading tabulate-0.10.0-py3-none-any.whl.metadata (40 kB)
[2026-07-29T15:31:24.460+0000] {subprocess.py:93} INFO - Collecting setuptools (from pandas-gbq>=0.26.1->google-cloud-bigquery[pandas]<4.0,>=3.0->dbt-bigquery)
[2026-07-29T15:31:24.484+0000] {subprocess.py:93} INFO -   Downloading setuptools-83.0.0-py3-none-any.whl.metadata (6.6 kB)
[2026-07-29T15:31:24.525+0000] {subprocess.py:93} INFO - Collecting pydata-google-auth>=1.5.0 (from pandas-gbq>=0.26.1->google-cloud-bigquery[pandas]<4.0,>=3.0->dbt-bigquery)
[2026-07-29T15:31:24.552+0000] {subprocess.py:93} INFO -   Downloading pydata_google_auth-1.9.1-py2.py3-none-any.whl.metadata (2.8 kB)
[2026-07-29T15:31:24.616+0000] {subprocess.py:93} INFO - Collecting psutil>=5.9.8 (from pandas-gbq>=0.26.1->google-cloud-bigquery[pandas]<4.0,>=3.0->dbt-bigquery)
[2026-07-29T15:31:24.700+0000] {subprocess.py:93} INFO -   Downloading psutil-7.2.2-cp36-abi3-manylinux2014_aarch64.manylinux_2_17_aarch64.manylinux_2_28_aarch64.whl.metadata (22 kB)
[2026-07-29T15:31:24.736+0000] {subprocess.py:93} INFO - Collecting google-auth-oauthlib>=0.7.0 (from pandas-gbq>=0.26.1->google-cloud-bigquery[pandas]<4.0,>=3.0->dbt-bigquery)
[2026-07-29T15:31:24.763+0000] {subprocess.py:93} INFO -   Downloading google_auth_oauthlib-1.4.0-py3-none-any.whl.metadata (2.6 kB)
[2026-07-29T15:31:24.805+0000] {subprocess.py:93} INFO - Collecting pyasn1<0.7.0,>=0.6.1 (from pyasn1-modules>=0.2.1->google-auth>=2.29.0->dbt-bigquery)
[2026-07-29T15:31:24.829+0000] {subprocess.py:93} INFO -   Downloading pyasn1-0.6.4-py3-none-any.whl.metadata (8.4 kB)
[2026-07-29T15:31:24.862+0000] {subprocess.py:93} INFO - Collecting annotated-types>=0.6.0 (from pydantic<3->dbt-core<2.0,>=1.10.0rc0->dbt-bigquery)
[2026-07-29T15:31:24.889+0000] {subprocess.py:93} INFO -   Downloading annotated_types-0.8.0-py3-none-any.whl.metadata (15 kB)
[2026-07-29T15:31:25.267+0000] {subprocess.py:93} INFO - Collecting pydantic-core==2.46.4 (from pydantic<3->dbt-core<2.0,>=1.10.0rc0->dbt-bigquery)
[2026-07-29T15:31:25.292+0000] {subprocess.py:93} INFO -   Downloading pydantic_core-2.46.4-cp312-cp312-manylinux_2_17_aarch64.manylinux2014_aarch64.whl.metadata (6.6 kB)
[2026-07-29T15:31:25.324+0000] {subprocess.py:93} INFO - Collecting typing-inspection>=0.4.2 (from pydantic<3->dbt-core<2.0,>=1.10.0rc0->dbt-bigquery)
[2026-07-29T15:31:25.348+0000] {subprocess.py:93} INFO -   Downloading typing_inspection-0.4.2-py3-none-any.whl.metadata (2.6 kB)
[2026-07-29T15:31:25.383+0000] {subprocess.py:93} INFO - Collecting six>=1.5 (from python-dateutil<3.0,>=2.0->dbt-common<2.0,>=1.10->dbt-bigquery)
[2026-07-29T15:31:25.406+0000] {subprocess.py:93} INFO -   Downloading six-1.17.0-py2.py3-none-any.whl.metadata (1.7 kB)
[2026-07-29T15:31:25.495+0000] {subprocess.py:93} INFO - Collecting charset_normalizer<4,>=2 (from requests<3.0.0->dbt-common<2.0,>=1.10->dbt-bigquery)
[2026-07-29T15:31:25.523+0000] {subprocess.py:93} INFO -   Downloading charset_normalizer-3.4.9-cp312-cp312-manylinux2014_aarch64.manylinux_2_17_aarch64.manylinux_2_28_aarch64.whl.metadata (41 kB)
[2026-07-29T15:31:25.560+0000] {subprocess.py:93} INFO - Collecting idna<4,>=2.5 (from requests<3.0.0->dbt-common<2.0,>=1.10->dbt-bigquery)
[2026-07-29T15:31:25.584+0000] {subprocess.py:93} INFO -   Downloading idna-3.18-py3-none-any.whl.metadata (6.1 kB)
[2026-07-29T15:31:25.634+0000] {subprocess.py:93} INFO - Collecting urllib3<3,>=1.26 (from requests<3.0.0->dbt-common<2.0,>=1.10->dbt-bigquery)
[2026-07-29T15:31:25.729+0000] {subprocess.py:93} INFO -   Downloading urllib3-2.7.0-py3-none-any.whl.metadata (6.9 kB)
[2026-07-29T15:31:25.793+0000] {subprocess.py:93} INFO - Collecting pycparser (from cffi>=2.0.0->cryptography>=38.0.3->google-auth>=2.29.0->dbt-bigquery)
[2026-07-29T15:31:25.821+0000] {subprocess.py:93} INFO -   Downloading pycparser-3.0-py3-none-any.whl.metadata (8.2 kB)
[2026-07-29T15:31:25.856+0000] {subprocess.py:93} INFO - Collecting requests-oauthlib>=0.7.0 (from google-auth-oauthlib>=0.7.0->pandas-gbq>=0.26.1->google-cloud-bigquery[pandas]<4.0,>=3.0->dbt-bigquery)
[2026-07-29T15:31:25.880+0000] {subprocess.py:93} INFO -   Downloading requests_oauthlib-2.0.0-py2.py3-none-any.whl.metadata (11 kB)
[2026-07-29T15:31:25.939+0000] {subprocess.py:93} INFO - Collecting httpcore==1.* (from httpx<1.0.0,>=0.28.1->google-genai<3.0.0,>=1.66.0->google-cloud-aiplatform>=1.148.0->dbt-bigquery)
[2026-07-29T15:31:25.970+0000] {subprocess.py:93} INFO -   Downloading httpcore-1.0.9-py3-none-any.whl.metadata (21 kB)
[2026-07-29T15:31:26.007+0000] {subprocess.py:93} INFO - Collecting h11>=0.16 (from httpcore==1.*->httpx<1.0.0,>=0.28.1->google-genai<3.0.0,>=1.66.0->google-cloud-aiplatform>=1.148.0->dbt-bigquery)
[2026-07-29T15:31:26.033+0000] {subprocess.py:93} INFO -   Downloading h11-0.16.0-py3-none-any.whl.metadata (8.3 kB)
[2026-07-29T15:31:26.081+0000] {subprocess.py:93} INFO - Collecting zipp>=3.20 (from importlib-metadata>=4.0->metricflow<1.0,>=0.211.0->dbt-core<2.0,>=1.10.0rc0->dbt-bigquery)
[2026-07-29T15:31:26.109+0000] {subprocess.py:93} INFO -   Downloading zipp-4.1.0-py3-none-any.whl.metadata (3.6 kB)
[2026-07-29T15:31:26.164+0000] {subprocess.py:93} INFO - Collecting text-unidecode>=1.3 (from python-slugify>=1.2.1->agate<2.0,>=1.0->dbt-adapters<2.0,>=1.24.4->dbt-bigquery)
[2026-07-29T15:31:26.275+0000] {subprocess.py:93} INFO -   Downloading text_unidecode-1.3-py2.py3-none-any.whl.metadata (2.4 kB)
[2026-07-29T15:31:26.338+0000] {subprocess.py:93} INFO - Collecting oauthlib>=3.0.0 (from requests-oauthlib>=0.7.0->google-auth-oauthlib>=0.7.0->pandas-gbq>=0.26.1->google-cloud-bigquery[pandas]<4.0,>=3.0->dbt-bigquery)
[2026-07-29T15:31:26.365+0000] {subprocess.py:93} INFO -   Downloading oauthlib-3.3.1-py3-none-any.whl.metadata (7.9 kB)
[2026-07-29T15:31:26.408+0000] {subprocess.py:93} INFO - Downloading dbt_bigquery-1.12.0-py3-none-any.whl (114 kB)
[2026-07-29T15:31:26.438+0000] {subprocess.py:93} INFO - Downloading dbt_adapters-1.24.5-py3-none-any.whl (177 kB)
[2026-07-29T15:31:26.469+0000] {subprocess.py:93} INFO - Downloading dbt_common-1.38.0-py3-none-any.whl (88 kB)
[2026-07-29T15:31:26.507+0000] {subprocess.py:93} INFO - Downloading dbt_core-1.12.0-py3-none-any.whl (1.1 MB)
[2026-07-29T15:31:26.545+0000] {subprocess.py:93} INFO -    ━━━━━━━━━━━━━━━━━━━━━━━━━━━━━━━━━━━━━━━━ 1.1/1.1 MB 28.7 MB/s eta 0:00:00
[2026-07-29T15:31:26.576+0000] {subprocess.py:93} INFO - Downloading google_api_core-2.33.0-py3-none-any.whl (176 kB)
[2026-07-29T15:31:26.599+0000] {subprocess.py:93} INFO - Downloading google_auth-2.56.2-py3-none-any.whl (258 kB)
[2026-07-29T15:31:26.636+0000] {subprocess.py:93} INFO - Downloading google_cloud_aiplatform-1.163.0-py2.py3-none-any.whl (9.4 MB)
[2026-07-29T15:31:26.870+0000] {subprocess.py:93} INFO -    ━━━━━━━━━━━━━━━━━━━━━━━━━━━━━━━━━━━━━━━━ 9.4/9.4 MB 39.8 MB/s eta 0:00:00
[2026-07-29T15:31:26.893+0000] {subprocess.py:93} INFO - Downloading google_cloud_bigquery-3.42.2-py3-none-any.whl (264 kB)
[2026-07-29T15:31:26.931+0000] {subprocess.py:93} INFO - Downloading google_cloud_dataproc-5.30.0-py3-none-any.whl (496 kB)
[2026-07-29T15:31:26.960+0000] {subprocess.py:93} INFO - Downloading google_cloud_storage-3.1.1-py3-none-any.whl (175 kB)
[2026-07-29T15:31:26.990+0000] {subprocess.py:93} INFO - Downloading nbformat-5.10.4-py3-none-any.whl (78 kB)
[2026-07-29T15:31:27.016+0000] {subprocess.py:93} INFO - Downloading agate-1.9.1-py2.py3-none-any.whl (95 kB)
[2026-07-29T15:31:27.044+0000] {subprocess.py:93} INFO - Downloading certifi-2026.7.22-py3-none-any.whl (136 kB)
[2026-07-29T15:31:27.073+0000] {subprocess.py:93} INFO - Downloading click-8.4.2-py3-none-any.whl (119 kB)
[2026-07-29T15:31:27.099+0000] {subprocess.py:93} INFO - Downloading colorama-0.4.6-py2.py3-none-any.whl (25 kB)
[2026-07-29T15:31:27.126+0000] {subprocess.py:93} INFO - Downloading cryptography-49.0.0-cp311-abi3-manylinux_2_34_aarch64.whl (4.7 MB)
[2026-07-29T15:31:27.332+0000] {subprocess.py:93} INFO -    ━━━━━━━━━━━━━━━━━━━━━━━━━━━━━━━━━━━━━━━━ 4.7/4.7 MB 22.3 MB/s eta 0:00:00
[2026-07-29T15:31:27.355+0000] {subprocess.py:93} INFO - Downloading daff-1.4.2-py3-none-any.whl (144 kB)
[2026-07-29T15:31:27.390+0000] {subprocess.py:93} INFO - Downloading db_dtypes-1.7.1-py3-none-any.whl (17 kB)
[2026-07-29T15:31:27.420+0000] {subprocess.py:93} INFO - Downloading dbt_extractor-0.6.0-cp39-abi3-manylinux_2_17_aarch64.manylinux2014_aarch64.whl (435 kB)
[2026-07-29T15:31:27.454+0000] {subprocess.py:93} INFO - Downloading dbt_protos-1.0.541-py3-none-any.whl (241 kB)
[2026-07-29T15:31:27.485+0000] {subprocess.py:93} INFO - Downloading deepdiff-8.6.2-py3-none-any.whl (91 kB)
[2026-07-29T15:31:27.512+0000] {subprocess.py:93} INFO - Downloading docstring_parser-0.18.0-py3-none-any.whl (22 kB)
[2026-07-29T15:31:27.541+0000] {subprocess.py:93} INFO - Downloading fastjsonschema-2.22.1-py3-none-any.whl (26 kB)
[2026-07-29T15:31:27.564+0000] {subprocess.py:93} INFO - Downloading google_cloud_core-2.6.0-py3-none-any.whl (29 kB)
[2026-07-29T15:31:27.597+0000] {subprocess.py:93} INFO - Downloading google_cloud_resource_manager-1.18.0-py3-none-any.whl (404 kB)
[2026-07-29T15:31:27.631+0000] {subprocess.py:93} INFO - Downloading google_crc32c-1.8.0-cp312-cp312-manylinux2014_aarch64.manylinux_2_17_aarch64.whl (33 kB)
[2026-07-29T15:31:27.659+0000] {subprocess.py:93} INFO - Downloading google_genai-2.14.0-py3-none-any.whl (1.0 MB)
[2026-07-29T15:31:27.674+0000] {subprocess.py:93} INFO -    ━━━━━━━━━━━━━━━━━━━━━━━━━━━━━━━━━━━━━━━━ 1.0/1.0 MB 83.0 MB/s eta 0:00:00
[2026-07-29T15:31:27.704+0000] {subprocess.py:93} INFO - Downloading google_resumable_media-2.10.0-py3-none-any.whl (81 kB)
[2026-07-29T15:31:27.732+0000] {subprocess.py:93} INFO - Downloading googleapis_common_protos-1.75.0-py3-none-any.whl (300 kB)
[2026-07-29T15:31:27.850+0000] {subprocess.py:93} INFO - Downloading grpc_google_iam_v1-0.14.4-py3-none-any.whl (32 kB)
[2026-07-29T15:31:27.877+0000] {subprocess.py:93} INFO - Downloading grpcio-1.83.0-cp312-cp312-manylinux2014_aarch64.manylinux_2_17_aarch64.whl (6.9 MB)
[2026-07-29T15:31:28.048+0000] {subprocess.py:93} INFO -    ━━━━━━━━━━━━━━━━━━━━━━━━━━━━━━━━━━━━━━━━ 6.9/6.9 MB 39.8 MB/s eta 0:00:00
[2026-07-29T15:31:28.077+0000] {subprocess.py:93} INFO - Downloading isodate-0.7.2-py3-none-any.whl (22 kB)
[2026-07-29T15:31:28.104+0000] {subprocess.py:93} INFO - Downloading jinja2-3.1.6-py3-none-any.whl (134 kB)
[2026-07-29T15:31:28.129+0000] {subprocess.py:93} INFO - Downloading jsonschema-4.26.0-py3-none-any.whl (90 kB)
[2026-07-29T15:31:28.155+0000] {subprocess.py:93} INFO - Downloading jupyter_core-5.9.1-py3-none-any.whl (29 kB)
[2026-07-29T15:31:28.185+0000] {subprocess.py:93} INFO - Downloading mashumaro-3.17-py3-none-any.whl (94 kB)
[2026-07-29T15:31:28.219+0000] {subprocess.py:93} INFO - Downloading metricflow-0.211.0-py3-none-any.whl (1.9 MB)
[2026-07-29T15:31:28.354+0000] {subprocess.py:93} INFO -    ━━━━━━━━━━━━━━━━━━━━━━━━━━━━━━━━━━━━━━━━ 1.9/1.9 MB 12.6 MB/s eta 0:00:00
[2026-07-29T15:31:28.381+0000] {subprocess.py:93} INFO - Downloading networkx-3.6.1-py3-none-any.whl (2.1 MB)
[2026-07-29T15:31:28.448+0000] {subprocess.py:93} INFO -    ━━━━━━━━━━━━━━━━━━━━━━━━━━━━━━━━━━━━━━━━ 2.1/2.1 MB 31.0 MB/s eta 0:00:00
[2026-07-29T15:31:28.476+0000] {subprocess.py:93} INFO - Downloading packaging-26.2-py3-none-any.whl (100 kB)
[2026-07-29T15:31:28.507+0000] {subprocess.py:93} INFO - Downloading pandas-3.0.5-cp312-cp312-manylinux_2_24_aarch64.manylinux_2_28_aarch64.whl (10.5 MB)
[2026-07-29T15:31:28.915+0000] {subprocess.py:93} INFO -    ━━━━━━━━━━━━━━━━━━━━━━━━━━━━━━━━━━━━━━━━ 10.5/10.5 MB 25.4 MB/s eta 0:00:00
[2026-07-29T15:31:28.938+0000] {subprocess.py:93} INFO - Downloading pandas_gbq-0.35.0-py3-none-any.whl (50 kB)
[2026-07-29T15:31:28.963+0000] {subprocess.py:93} INFO - Downloading pathspec-1.0.4-py3-none-any.whl (55 kB)
[2026-07-29T15:31:28.990+0000] {subprocess.py:93} INFO - Downloading proto_plus-1.28.2-py3-none-any.whl (50 kB)
[2026-07-29T15:31:29.014+0000] {subprocess.py:93} INFO - Downloading protobuf-6.33.6-cp39-abi3-manylinux2014_aarch64.whl (324 kB)
[2026-07-29T15:31:29.059+0000] {subprocess.py:93} INFO - Downloading pyarrow-25.0.0-cp312-cp312-manylinux_2_28_aarch64.whl (46.8 MB)
[2026-07-29T15:31:30.641+0000] {subprocess.py:93} INFO -    ━━━━━━━━━━━━━━━━━━━━━━━━━━━━━━━━━━━━━━━━ 46.8/46.8 MB 29.6 MB/s eta 0:00:00
[2026-07-29T15:31:30.668+0000] {subprocess.py:93} INFO - Downloading pyasn1_modules-0.4.2-py3-none-any.whl (181 kB)
[2026-07-29T15:31:30.694+0000] {subprocess.py:93} INFO - Downloading pydantic-2.13.4-py3-none-any.whl (472 kB)
[2026-07-29T15:31:30.731+0000] {subprocess.py:93} INFO - Downloading pydantic_core-2.46.4-cp312-cp312-manylinux_2_17_aarch64.manylinux2014_aarch64.whl (2.0 MB)
[2026-07-29T15:31:30.779+0000] {subprocess.py:93} INFO -    ━━━━━━━━━━━━━━━━━━━━━━━━━━━━━━━━━━━━━━━━ 2.0/2.0 MB 41.7 MB/s eta 0:00:00
[2026-07-29T15:31:30.802+0000] {subprocess.py:93} INFO - Downloading python_dateutil-2.9.0.post0-py2.py3-none-any.whl (229 kB)
[2026-07-29T15:31:30.837+0000] {subprocess.py:93} INFO - Downloading python_dotenv-1.2.2-py3-none-any.whl (22 kB)
[2026-07-29T15:31:30.864+0000] {subprocess.py:93} INFO - Downloading pytz-2026.3.post1-py2.py3-none-any.whl (508 kB)
[2026-07-29T15:31:30.972+0000] {subprocess.py:93} INFO - Downloading pyyaml-6.0.3-cp312-cp312-manylinux2014_aarch64.manylinux_2_17_aarch64.manylinux_2_28_aarch64.whl (775 kB)
[2026-07-29T15:31:30.978+0000] {subprocess.py:93} INFO -    ━━━━━━━━━━━━━━━━━━━━━━━━━━━━━━━━━━━━━━━ 775.1/775.1 kB 119.7 MB/s eta 0:00:00
[2026-07-29T15:31:31.003+0000] {subprocess.py:93} INFO - Downloading requests-2.34.2-py3-none-any.whl (73 kB)
[2026-07-29T15:31:31.032+0000] {subprocess.py:93} INFO - Downloading snowplow_tracker-1.1.0-py3-none-any.whl (44 kB)
[2026-07-29T15:31:31.057+0000] {subprocess.py:93} INFO - Downloading sqlparse-0.5.5-py3-none-any.whl (46 kB)
[2026-07-29T15:31:31.082+0000] {subprocess.py:93} INFO - Downloading traitlets-5.15.1-py3-none-any.whl (85 kB)
[2026-07-29T15:31:31.109+0000] {subprocess.py:93} INFO - Downloading typing_extensions-4.16.0-py3-none-any.whl (45 kB)
[2026-07-29T15:31:31.133+0000] {subprocess.py:93} INFO - Downloading annotated_types-0.8.0-py3-none-any.whl (13 kB)
[2026-07-29T15:31:31.163+0000] {subprocess.py:93} INFO - Downloading anyio-4.14.2-py3-none-any.whl (125 kB)
[2026-07-29T15:31:31.190+0000] {subprocess.py:93} INFO - Downloading attrs-26.1.0-py3-none-any.whl (67 kB)
[2026-07-29T15:31:31.219+0000] {subprocess.py:93} INFO - Downloading babel-2.18.0-py3-none-any.whl (10.2 MB)
[2026-07-29T15:31:31.587+0000] {subprocess.py:93} INFO -    ━━━━━━━━━━━━━━━━━━━━━━━━━━━━━━━━━━━━━━━━ 10.2/10.2 MB 27.4 MB/s eta 0:00:00
[2026-07-29T15:31:31.618+0000] {subprocess.py:93} INFO - Downloading cffi-2.1.0-cp312-cp312-manylinux2014_aarch64.manylinux_2_17_aarch64.whl (222 kB)
[2026-07-29T15:31:31.654+0000] {subprocess.py:93} INFO - Downloading charset_normalizer-3.4.9-cp312-cp312-manylinux2014_aarch64.manylinux_2_17_aarch64.manylinux_2_28_aarch64.whl (215 kB)
[2026-07-29T15:31:31.691+0000] {subprocess.py:93} INFO - Downloading distro-1.9.0-py3-none-any.whl (20 kB)
[2026-07-29T15:31:31.718+0000] {subprocess.py:93} INFO - Downloading google_auth_oauthlib-1.4.0-py3-none-any.whl (19 kB)
[2026-07-29T15:31:31.746+0000] {subprocess.py:93} INFO - Downloading grpcio_status-1.83.0-py3-none-any.whl (14 kB)
[2026-07-29T15:31:31.772+0000] {subprocess.py:93} INFO - Downloading httpx-0.28.1-py3-none-any.whl (73 kB)
[2026-07-29T15:31:31.800+0000] {subprocess.py:93} INFO - Downloading httpcore-1.0.9-py3-none-any.whl (78 kB)
[2026-07-29T15:31:31.825+0000] {subprocess.py:93} INFO - Downloading idna-3.18-py3-none-any.whl (65 kB)
[2026-07-29T15:31:31.855+0000] {subprocess.py:93} INFO - Downloading importlib_metadata-9.0.0-py3-none-any.whl (27 kB)
[2026-07-29T15:31:31.881+0000] {subprocess.py:93} INFO - Downloading jsonschema_specifications-2025.9.1-py3-none-any.whl (18 kB)
[2026-07-29T15:31:31.908+0000] {subprocess.py:93} INFO - Downloading leather-0.4.1-py3-none-any.whl (30 kB)
[2026-07-29T15:31:32.025+0000] {subprocess.py:93} INFO - Downloading markupsafe-3.0.3-cp312-cp312-manylinux2014_aarch64.manylinux_2_17_aarch64.manylinux_2_28_aarch64.whl (24 kB)
[2026-07-29T15:31:32.057+0000] {subprocess.py:93} INFO - Downloading more_itertools-10.8.0-py3-none-any.whl (69 kB)
[2026-07-29T15:31:32.093+0000] {subprocess.py:93} INFO - Downloading msgpack-1.2.1-cp312-cp312-manylinux2014_aarch64.manylinux_2_17_aarch64.manylinux_2_28_aarch64.whl (410 kB)
[2026-07-29T15:31:32.130+0000] {subprocess.py:93} INFO - Downloading numpy-2.5.1-cp312-cp312-manylinux_2_27_aarch64.manylinux_2_28_aarch64.whl (15.2 MB)
[2026-07-29T15:31:32.605+0000] {subprocess.py:93} INFO -    ━━━━━━━━━━━━━━━━━━━━━━━━━━━━━━━━━━━━━━━━ 15.2/15.2 MB 31.8 MB/s eta 0:00:00
[2026-07-29T15:31:32.630+0000] {subprocess.py:93} INFO - Downloading orderly_set-5.5.0-py3-none-any.whl (13 kB)
[2026-07-29T15:31:32.656+0000] {subprocess.py:93} INFO - Downloading parsedatetime-2.6-py3-none-any.whl (42 kB)
[2026-07-29T15:31:32.683+0000] {subprocess.py:93} INFO - Downloading platformdirs-4.11.0-py3-none-any.whl (23 kB)
[2026-07-29T15:31:32.712+0000] {subprocess.py:93} INFO - Downloading psutil-7.2.2-cp36-abi3-manylinux2014_aarch64.manylinux_2_17_aarch64.manylinux_2_28_aarch64.whl (156 kB)
[2026-07-29T15:31:32.740+0000] {subprocess.py:93} INFO - Downloading pyasn1-0.6.4-py3-none-any.whl (84 kB)
[2026-07-29T15:31:32.770+0000] {subprocess.py:93} INFO - Downloading pydata_google_auth-1.9.1-py2.py3-none-any.whl (15 kB)
[2026-07-29T15:31:32.798+0000] {subprocess.py:93} INFO - Downloading python_slugify-8.0.4-py2.py3-none-any.whl (10 kB)
[2026-07-29T15:31:32.826+0000] {subprocess.py:93} INFO - Downloading pytimeparse-1.1.8-py2.py3-none-any.whl (10.0 kB)
[2026-07-29T15:31:32.854+0000] {subprocess.py:93} INFO - Downloading rapidfuzz-3.14.5-cp312-cp312-manylinux_2_26_aarch64.manylinux_2_28_aarch64.whl (1.4 MB)
[2026-07-29T15:31:32.891+0000] {subprocess.py:93} INFO -    ━━━━━━━━━━━━━━━━━━━━━━━━━━━━━━━━━━━━━━━━ 1.4/1.4 MB 38.6 MB/s eta 0:00:00
[2026-07-29T15:31:32.917+0000] {subprocess.py:93} INFO - Downloading referencing-0.37.0-py3-none-any.whl (26 kB)
[2026-07-29T15:31:32.946+0000] {subprocess.py:93} INFO - Downloading rpds_py-2026.6.3-cp312-cp312-manylinux_2_17_aarch64.manylinux2014_aarch64.whl (368 kB)
[2026-07-29T15:31:32.980+0000] {subprocess.py:93} INFO - Downloading six-1.17.0-py2.py3-none-any.whl (11 kB)
[2026-07-29T15:31:33.096+0000] {subprocess.py:93} INFO - Downloading sqlglot-30.14.0-py3-none-any.whl (719 kB)
[2026-07-29T15:31:33.112+0000] {subprocess.py:93} INFO -    ━━━━━━━━━━━━━━━━━━━━━━━━━━━━━━━━━━━━━━━━ 719.0/719.0 kB 39.7 MB/s eta 0:00:00
[2026-07-29T15:31:33.139+0000] {subprocess.py:93} INFO - Downloading tabulate-0.10.0-py3-none-any.whl (39 kB)
[2026-07-29T15:31:33.166+0000] {subprocess.py:93} INFO - Downloading tenacity-9.1.4-py3-none-any.whl (28 kB)
[2026-07-29T15:31:33.193+0000] {subprocess.py:93} INFO - Downloading typing_inspection-0.4.2-py3-none-any.whl (14 kB)
[2026-07-29T15:31:33.220+0000] {subprocess.py:93} INFO - Downloading urllib3-2.7.0-py3-none-any.whl (131 kB)
[2026-07-29T15:31:33.251+0000] {subprocess.py:93} INFO - Downloading websockets-16.1.1-cp312-cp312-manylinux2014_aarch64.manylinux_2_17_aarch64.manylinux_2_28_aarch64.whl (188 kB)
[2026-07-29T15:31:33.285+0000] {subprocess.py:93} INFO - Downloading setuptools-83.0.0-py3-none-any.whl (1.0 MB)
[2026-07-29T15:31:33.302+0000] {subprocess.py:93} INFO -    ━━━━━━━━━━━━━━━━━━━━━━━━━━━━━━━━━━━━━━━━ 1.0/1.0 MB 59.0 MB/s eta 0:00:00
[2026-07-29T15:31:33.331+0000] {subprocess.py:93} INFO - Downloading sniffio-1.3.1-py3-none-any.whl (10 kB)
[2026-07-29T15:31:33.362+0000] {subprocess.py:93} INFO - Downloading requests_oauthlib-2.0.0-py2.py3-none-any.whl (24 kB)
[2026-07-29T15:31:33.388+0000] {subprocess.py:93} INFO - Downloading text_unidecode-1.3-py2.py3-none-any.whl (78 kB)
[2026-07-29T15:31:33.416+0000] {subprocess.py:93} INFO - Downloading zipp-4.1.0-py3-none-any.whl (10 kB)
[2026-07-29T15:31:33.445+0000] {subprocess.py:93} INFO - Downloading pycparser-3.0-py3-none-any.whl (48 kB)
[2026-07-29T15:31:33.476+0000] {subprocess.py:93} INFO - Downloading h11-0.16.0-py3-none-any.whl (37 kB)
[2026-07-29T15:31:33.505+0000] {subprocess.py:93} INFO - Downloading oauthlib-3.3.1-py3-none-any.whl (160 kB)
[2026-07-29T15:31:33.630+0000] {subprocess.py:93} INFO - Building wheels for collected packages: dbt-core-experimental-parser
[2026-07-29T15:31:33.631+0000] {subprocess.py:93} INFO -   Building wheel for dbt-core-experimental-parser (pyproject.toml): started
[2026-07-29T15:31:33.692+0000] {subprocess.py:93} INFO -   Building wheel for dbt-core-experimental-parser (pyproject.toml): finished with status 'done'
[2026-07-29T15:31:33.708+0000] {subprocess.py:93} INFO -   Created wheel for dbt-core-experimental-parser: filename=dbt_core_experimental_parser-2.0.0a5-py3-none-manylinux_2_28_aarch64.whl size=44635067 sha256=64d5ebe68d14f19e05060caebefcdafc9e3ab1860ec1d8dcc61f9097b272b65e
[2026-07-29T15:31:33.708+0000] {subprocess.py:93} INFO -   Stored in directory: /tmp/pip-ephem-wheel-cache-96r719dg/wheels/8d/cc/1c/4f5e216f2f2d4aaa43c1cc840f1f24ba9a934b671f0829aefe
[2026-07-29T15:31:33.709+0000] {subprocess.py:93} INFO - Successfully built dbt-core-experimental-parser
[2026-07-29T15:31:33.796+0000] {subprocess.py:93} INFO - Installing collected packages: text-unidecode, pytz, pytimeparse, parsedatetime, leather, daff, zipp, websockets, urllib3, typing-extensions, traitlets, tenacity, tabulate, sqlparse, sqlglot, sniffio, six, setuptools, rpds-py, rapidfuzz, pyyaml, python-slugify, python-dotenv, pycparser, pyasn1, pyarrow, psutil, protobuf, platformdirs, pathspec, packaging, orderly-set, oauthlib, numpy, networkx, msgpack, more-itertools, MarkupSafe, isodate, idna, h11, google-crc32c, fastjsonschema, docstring_parser, distro, dbt-extractor, dbt-core-experimental-parser, colorama, click, charset_normalizer, certifi, Babel, attrs, annotated-types, typing-inspection, requests, referencing, python-dateutil, pydantic-core, pyasn1-modules, proto-plus, mashumaro, jupyter-core, jinja2, importlib-metadata, httpcore, grpcio, googleapis-common-protos, google-resumable-media, deepdiff, dbt-protos, cffi, anyio, agate, snowplow-tracker, requests-oauthlib, pydantic, pandas, jsonschema-specifications, httpx, grpcio-status, cryptography, jsonschema, grpc-google-iam-v1, google-auth, db-dtypes, nbformat, metricflow, google-auth-oauthlib, google-api-core, dbt-common, pydata-google-auth, google-genai, google-cloud-core, dbt-adapters, google-cloud-storage, google-cloud-resource-manager, google-cloud-dataproc, google-cloud-bigquery, dbt-core, pandas-gbq, google-cloud-aiplatform, dbt-bigquery
[2026-07-29T15:31:45.006+0000] {subprocess.py:93} INFO - Successfully installed Babel-2.18.0 MarkupSafe-3.0.3 agate-1.9.1 annotated-types-0.8.0 anyio-4.14.2 attrs-26.1.0 certifi-2026.7.22 cffi-2.1.0 charset_normalizer-3.4.9 click-8.4.2 colorama-0.4.6 cryptography-49.0.0 daff-1.4.2 db-dtypes-1.7.1 dbt-adapters-1.24.5 dbt-bigquery-1.12.0 dbt-common-1.38.0 dbt-core-1.12.0 dbt-core-experimental-parser-2.0.0a5 dbt-extractor-0.6.0 dbt-protos-1.0.541 deepdiff-8.6.2 distro-1.9.0 docstring_parser-0.18.0 fastjsonschema-2.22.1 google-api-core-2.33.0 google-auth-2.56.2 google-auth-oauthlib-1.4.0 google-cloud-aiplatform-1.163.0 google-cloud-bigquery-3.42.2 google-cloud-core-2.6.0 google-cloud-dataproc-5.30.0 google-cloud-resource-manager-1.18.0 google-cloud-storage-3.1.1 google-crc32c-1.8.0 google-genai-2.14.0 google-resumable-media-2.10.0 googleapis-common-protos-1.75.0 grpc-google-iam-v1-0.14.4 grpcio-1.83.0 grpcio-status-1.83.0 h11-0.16.0 httpcore-1.0.9 httpx-0.28.1 idna-3.18 importlib-metadata-9.0.0 isodate-0.7.2 jinja2-3.1.6 jsonschema-4.26.0 jsonschema-specifications-2025.9.1 jupyter-core-5.9.1 leather-0.4.1 mashumaro-3.17 metricflow-0.211.0 more-itertools-10.8.0 msgpack-1.2.1 nbformat-5.10.4 networkx-3.6.1 numpy-2.5.1 oauthlib-3.3.1 orderly-set-5.5.0 packaging-26.2 pandas-3.0.5 pandas-gbq-0.35.0 parsedatetime-2.6 pathspec-1.0.4 platformdirs-4.11.0 proto-plus-1.28.2 protobuf-6.33.6 psutil-7.2.2 pyarrow-25.0.0 pyasn1-0.6.4 pyasn1-modules-0.4.2 pycparser-3.0 pydantic-2.13.4 pydantic-core-2.46.4 pydata-google-auth-1.9.1 python-dateutil-2.9.0.post0 python-dotenv-1.2.2 python-slugify-8.0.4 pytimeparse-1.1.8 pytz-2026.3.post1 pyyaml-6.0.3 rapidfuzz-3.14.5 referencing-0.37.0 requests-2.34.2 requests-oauthlib-2.0.0 rpds-py-2026.6.3 setuptools-83.0.0 six-1.17.0 sniffio-1.3.1 snowplow-tracker-1.1.0 sqlglot-30.14.0 sqlparse-0.5.5 tabulate-0.10.0 tenacity-9.1.4 text-unidecode-1.3 traitlets-5.15.1 typing-extensions-4.16.0 typing-inspection-0.4.2 urllib3-2.7.0 websockets-16.1.1 zipp-4.1.0
[2026-07-29T15:31:45.268+0000] {subprocess.py:93} INFO - 
[2026-07-29T15:31:45.269+0000] {subprocess.py:93} INFO - [notice] A new release of pip is available: 24.2 -> 26.1.2
[2026-07-29T15:31:45.269+0000] {subprocess.py:93} INFO - [notice] To update, run: pip install --upgrade pip
[2026-07-29T15:31:46.862+0000] {subprocess.py:93} INFO - [0m15:31:46  Running with dbt=1.12.0
[2026-07-29T15:31:47.279+0000] {subprocess.py:93} INFO - [0m15:31:47  Registered adapter: bigquery=1.12.0
[2026-07-29T15:31:47.419+0000] {subprocess.py:93} INFO - [0m15:31:47  [[33mWARNING[0m]: Configuration paths exist in your dbt_project.yml file which do not apply to any resources.
[2026-07-29T15:31:47.420+0000] {subprocess.py:93} INFO - There are 1 unused configuration paths:
[2026-07-29T15:31:47.420+0000] {subprocess.py:93} INFO - - models.vienna_transforms.example
[2026-07-29T15:31:47.495+0000] {subprocess.py:93} INFO - [0m15:31:47  Found 3 models, 4 data tests, 2 sources, 561 macros
[2026-07-29T15:31:47.496+0000] {subprocess.py:93} INFO - [0m15:31:47
[2026-07-29T15:31:47.496+0000] {subprocess.py:93} INFO - [0m15:31:47  Concurrency: 4 threads (target='dev')
[2026-07-29T15:31:47.496+0000] {subprocess.py:93} INFO - [0m15:31:47
[2026-07-29T15:31:49.005+0000] {subprocess.py:93} INFO - [0m15:31:49  1 of 3 START sql incremental model dbt_staging.stg_transit ..................... [RUN]
[2026-07-29T15:31:49.005+0000] {subprocess.py:93} INFO - [0m15:31:49  2 of 3 START sql incremental model dbt_staging.stg_weather ..................... [RUN]
[2026-07-29T15:31:52.020+0000] {subprocess.py:93} INFO - [0m15:31:52  2 of 3 OK created sql incremental model dbt_staging.stg_weather ................ [[32mMERGE (6.0 rows, 11.4 KiB processed)[0m in 3.01s]
[2026-07-29T15:31:52.092+0000] {subprocess.py:93} INFO - [0m15:31:52  1 of 3 OK created sql incremental model dbt_staging.stg_transit ................ [[32mMERGE (207.0 rows, 269.1 KiB processed)[0m in 3.09s]
[2026-07-29T15:31:52.093+0000] {subprocess.py:93} INFO - [0m15:31:52  3 of 3 START sql table model dbt_staging.mrt_vienna_mobility_weather ........... [RUN]
[2026-07-29T15:31:54.942+0000] {subprocess.py:93} INFO - [0m15:31:54  3 of 3 OK created sql table model dbt_staging.mrt_vienna_mobility_weather ...... [[32mCREATE TABLE (1.1k rows, 75.7 KiB processed)[0m in 2.85s]
[2026-07-29T15:31:54.980+0000] {subprocess.py:93} INFO - [0m15:31:54
[2026-07-29T15:31:54.981+0000] {subprocess.py:93} INFO - [0m15:31:54  Finished running 2 incremental models, 1 table model in 0 hours 0 minutes and 7.48 seconds (7.48s).
[2026-07-29T15:31:55.011+0000] {subprocess.py:93} INFO - [0m15:31:55
[2026-07-29T15:31:55.011+0000] {subprocess.py:93} INFO - [0m15:31:55  [32mCompleted successfully[0m
[2026-07-29T15:31:55.011+0000] {subprocess.py:93} INFO - [0m15:31:55
[2026-07-29T15:31:55.011+0000] {subprocess.py:93} INFO - [0m15:31:55  Done. PASS=3 WARN=0 ERROR=0 SKIP=0 NO-OP=0 REUSED=0 TOTAL=3
[2026-07-29T15:31:56.872+0000] {subprocess.py:93} INFO - [0m15:31:56  Running with dbt=1.12.0
[2026-07-29T15:31:57.248+0000] {subprocess.py:93} INFO - [0m15:31:57  Registered adapter: bigquery=1.12.0
[2026-07-29T15:31:57.386+0000] {subprocess.py:93} INFO - [0m15:31:57  [[33mWARNING[0m]: Configuration paths exist in your dbt_project.yml file which do not apply to any resources.
[2026-07-29T15:31:57.386+0000] {subprocess.py:93} INFO - There are 1 unused configuration paths:
[2026-07-29T15:31:57.387+0000] {subprocess.py:93} INFO - - models.vienna_transforms.example
[2026-07-29T15:31:57.465+0000] {subprocess.py:93} INFO - [0m15:31:57  Found 3 models, 4 data tests, 2 sources, 561 macros
[2026-07-29T15:31:57.466+0000] {subprocess.py:93} INFO - [0m15:31:57
[2026-07-29T15:31:57.466+0000] {subprocess.py:93} INFO - [0m15:31:57  Concurrency: 4 threads (target='dev')
[2026-07-29T15:31:57.466+0000] {subprocess.py:93} INFO - [0m15:31:57
[2026-07-29T15:31:58.113+0000] {subprocess.py:93} INFO - [0m15:31:58  1 of 4 START test not_null_stg_transit_stop_id ................................. [RUN]
[2026-07-29T15:31:58.113+0000] {subprocess.py:93} INFO - [0m15:31:58  2 of 4 START test not_null_stg_transit_updated_at .............................. [RUN]
[2026-07-29T15:31:58.114+0000] {subprocess.py:93} INFO - [0m15:31:58  3 of 4 START test not_null_stg_weather_station_id .............................. [RUN]
[2026-07-29T15:31:58.114+0000] {subprocess.py:93} INFO - [0m15:31:58  4 of 4 START test not_null_stg_weather_updated_at .............................. [RUN]
[2026-07-29T15:31:59.623+0000] {subprocess.py:93} INFO - [0m15:31:59  2 of 4 PASS not_null_stg_transit_updated_at .................................... [[32mPASS[0m in 1.51s]
[2026-07-29T15:31:59.654+0000] {subprocess.py:93} INFO - [0m15:31:59  1 of 4 PASS not_null_stg_transit_stop_id ....................................... [[32mPASS[0m in 1.54s]
[2026-07-29T15:31:59.658+0000] {subprocess.py:93} INFO - [0m15:31:59  4 of 4 PASS not_null_stg_weather_updated_at .................................... [[32mPASS[0m in 1.54s]
[2026-07-29T15:31:59.808+0000] {subprocess.py:93} INFO - [0m15:31:59  3 of 4 PASS not_null_stg_weather_station_id .................................... [[32mPASS[0m in 1.69s]
[2026-07-29T15:31:59.833+0000] {subprocess.py:93} INFO - [0m15:31:59
[2026-07-29T15:31:59.833+0000] {subprocess.py:93} INFO - [0m15:31:59  Finished running 4 data tests in 0 hours 0 minutes and 2.37 seconds (2.37s).
[2026-07-29T15:31:59.864+0000] {subprocess.py:93} INFO - [0m15:31:59
[2026-07-29T15:31:59.865+0000] {subprocess.py:93} INFO - [0m15:31:59  [32mCompleted successfully[0m
[2026-07-29T15:31:59.865+0000] {subprocess.py:93} INFO - [0m15:31:59
[2026-07-29T15:31:59.865+0000] {subprocess.py:93} INFO - [0m15:31:59  Done. PASS=4 WARN=0 ERROR=0 SKIP=0 NO-OP=0 REUSED=0 TOTAL=4
[2026-07-29T15:32:00.739+0000] {subprocess.py:97} INFO - Command exited with return code 0
[2026-07-29T15:32:00.750+0000] {taskinstance.py:340} INFO - ::group::Post task execution logs
[2026-07-29T15:32:00.751+0000] {taskinstance.py:352} INFO - Marking task as SUCCESS. dag_id=vienna_mobility_weather_pipeline, task_id=run_dbt_models, run_id=scheduled__2026-07-28T00:00:00+00:00, execution_date=20260728T000000, start_date=20260729T153111, end_date=20260729T153200
[2026-07-29T15:32:00.755+0000] {logging_mixin.py:190} INFO - Task instance in success state
[2026-07-29T15:32:00.755+0000] {logging_mixin.py:190} INFO -  Previous state of the Task instance: running
[2026-07-29T15:32:00.755+0000] {logging_mixin.py:190} INFO - Dag name:vienna_mobility_weather_pipeline queued_at:2026-07-29 15:30:31.383971+00:00
[2026-07-29T15:32:00.755+0000] {logging_mixin.py:190} INFO - Task hostname:***-worker operator:BashOperator
[2026-07-29T15:32:00.760+0000] {local_task_job_runner.py:261} INFO - Task exited with return code 0
[2026-07-29T15:32:00.766+0000] {taskinstance.py:3891} INFO - 0 downstream tasks scheduled from follow-on schedule check
[2026-07-29T15:32:00.766+0000] {local_task_job_runner.py:240} INFO - ::endgroup::
