[2026-07-29T15:28:53.753+0000] {local_task_job_runner.py:123} INFO - ::group::Pre task execution logs
[2026-07-29T15:28:53.758+0000] {taskinstance.py:2603} INFO - Dependencies all met for dep_context=non-requeueable deps ti=<TaskInstance: ecommerce_dbt_transformation.run_dbt_models scheduled__2026-07-29T14:00:00+00:00 [queued]>
[2026-07-29T15:28:53.760+0000] {taskinstance.py:2603} INFO - Dependencies all met for dep_context=requeueable deps ti=<TaskInstance: ecommerce_dbt_transformation.run_dbt_models scheduled__2026-07-29T14:00:00+00:00 [queued]>
[2026-07-29T15:28:53.760+0000] {taskinstance.py:2856} INFO - Starting attempt 1 of 3
[2026-07-29T15:28:53.764+0000] {taskinstance.py:2879} INFO - Executing <Task(BashOperator): run_dbt_models> on 2026-07-29 14:00:00+00:00
[2026-07-29T15:28:53.766+0000] {warnings.py:112} WARNING - /home/***/.local/lib/python3.12/site-packages/***/task/task_runner/standard_task_runner.py:70: DeprecationWarning: This process (pid=69) is multi-threaded, use of fork() may lead to deadlocks in the child.
  pid = os.fork()

[2026-07-29T15:28:53.767+0000] {standard_task_runner.py:72} INFO - Started process 71 to run task
[2026-07-29T15:28:53.767+0000] {standard_task_runner.py:104} INFO - Running: ['***', 'tasks', 'run', 'ecommerce_dbt_transformation', 'run_dbt_models', 'scheduled__2026-07-29T14:00:00+00:00', '--job-id', '7', '--raw', '--subdir', 'DAGS_FOLDER/dbt_orchestrator.py', '--cfg-path', '/tmp/tmpoetpgk4q']
[2026-07-29T15:28:53.768+0000] {standard_task_runner.py:105} INFO - Job 7: Subtask run_dbt_models
[2026-07-29T15:28:53.785+0000] {task_command.py:467} INFO - Running <TaskInstance: ecommerce_dbt_transformation.run_dbt_models scheduled__2026-07-29T14:00:00+00:00 [running]> on host ***-worker
[2026-07-29T15:28:53.810+0000] {taskinstance.py:3122} INFO - Exporting env vars: AIRFLOW_CTX_DAG_OWNER='data_engineer' AIRFLOW_CTX_DAG_ID='ecommerce_dbt_transformation' AIRFLOW_CTX_TASK_ID='run_dbt_models' AIRFLOW_CTX_EXECUTION_DATE='2026-07-29T14:00:00+00:00' AIRFLOW_CTX_TRY_NUMBER='1' AIRFLOW_CTX_DAG_RUN_ID='scheduled__2026-07-29T14:00:00+00:00'
[2026-07-29T15:28:53.811+0000] {logging_mixin.py:190} INFO - Task instance is in running state
[2026-07-29T15:28:53.811+0000] {logging_mixin.py:190} INFO -  Previous state of the Task instance: queued
[2026-07-29T15:28:53.811+0000] {logging_mixin.py:190} INFO - Current task name:run_dbt_models state:running start_date:2026-07-29 15:28:53.758464+00:00
[2026-07-29T15:28:53.811+0000] {logging_mixin.py:190} INFO - Dag name:ecommerce_dbt_transformation and current dag run status:running
[2026-07-29T15:28:53.811+0000] {taskinstance.py:731} INFO - ::endgroup::
[2026-07-29T15:28:53.812+0000] {subprocess.py:63} INFO - Tmp dir root location: /tmp
[2026-07-29T15:28:53.812+0000] {subprocess.py:75} INFO - Running command: ['/usr/bin/bash', '-c', 'python3 -m venv /opt/***/dbt_ecommerce_venv && source /opt/***/dbt_ecommerce_venv/bin/activate && pip install --no-cache-dir dbt-snowflake && cd /opt/***/dbt_ecommerce && dbt deps --profiles-dir . && dbt run --profiles-dir . && dbt test --profiles-dir .']
[2026-07-29T15:28:53.816+0000] {subprocess.py:86} INFO - Output:
[2026-07-29T15:28:55.981+0000] {subprocess.py:93} INFO - Collecting dbt-snowflake
[2026-07-29T15:28:56.119+0000] {subprocess.py:93} INFO -   Downloading dbt_snowflake-1.12.0-py3-none-any.whl.metadata (3.2 kB)
[2026-07-29T15:28:56.151+0000] {subprocess.py:93} INFO - Collecting agate (from dbt-snowflake)
[2026-07-29T15:28:56.185+0000] {subprocess.py:93} INFO -   Downloading agate-1.14.2-py3-none-any.whl.metadata (3.1 kB)
[2026-07-29T15:28:56.220+0000] {subprocess.py:93} INFO - Collecting certifi<2025.4.26 (from dbt-snowflake)
[2026-07-29T15:28:56.329+0000] {subprocess.py:93} INFO -   Downloading certifi-2025.1.31-py3-none-any.whl.metadata (2.5 kB)
[2026-07-29T15:28:56.369+0000] {subprocess.py:93} INFO - Collecting dbt-adapters<2.0,>=1.24.4 (from dbt-snowflake)
[2026-07-29T15:28:56.402+0000] {subprocess.py:93} INFO -   Downloading dbt_adapters-1.24.5-py3-none-any.whl.metadata (4.6 kB)
[2026-07-29T15:28:56.439+0000] {subprocess.py:93} INFO - Collecting dbt-common<2.0,>=1.10 (from dbt-snowflake)
[2026-07-29T15:28:56.468+0000] {subprocess.py:93} INFO -   Downloading dbt_common-1.38.0-py3-none-any.whl.metadata (5.0 kB)
[2026-07-29T15:28:56.554+0000] {subprocess.py:93} INFO - Collecting dbt-core<2.0,>=1.10.0rc0 (from dbt-snowflake)
[2026-07-29T15:28:56.583+0000] {subprocess.py:93} INFO -   Downloading dbt_core-1.12.0-py3-none-any.whl.metadata (4.5 kB)
[2026-07-29T15:28:56.716+0000] {subprocess.py:93} INFO - Collecting snowflake-connector-python<5.0.0,>=4.2.0 (from snowflake-connector-python[secure-local-storage]<5.0.0,>=4.2.0->dbt-snowflake)
[2026-07-29T15:28:56.832+0000] {subprocess.py:93} INFO -   Downloading snowflake_connector_python-4.7.1-cp312-cp312-manylinux2014_aarch64.manylinux_2_17_aarch64.whl.metadata (89 kB)
[2026-07-29T15:28:56.911+0000] {subprocess.py:93} INFO - Collecting dbt-protos<2.0,>=1.0.291 (from dbt-adapters<2.0,>=1.24.4->dbt-snowflake)
[2026-07-29T15:28:56.938+0000] {subprocess.py:93} INFO -   Downloading dbt_protos-1.0.541-py3-none-any.whl.metadata (859 bytes)
[2026-07-29T15:28:56.973+0000] {subprocess.py:93} INFO - Collecting mashumaro<3.18,>=3.9 (from mashumaro[msgpack]<3.18,>=3.9->dbt-adapters<2.0,>=1.24.4->dbt-snowflake)
[2026-07-29T15:28:57.001+0000] {subprocess.py:93} INFO -   Downloading mashumaro-3.17-py3-none-any.whl.metadata (118 kB)
[2026-07-29T15:28:57.138+0000] {subprocess.py:93} INFO - Collecting protobuf<7.0,>=6.0 (from dbt-adapters<2.0,>=1.24.4->dbt-snowflake)
[2026-07-29T15:28:57.165+0000] {subprocess.py:93} INFO -   Downloading protobuf-6.33.6-cp39-abi3-manylinux2014_aarch64.whl.metadata (593 bytes)
[2026-07-29T15:28:57.206+0000] {subprocess.py:93} INFO - Collecting pytz>=2015.7 (from dbt-adapters<2.0,>=1.24.4->dbt-snowflake)
[2026-07-29T15:28:57.233+0000] {subprocess.py:93} INFO -   Downloading pytz-2026.3.post1-py2.py3-none-any.whl.metadata (22 kB)
[2026-07-29T15:28:57.267+0000] {subprocess.py:93} INFO - Collecting typing-extensions<5.0,>=4.0 (from dbt-adapters<2.0,>=1.24.4->dbt-snowflake)
[2026-07-29T15:28:57.378+0000] {subprocess.py:93} INFO -   Downloading typing_extensions-4.16.0-py3-none-any.whl.metadata (3.3 kB)
[2026-07-29T15:28:57.415+0000] {subprocess.py:93} INFO - Collecting Babel>=2.0 (from agate->dbt-snowflake)
[2026-07-29T15:28:57.445+0000] {subprocess.py:93} INFO -   Downloading babel-2.18.0-py3-none-any.whl.metadata (2.2 kB)
[2026-07-29T15:28:57.469+0000] {subprocess.py:93} INFO - Collecting isodate>=0.5.4 (from agate->dbt-snowflake)
[2026-07-29T15:28:57.498+0000] {subprocess.py:93} INFO -   Downloading isodate-0.7.2-py3-none-any.whl.metadata (11 kB)
[2026-07-29T15:28:57.529+0000] {subprocess.py:93} INFO - Collecting leather>=0.3.2 (from agate->dbt-snowflake)
[2026-07-29T15:28:57.559+0000] {subprocess.py:93} INFO -   Downloading leather-0.4.1-py3-none-any.whl.metadata (3.0 kB)
[2026-07-29T15:28:57.592+0000] {subprocess.py:93} INFO - Collecting parsedatetime!=2.5,>=2.1 (from agate->dbt-snowflake)
[2026-07-29T15:28:57.622+0000] {subprocess.py:93} INFO -   Downloading parsedatetime-2.6-py3-none-any.whl.metadata (4.7 kB)
[2026-07-29T15:28:57.660+0000] {subprocess.py:93} INFO - Collecting python-slugify>=1.2.1 (from agate->dbt-snowflake)
[2026-07-29T15:28:57.691+0000] {subprocess.py:93} INFO -   Downloading python_slugify-8.0.4-py2.py3-none-any.whl.metadata (8.5 kB)
[2026-07-29T15:28:57.716+0000] {subprocess.py:93} INFO - Collecting pytimeparse>=1.1.5 (from agate->dbt-snowflake)
[2026-07-29T15:28:57.746+0000] {subprocess.py:93} INFO -   Downloading pytimeparse-1.1.8-py2.py3-none-any.whl.metadata (3.4 kB)
[2026-07-29T15:28:57.750+0000] {subprocess.py:93} INFO - Collecting agate (from dbt-snowflake)
[2026-07-29T15:28:57.777+0000] {subprocess.py:93} INFO -   Downloading agate-1.9.1-py2.py3-none-any.whl.metadata (3.2 kB)
[2026-07-29T15:28:57.892+0000] {subprocess.py:93} INFO - Collecting colorama<0.5,>=0.3.9 (from dbt-common<2.0,>=1.10->dbt-snowflake)
[2026-07-29T15:28:57.923+0000] {subprocess.py:93} INFO -   Downloading colorama-0.4.6-py2.py3-none-any.whl.metadata (17 kB)
[2026-07-29T15:28:57.961+0000] {subprocess.py:93} INFO - Collecting deepdiff<9.0,>=7.0 (from dbt-common<2.0,>=1.10->dbt-snowflake)
[2026-07-29T15:28:57.990+0000] {subprocess.py:93} INFO -   Downloading deepdiff-8.6.2-py3-none-any.whl.metadata (8.8 kB)
[2026-07-29T15:28:58.030+0000] {subprocess.py:93} INFO - Collecting jinja2<4,>=3.1.3 (from dbt-common<2.0,>=1.10->dbt-snowflake)
[2026-07-29T15:28:58.059+0000] {subprocess.py:93} INFO -   Downloading jinja2-3.1.6-py3-none-any.whl.metadata (2.9 kB)
[2026-07-29T15:28:58.108+0000] {subprocess.py:93} INFO - Collecting jsonschema<5.0,>=4.0 (from dbt-common<2.0,>=1.10->dbt-snowflake)
[2026-07-29T15:28:58.135+0000] {subprocess.py:93} INFO -   Downloading jsonschema-4.26.0-py3-none-any.whl.metadata (7.6 kB)
[2026-07-29T15:28:58.167+0000] {subprocess.py:93} INFO - Collecting pathspec<1.1,>=0.9 (from dbt-common<2.0,>=1.10->dbt-snowflake)
[2026-07-29T15:28:58.200+0000] {subprocess.py:93} INFO -   Downloading pathspec-1.0.4-py3-none-any.whl.metadata (13 kB)
[2026-07-29T15:28:58.232+0000] {subprocess.py:93} INFO - Collecting python-dateutil<3.0,>=2.0 (from dbt-common<2.0,>=1.10->dbt-snowflake)
[2026-07-29T15:28:58.259+0000] {subprocess.py:93} INFO -   Downloading python_dateutil-2.9.0.post0-py2.py3-none-any.whl.metadata (8.4 kB)
[2026-07-29T15:28:58.302+0000] {subprocess.py:93} INFO - Collecting requests<3.0.0 (from dbt-common<2.0,>=1.10->dbt-snowflake)
[2026-07-29T15:28:58.408+0000] {subprocess.py:93} INFO -   Downloading requests-2.34.2-py3-none-any.whl.metadata (4.8 kB)
[2026-07-29T15:28:58.455+0000] {subprocess.py:93} INFO - Collecting click<9.0,>=8.3.0 (from dbt-core<2.0,>=1.10.0rc0->dbt-snowflake)
[2026-07-29T15:28:58.484+0000] {subprocess.py:93} INFO -   Downloading click-8.4.2-py3-none-any.whl.metadata (2.6 kB)
[2026-07-29T15:28:58.518+0000] {subprocess.py:93} INFO - Collecting daff>=1.3.46 (from dbt-core<2.0,>=1.10.0rc0->dbt-snowflake)
[2026-07-29T15:28:58.548+0000] {subprocess.py:93} INFO -   Downloading daff-1.4.2-py3-none-any.whl.metadata (10 kB)
[2026-07-29T15:28:58.682+0000] {subprocess.py:93} INFO - Collecting dbt-core-experimental-parser<3,>=2.0.0a4 (from dbt-core<2.0,>=1.10.0rc0->dbt-snowflake)
[2026-07-29T15:28:58.712+0000] {subprocess.py:93} INFO -   Downloading dbt_core_experimental_parser-2.0.0a5.tar.gz (4.5 kB)
[2026-07-29T15:28:58.716+0000] {subprocess.py:93} INFO -   Installing build dependencies: started
[2026-07-29T15:28:59.612+0000] {subprocess.py:93} INFO -   Installing build dependencies: finished with status 'done'
[2026-07-29T15:28:59.613+0000] {subprocess.py:93} INFO -   Getting requirements to build wheel: started
[2026-07-29T15:28:59.778+0000] {subprocess.py:93} INFO -   Getting requirements to build wheel: finished with status 'done'
[2026-07-29T15:28:59.779+0000] {subprocess.py:93} INFO -   Preparing metadata (pyproject.toml): started
[2026-07-29T15:29:01.897+0000] {subprocess.py:93} INFO -   Preparing metadata (pyproject.toml): finished with status 'done'
[2026-07-29T15:29:01.926+0000] {subprocess.py:93} INFO - Collecting dbt-extractor<=0.6,>=0.5.0 (from dbt-core<2.0,>=1.10.0rc0->dbt-snowflake)
[2026-07-29T15:29:01.955+0000] {subprocess.py:93} INFO -   Downloading dbt_extractor-0.6.0-cp39-abi3-manylinux_2_17_aarch64.manylinux2014_aarch64.whl.metadata (4.6 kB)
[2026-07-29T15:29:02.091+0000] {subprocess.py:93} INFO - Collecting metricflow<1.0,>=0.211.0 (from dbt-core<2.0,>=1.10.0rc0->dbt-snowflake)
[2026-07-29T15:29:02.119+0000] {subprocess.py:93} INFO -   Downloading metricflow-0.211.0-py3-none-any.whl.metadata (19 kB)
[2026-07-29T15:29:02.158+0000] {subprocess.py:93} INFO - Collecting networkx<4.0,>=2.3 (from dbt-core<2.0,>=1.10.0rc0->dbt-snowflake)
[2026-07-29T15:29:02.184+0000] {subprocess.py:93} INFO -   Downloading networkx-3.6.1-py3-none-any.whl.metadata (6.8 kB)
[2026-07-29T15:29:02.215+0000] {subprocess.py:93} INFO - Collecting packaging>20.9 (from dbt-core<2.0,>=1.10.0rc0->dbt-snowflake)
[2026-07-29T15:29:02.243+0000] {subprocess.py:93} INFO -   Downloading packaging-26.2-py3-none-any.whl.metadata (3.5 kB)
[2026-07-29T15:29:02.338+0000] {subprocess.py:93} INFO - Collecting pydantic<3 (from dbt-core<2.0,>=1.10.0rc0->dbt-snowflake)
[2026-07-29T15:29:02.370+0000] {subprocess.py:93} INFO -   Downloading pydantic-2.13.4-py3-none-any.whl.metadata (109 kB)
[2026-07-29T15:29:02.403+0000] {subprocess.py:93} INFO - Collecting python-dotenv>=1.2 (from dbt-core<2.0,>=1.10.0rc0->dbt-snowflake)
[2026-07-29T15:29:02.429+0000] {subprocess.py:93} INFO -   Downloading python_dotenv-1.2.2-py3-none-any.whl.metadata (27 kB)
[2026-07-29T15:29:02.474+0000] {subprocess.py:93} INFO - Collecting pyyaml>=6.0 (from dbt-core<2.0,>=1.10.0rc0->dbt-snowflake)
[2026-07-29T15:29:02.502+0000] {subprocess.py:93} INFO -   Downloading pyyaml-6.0.3-cp312-cp312-manylinux2014_aarch64.manylinux_2_17_aarch64.manylinux_2_28_aarch64.whl.metadata (2.4 kB)
[2026-07-29T15:29:02.604+0000] {subprocess.py:93} INFO - Collecting snowplow-tracker<2.0,>=1.0.2 (from dbt-core<2.0,>=1.10.0rc0->dbt-snowflake)
[2026-07-29T15:29:02.632+0000] {subprocess.py:93} INFO -   Downloading snowplow_tracker-1.1.0-py3-none-any.whl.metadata (5.7 kB)
[2026-07-29T15:29:02.665+0000] {subprocess.py:93} INFO - Collecting sqlparse<0.6.0,>=0.5.5 (from dbt-core<2.0,>=1.10.0rc0->dbt-snowflake)
[2026-07-29T15:29:02.694+0000] {subprocess.py:93} INFO -   Downloading sqlparse-0.5.5-py3-none-any.whl.metadata (4.7 kB)
[2026-07-29T15:29:02.721+0000] {subprocess.py:93} INFO - Collecting asn1crypto<2.0.0,>0.24.0 (from snowflake-connector-python<5.0.0,>=4.2.0->snowflake-connector-python[secure-local-storage]<5.0.0,>=4.2.0->dbt-snowflake)
[2026-07-29T15:29:02.750+0000] {subprocess.py:93} INFO -   Downloading asn1crypto-1.5.1-py2.py3-none-any.whl.metadata (13 kB)
[2026-07-29T15:29:02.877+0000] {subprocess.py:93} INFO - Collecting cryptography>=46.0.5 (from snowflake-connector-python<5.0.0,>=4.2.0->snowflake-connector-python[secure-local-storage]<5.0.0,>=4.2.0->dbt-snowflake)
[2026-07-29T15:29:02.907+0000] {subprocess.py:93} INFO -   Downloading cryptography-49.0.0-cp311-abi3-manylinux_2_34_aarch64.whl.metadata (4.3 kB)
[2026-07-29T15:29:02.936+0000] {subprocess.py:93} INFO - Collecting pyOpenSSL>=24.0.0 (from snowflake-connector-python<5.0.0,>=4.2.0->snowflake-connector-python[secure-local-storage]<5.0.0,>=4.2.0->dbt-snowflake)
[2026-07-29T15:29:02.965+0000] {subprocess.py:93} INFO -   Downloading pyopenssl-26.3.0-py3-none-any.whl.metadata (22 kB)
[2026-07-29T15:29:02.996+0000] {subprocess.py:93} INFO - Collecting pyjwt<3.0.0,>=2.10.1 (from snowflake-connector-python<5.0.0,>=4.2.0->snowflake-connector-python[secure-local-storage]<5.0.0,>=4.2.0->dbt-snowflake)
[2026-07-29T15:29:03.022+0000] {subprocess.py:93} INFO -   Downloading pyjwt-2.13.0-py3-none-any.whl.metadata (3.4 kB)
[2026-07-29T15:29:03.188+0000] {subprocess.py:93} INFO - Collecting charset_normalizer<4,>=2 (from snowflake-connector-python<5.0.0,>=4.2.0->snowflake-connector-python[secure-local-storage]<5.0.0,>=4.2.0->dbt-snowflake)
[2026-07-29T15:29:03.217+0000] {subprocess.py:93} INFO -   Downloading charset_normalizer-3.4.9-cp312-cp312-manylinux2014_aarch64.manylinux_2_17_aarch64.manylinux_2_28_aarch64.whl.metadata (41 kB)
[2026-07-29T15:29:03.246+0000] {subprocess.py:93} INFO - Collecting idna<4,>=3.7 (from snowflake-connector-python<5.0.0,>=4.2.0->snowflake-connector-python[secure-local-storage]<5.0.0,>=4.2.0->dbt-snowflake)
[2026-07-29T15:29:03.274+0000] {subprocess.py:93} INFO -   Downloading idna-3.18-py3-none-any.whl.metadata (6.1 kB)
[2026-07-29T15:29:03.324+0000] {subprocess.py:93} INFO - Collecting filelock<4,>=3.5 (from snowflake-connector-python<5.0.0,>=4.2.0->snowflake-connector-python[secure-local-storage]<5.0.0,>=4.2.0->dbt-snowflake)
[2026-07-29T15:29:03.351+0000] {subprocess.py:93} INFO -   Downloading filelock-3.32.0-py3-none-any.whl.metadata (2.0 kB)
[2026-07-29T15:29:03.381+0000] {subprocess.py:93} INFO - Collecting sortedcontainers>=2.4.0 (from snowflake-connector-python<5.0.0,>=4.2.0->snowflake-connector-python[secure-local-storage]<5.0.0,>=4.2.0->dbt-snowflake)
[2026-07-29T15:29:03.410+0000] {subprocess.py:93} INFO -   Downloading sortedcontainers-2.4.0-py2.py3-none-any.whl.metadata (10 kB)
[2026-07-29T15:29:03.448+0000] {subprocess.py:93} INFO - Collecting platformdirs<5.0.0,>=2.6.0 (from snowflake-connector-python<5.0.0,>=4.2.0->snowflake-connector-python[secure-local-storage]<5.0.0,>=4.2.0->dbt-snowflake)
[2026-07-29T15:29:03.474+0000] {subprocess.py:93} INFO -   Downloading platformdirs-4.11.0-py3-none-any.whl.metadata (5.5 kB)
[2026-07-29T15:29:03.517+0000] {subprocess.py:93} INFO - Collecting tomlkit (from snowflake-connector-python<5.0.0,>=4.2.0->snowflake-connector-python[secure-local-storage]<5.0.0,>=4.2.0->dbt-snowflake)
[2026-07-29T15:29:03.545+0000] {subprocess.py:93} INFO -   Downloading tomlkit-0.15.1-py3-none-any.whl.metadata (3.3 kB)
[2026-07-29T15:29:03.872+0000] {subprocess.py:93} INFO - Collecting boto3>=1.24 (from snowflake-connector-python<5.0.0,>=4.2.0->snowflake-connector-python[secure-local-storage]<5.0.0,>=4.2.0->dbt-snowflake)
[2026-07-29T15:29:03.900+0000] {subprocess.py:93} INFO -   Downloading boto3-1.43.58-py3-none-any.whl.metadata (6.6 kB)
[2026-07-29T15:29:04.131+0000] {subprocess.py:93} INFO - Collecting botocore>=1.24 (from snowflake-connector-python<5.0.0,>=4.2.0->snowflake-connector-python[secure-local-storage]<5.0.0,>=4.2.0->dbt-snowflake)
[2026-07-29T15:29:04.195+0000] {subprocess.py:93} INFO -   Downloading botocore-1.43.58-py3-none-any.whl.metadata (5.6 kB)
[2026-07-29T15:29:04.263+0000] {subprocess.py:93} INFO - Collecting keyring<26.0.0,>=23.1.0 (from snowflake-connector-python[secure-local-storage]<5.0.0,>=4.2.0->dbt-snowflake)
[2026-07-29T15:29:04.292+0000] {subprocess.py:93} INFO -   Downloading keyring-25.7.0-py3-none-any.whl.metadata (21 kB)
[2026-07-29T15:29:04.410+0000] {subprocess.py:93} INFO - Collecting jmespath<2.0.0,>=0.7.1 (from boto3>=1.24->snowflake-connector-python<5.0.0,>=4.2.0->snowflake-connector-python[secure-local-storage]<5.0.0,>=4.2.0->dbt-snowflake)
[2026-07-29T15:29:04.438+0000] {subprocess.py:93} INFO -   Downloading jmespath-1.1.0-py3-none-any.whl.metadata (7.6 kB)
[2026-07-29T15:29:04.473+0000] {subprocess.py:93} INFO - Collecting s3transfer<0.20.0,>=0.19.0 (from boto3>=1.24->snowflake-connector-python<5.0.0,>=4.2.0->snowflake-connector-python[secure-local-storage]<5.0.0,>=4.2.0->dbt-snowflake)
[2026-07-29T15:29:04.500+0000] {subprocess.py:93} INFO -   Downloading s3transfer-0.19.2-py3-none-any.whl.metadata (1.7 kB)
[2026-07-29T15:29:04.554+0000] {subprocess.py:93} INFO - Collecting urllib3!=2.2.0,<3,>=1.25.4 (from botocore>=1.24->snowflake-connector-python<5.0.0,>=4.2.0->snowflake-connector-python[secure-local-storage]<5.0.0,>=4.2.0->dbt-snowflake)
[2026-07-29T15:29:04.580+0000] {subprocess.py:93} INFO -   Downloading urllib3-2.7.0-py3-none-any.whl.metadata (6.9 kB)
[2026-07-29T15:29:04.760+0000] {subprocess.py:93} INFO - Collecting cffi>=2.0.0 (from cryptography>=46.0.5->snowflake-connector-python<5.0.0,>=4.2.0->snowflake-connector-python[secure-local-storage]<5.0.0,>=4.2.0->dbt-snowflake)
[2026-07-29T15:29:04.789+0000] {subprocess.py:93} INFO -   Downloading cffi-2.1.0-cp312-cp312-manylinux2014_aarch64.manylinux_2_17_aarch64.whl.metadata (2.5 kB)
[2026-07-29T15:29:04.823+0000] {subprocess.py:93} INFO - Collecting orderly-set<6,>=5.4.1 (from deepdiff<9.0,>=7.0->dbt-common<2.0,>=1.10->dbt-snowflake)
[2026-07-29T15:29:04.852+0000] {subprocess.py:93} INFO -   Downloading orderly_set-5.5.0-py3-none-any.whl.metadata (6.6 kB)
[2026-07-29T15:29:05.109+0000] {subprocess.py:93} INFO - Collecting MarkupSafe>=2.0 (from jinja2<4,>=3.1.3->dbt-common<2.0,>=1.10->dbt-snowflake)
[2026-07-29T15:29:05.223+0000] {subprocess.py:93} INFO -   Downloading markupsafe-3.0.3-cp312-cp312-manylinux2014_aarch64.manylinux_2_17_aarch64.manylinux_2_28_aarch64.whl.metadata (2.7 kB)
[2026-07-29T15:29:05.265+0000] {subprocess.py:93} INFO - Collecting attrs>=22.2.0 (from jsonschema<5.0,>=4.0->dbt-common<2.0,>=1.10->dbt-snowflake)
[2026-07-29T15:29:05.295+0000] {subprocess.py:93} INFO -   Downloading attrs-26.1.0-py3-none-any.whl.metadata (8.8 kB)
[2026-07-29T15:29:05.325+0000] {subprocess.py:93} INFO - Collecting jsonschema-specifications>=2023.03.6 (from jsonschema<5.0,>=4.0->dbt-common<2.0,>=1.10->dbt-snowflake)
[2026-07-29T15:29:05.356+0000] {subprocess.py:93} INFO -   Downloading jsonschema_specifications-2025.9.1-py3-none-any.whl.metadata (2.9 kB)
[2026-07-29T15:29:05.409+0000] {subprocess.py:93} INFO - Collecting referencing>=0.28.4 (from jsonschema<5.0,>=4.0->dbt-common<2.0,>=1.10->dbt-snowflake)
[2026-07-29T15:29:05.438+0000] {subprocess.py:93} INFO -   Downloading referencing-0.37.0-py3-none-any.whl.metadata (2.8 kB)
[2026-07-29T15:29:05.594+0000] {subprocess.py:93} INFO - Collecting rpds-py>=0.25.0 (from jsonschema<5.0,>=4.0->dbt-common<2.0,>=1.10->dbt-snowflake)
[2026-07-29T15:29:05.621+0000] {subprocess.py:93} INFO -   Downloading rpds_py-2026.6.3-cp312-cp312-manylinux_2_17_aarch64.manylinux2014_aarch64.whl.metadata (4.1 kB)
[2026-07-29T15:29:05.648+0000] {subprocess.py:93} INFO - Collecting SecretStorage>=3.2 (from keyring<26.0.0,>=23.1.0->snowflake-connector-python[secure-local-storage]<5.0.0,>=4.2.0->dbt-snowflake)
[2026-07-29T15:29:05.745+0000] {subprocess.py:93} INFO -   Downloading secretstorage-3.5.0-py3-none-any.whl.metadata (4.0 kB)
[2026-07-29T15:29:05.773+0000] {subprocess.py:93} INFO - Collecting jeepney>=0.4.2 (from keyring<26.0.0,>=23.1.0->snowflake-connector-python[secure-local-storage]<5.0.0,>=4.2.0->dbt-snowflake)
[2026-07-29T15:29:05.799+0000] {subprocess.py:93} INFO -   Downloading jeepney-0.9.0-py3-none-any.whl.metadata (1.2 kB)
[2026-07-29T15:29:05.830+0000] {subprocess.py:93} INFO - Collecting jaraco.classes (from keyring<26.0.0,>=23.1.0->snowflake-connector-python[secure-local-storage]<5.0.0,>=4.2.0->dbt-snowflake)
[2026-07-29T15:29:05.858+0000] {subprocess.py:93} INFO -   Downloading jaraco.classes-3.4.0-py3-none-any.whl.metadata (2.6 kB)
[2026-07-29T15:29:05.889+0000] {subprocess.py:93} INFO - Collecting jaraco.functools (from keyring<26.0.0,>=23.1.0->snowflake-connector-python[secure-local-storage]<5.0.0,>=4.2.0->dbt-snowflake)
[2026-07-29T15:29:05.916+0000] {subprocess.py:93} INFO -   Downloading jaraco_functools-4.6.0-py3-none-any.whl.metadata (2.9 kB)
[2026-07-29T15:29:05.947+0000] {subprocess.py:93} INFO - Collecting jaraco.context (from keyring<26.0.0,>=23.1.0->snowflake-connector-python[secure-local-storage]<5.0.0,>=4.2.0->dbt-snowflake)
[2026-07-29T15:29:05.974+0000] {subprocess.py:93} INFO -   Downloading jaraco_context-6.1.2-py3-none-any.whl.metadata (4.2 kB)
[2026-07-29T15:29:06.071+0000] {subprocess.py:93} INFO - Collecting msgpack>=0.5.6 (from mashumaro[msgpack]<3.18,>=3.9->dbt-adapters<2.0,>=1.24.4->dbt-snowflake)
[2026-07-29T15:29:06.101+0000] {subprocess.py:93} INFO -   Downloading msgpack-1.2.1-cp312-cp312-manylinux2014_aarch64.manylinux_2_17_aarch64.manylinux_2_28_aarch64.whl.metadata (8.3 kB)
[2026-07-29T15:29:06.149+0000] {subprocess.py:93} INFO - Collecting importlib-metadata>=4.0 (from metricflow<1.0,>=0.211.0->dbt-core<2.0,>=1.10.0rc0->dbt-snowflake)
[2026-07-29T15:29:06.177+0000] {subprocess.py:93} INFO -   Downloading importlib_metadata-9.0.0-py3-none-any.whl.metadata (4.5 kB)
[2026-07-29T15:29:06.302+0000] {subprocess.py:93} INFO - Collecting more-itertools<11.0,>=10.0.0 (from metricflow<1.0,>=0.211.0->dbt-core<2.0,>=1.10.0rc0->dbt-snowflake)
[2026-07-29T15:29:06.330+0000] {subprocess.py:93} INFO -   Downloading more_itertools-10.8.0-py3-none-any.whl.metadata (39 kB)
[2026-07-29T15:29:06.593+0000] {subprocess.py:93} INFO - Collecting rapidfuzz<4.0,>=3.0 (from metricflow<1.0,>=0.211.0->dbt-core<2.0,>=1.10.0rc0->dbt-snowflake)
[2026-07-29T15:29:06.620+0000] {subprocess.py:93} INFO -   Downloading rapidfuzz-3.14.5-cp312-cp312-manylinux_2_26_aarch64.manylinux_2_28_aarch64.whl.metadata (12 kB)
[2026-07-29T15:29:06.752+0000] {subprocess.py:93} INFO - Collecting sqlglot>=20.0.0 (from metricflow<1.0,>=0.211.0->dbt-core<2.0,>=1.10.0rc0->dbt-snowflake)
[2026-07-29T15:29:06.819+0000] {subprocess.py:93} INFO -   Downloading sqlglot-30.14.0-py3-none-any.whl.metadata (25 kB)
[2026-07-29T15:29:06.851+0000] {subprocess.py:93} INFO - Collecting tabulate>=0.8.9 (from metricflow<1.0,>=0.211.0->dbt-core<2.0,>=1.10.0rc0->dbt-snowflake)
[2026-07-29T15:29:06.884+0000] {subprocess.py:93} INFO -   Downloading tabulate-0.10.0-py3-none-any.whl.metadata (40 kB)
[2026-07-29T15:29:06.927+0000] {subprocess.py:93} INFO - Collecting annotated-types>=0.6.0 (from pydantic<3->dbt-core<2.0,>=1.10.0rc0->dbt-snowflake)
[2026-07-29T15:29:06.957+0000] {subprocess.py:93} INFO -   Downloading annotated_types-0.8.0-py3-none-any.whl.metadata (15 kB)
[2026-07-29T15:29:07.323+0000] {subprocess.py:93} INFO - Collecting pydantic-core==2.46.4 (from pydantic<3->dbt-core<2.0,>=1.10.0rc0->dbt-snowflake)
[2026-07-29T15:29:07.355+0000] {subprocess.py:93} INFO -   Downloading pydantic_core-2.46.4-cp312-cp312-manylinux_2_17_aarch64.manylinux2014_aarch64.whl.metadata (6.6 kB)
[2026-07-29T15:29:07.378+0000] {subprocess.py:93} INFO - Collecting typing-inspection>=0.4.2 (from pydantic<3->dbt-core<2.0,>=1.10.0rc0->dbt-snowflake)
[2026-07-29T15:29:07.407+0000] {subprocess.py:93} INFO -   Downloading typing_inspection-0.4.2-py3-none-any.whl.metadata (2.6 kB)
[2026-07-29T15:29:07.442+0000] {subprocess.py:93} INFO - Collecting six>=1.5 (from python-dateutil<3.0,>=2.0->dbt-common<2.0,>=1.10->dbt-snowflake)
[2026-07-29T15:29:07.474+0000] {subprocess.py:93} INFO -   Downloading six-1.17.0-py2.py3-none-any.whl.metadata (1.7 kB)
[2026-07-29T15:29:07.502+0000] {subprocess.py:93} INFO - Collecting text-unidecode>=1.3 (from python-slugify>=1.2.1->agate->dbt-snowflake)
[2026-07-29T15:29:07.530+0000] {subprocess.py:93} INFO -   Downloading text_unidecode-1.3-py2.py3-none-any.whl.metadata (2.4 kB)
[2026-07-29T15:29:07.581+0000] {subprocess.py:93} INFO - Collecting pycparser (from cffi>=2.0.0->cryptography>=46.0.5->snowflake-connector-python<5.0.0,>=4.2.0->snowflake-connector-python[secure-local-storage]<5.0.0,>=4.2.0->dbt-snowflake)
[2026-07-29T15:29:07.609+0000] {subprocess.py:93} INFO -   Downloading pycparser-3.0-py3-none-any.whl.metadata (8.2 kB)
[2026-07-29T15:29:07.644+0000] {subprocess.py:93} INFO - Collecting zipp>=3.20 (from importlib-metadata>=4.0->metricflow<1.0,>=0.211.0->dbt-core<2.0,>=1.10.0rc0->dbt-snowflake)
[2026-07-29T15:29:07.670+0000] {subprocess.py:93} INFO -   Downloading zipp-4.1.0-py3-none-any.whl.metadata (3.6 kB)
[2026-07-29T15:29:07.868+0000] {subprocess.py:93} INFO - Downloading dbt_snowflake-1.12.0-py3-none-any.whl (86 kB)
[2026-07-29T15:29:07.902+0000] {subprocess.py:93} INFO - Downloading certifi-2025.1.31-py3-none-any.whl (166 kB)
[2026-07-29T15:29:07.943+0000] {subprocess.py:93} INFO - Downloading dbt_adapters-1.24.5-py3-none-any.whl (177 kB)
[2026-07-29T15:29:07.993+0000] {subprocess.py:93} INFO - Downloading dbt_common-1.38.0-py3-none-any.whl (88 kB)
[2026-07-29T15:29:08.028+0000] {subprocess.py:93} INFO - Downloading agate-1.9.1-py2.py3-none-any.whl (95 kB)
[2026-07-29T15:29:08.071+0000] {subprocess.py:93} INFO - Downloading dbt_core-1.12.0-py3-none-any.whl (1.1 MB)
[2026-07-29T15:29:08.126+0000] {subprocess.py:93} INFO -    ━━━━━━━━━━━━━━━━━━━━━━━━━━━━━━━━━━━━━━━━ 1.1/1.1 MB 19.4 MB/s eta 0:00:00
[2026-07-29T15:29:08.159+0000] {subprocess.py:93} INFO - Downloading snowflake_connector_python-4.7.1-cp312-cp312-manylinux2014_aarch64.manylinux_2_17_aarch64.whl (2.9 MB)
[2026-07-29T15:29:08.214+0000] {subprocess.py:93} INFO -    ━━━━━━━━━━━━━━━━━━━━━━━━━━━━━━━━━━━━━━━━ 2.9/2.9 MB 57.8 MB/s eta 0:00:00
[2026-07-29T15:29:08.247+0000] {subprocess.py:93} INFO - Downloading asn1crypto-1.5.1-py2.py3-none-any.whl (105 kB)
[2026-07-29T15:29:08.276+0000] {subprocess.py:93} INFO - Downloading babel-2.18.0-py3-none-any.whl (10.2 MB)
[2026-07-29T15:29:08.632+0000] {subprocess.py:93} INFO -    ━━━━━━━━━━━━━━━━━━━━━━━━━━━━━━━━━━━━━━━━ 10.2/10.2 MB 38.7 MB/s eta 0:00:00
[2026-07-29T15:29:08.666+0000] {subprocess.py:93} INFO - Downloading boto3-1.43.58-py3-none-any.whl (140 kB)
[2026-07-29T15:29:08.701+0000] {subprocess.py:93} INFO - Downloading botocore-1.43.58-py3-none-any.whl (15.4 MB)
[2026-07-29T15:29:09.133+0000] {subprocess.py:93} INFO -    ━━━━━━━━━━━━━━━━━━━━━━━━━━━━━━━━━━━━━━━━ 15.4/15.4 MB 35.6 MB/s eta 0:00:00
[2026-07-29T15:29:09.165+0000] {subprocess.py:93} INFO - Downloading charset_normalizer-3.4.9-cp312-cp312-manylinux2014_aarch64.manylinux_2_17_aarch64.manylinux_2_28_aarch64.whl (215 kB)
[2026-07-29T15:29:09.195+0000] {subprocess.py:93} INFO - Downloading click-8.4.2-py3-none-any.whl (119 kB)
[2026-07-29T15:29:09.225+0000] {subprocess.py:93} INFO - Downloading colorama-0.4.6-py2.py3-none-any.whl (25 kB)
[2026-07-29T15:29:09.271+0000] {subprocess.py:93} INFO - Downloading cryptography-49.0.0-cp311-abi3-manylinux_2_34_aarch64.whl (4.7 MB)
[2026-07-29T15:29:09.455+0000] {subprocess.py:93} INFO -    ━━━━━━━━━━━━━━━━━━━━━━━━━━━━━━━━━━━━━━━━ 4.7/4.7 MB 24.8 MB/s eta 0:00:00
[2026-07-29T15:29:09.491+0000] {subprocess.py:93} INFO - Downloading daff-1.4.2-py3-none-any.whl (144 kB)
[2026-07-29T15:29:09.523+0000] {subprocess.py:93} INFO - Downloading dbt_extractor-0.6.0-cp39-abi3-manylinux_2_17_aarch64.manylinux2014_aarch64.whl (435 kB)
[2026-07-29T15:29:09.577+0000] {subprocess.py:93} INFO - Downloading dbt_protos-1.0.541-py3-none-any.whl (241 kB)
[2026-07-29T15:29:09.610+0000] {subprocess.py:93} INFO - Downloading deepdiff-8.6.2-py3-none-any.whl (91 kB)
[2026-07-29T15:29:09.646+0000] {subprocess.py:93} INFO - Downloading filelock-3.32.0-py3-none-any.whl (97 kB)
[2026-07-29T15:29:09.677+0000] {subprocess.py:93} INFO - Downloading idna-3.18-py3-none-any.whl (65 kB)
[2026-07-29T15:29:09.712+0000] {subprocess.py:93} INFO - Downloading isodate-0.7.2-py3-none-any.whl (22 kB)
[2026-07-29T15:29:09.747+0000] {subprocess.py:93} INFO - Downloading jinja2-3.1.6-py3-none-any.whl (134 kB)
[2026-07-29T15:29:09.781+0000] {subprocess.py:93} INFO - Downloading jsonschema-4.26.0-py3-none-any.whl (90 kB)
[2026-07-29T15:29:09.817+0000] {subprocess.py:93} INFO - Downloading keyring-25.7.0-py3-none-any.whl (39 kB)
[2026-07-29T15:29:09.848+0000] {subprocess.py:93} INFO - Downloading leather-0.4.1-py3-none-any.whl (30 kB)
[2026-07-29T15:29:09.971+0000] {subprocess.py:93} INFO - Downloading mashumaro-3.17-py3-none-any.whl (94 kB)
[2026-07-29T15:29:10.003+0000] {subprocess.py:93} INFO - Downloading metricflow-0.211.0-py3-none-any.whl (1.9 MB)
[2026-07-29T15:29:10.046+0000] {subprocess.py:93} INFO -    ━━━━━━━━━━━━━━━━━━━━━━━━━━━━━━━━━━━━━━━━ 1.9/1.9 MB 48.5 MB/s eta 0:00:00
[2026-07-29T15:29:10.079+0000] {subprocess.py:93} INFO - Downloading networkx-3.6.1-py3-none-any.whl (2.1 MB)
[2026-07-29T15:29:10.129+0000] {subprocess.py:93} INFO -    ━━━━━━━━━━━━━━━━━━━━━━━━━━━━━━━━━━━━━━━━ 2.1/2.1 MB 50.7 MB/s eta 0:00:00
[2026-07-29T15:29:10.158+0000] {subprocess.py:93} INFO - Downloading packaging-26.2-py3-none-any.whl (100 kB)
[2026-07-29T15:29:10.191+0000] {subprocess.py:93} INFO - Downloading parsedatetime-2.6-py3-none-any.whl (42 kB)
[2026-07-29T15:29:10.225+0000] {subprocess.py:93} INFO - Downloading pathspec-1.0.4-py3-none-any.whl (55 kB)
[2026-07-29T15:29:10.260+0000] {subprocess.py:93} INFO - Downloading platformdirs-4.11.0-py3-none-any.whl (23 kB)
[2026-07-29T15:29:10.298+0000] {subprocess.py:93} INFO - Downloading protobuf-6.33.6-cp39-abi3-manylinux2014_aarch64.whl (324 kB)
[2026-07-29T15:29:10.336+0000] {subprocess.py:93} INFO - Downloading pydantic-2.13.4-py3-none-any.whl (472 kB)
[2026-07-29T15:29:10.463+0000] {subprocess.py:93} INFO - Downloading pydantic_core-2.46.4-cp312-cp312-manylinux_2_17_aarch64.manylinux2014_aarch64.whl (2.0 MB)
[2026-07-29T15:29:10.502+0000] {subprocess.py:93} INFO -    ━━━━━━━━━━━━━━━━━━━━━━━━━━━━━━━━━━━━━━━━ 2.0/2.0 MB 55.0 MB/s eta 0:00:00
[2026-07-29T15:29:10.530+0000] {subprocess.py:93} INFO - Downloading pyjwt-2.13.0-py3-none-any.whl (31 kB)
[2026-07-29T15:29:10.565+0000] {subprocess.py:93} INFO - Downloading pyopenssl-26.3.0-py3-none-any.whl (56 kB)
[2026-07-29T15:29:10.596+0000] {subprocess.py:93} INFO - Downloading python_dateutil-2.9.0.post0-py2.py3-none-any.whl (229 kB)
[2026-07-29T15:29:10.633+0000] {subprocess.py:93} INFO - Downloading python_dotenv-1.2.2-py3-none-any.whl (22 kB)
[2026-07-29T15:29:10.665+0000] {subprocess.py:93} INFO - Downloading python_slugify-8.0.4-py2.py3-none-any.whl (10 kB)
[2026-07-29T15:29:10.697+0000] {subprocess.py:93} INFO - Downloading pytimeparse-1.1.8-py2.py3-none-any.whl (10.0 kB)
[2026-07-29T15:29:10.732+0000] {subprocess.py:93} INFO - Downloading pytz-2026.3.post1-py2.py3-none-any.whl (508 kB)
[2026-07-29T15:29:10.776+0000] {subprocess.py:93} INFO - Downloading pyyaml-6.0.3-cp312-cp312-manylinux2014_aarch64.manylinux_2_17_aarch64.manylinux_2_28_aarch64.whl (775 kB)
[2026-07-29T15:29:10.791+0000] {subprocess.py:93} INFO -    ━━━━━━━━━━━━━━━━━━━━━━━━━━━━━━━━━━━━━━━━ 775.1/775.1 kB 52.5 MB/s eta 0:00:00
[2026-07-29T15:29:10.819+0000] {subprocess.py:93} INFO - Downloading requests-2.34.2-py3-none-any.whl (73 kB)
[2026-07-29T15:29:10.848+0000] {subprocess.py:93} INFO - Downloading snowplow_tracker-1.1.0-py3-none-any.whl (44 kB)
[2026-07-29T15:29:10.881+0000] {subprocess.py:93} INFO - Downloading sortedcontainers-2.4.0-py2.py3-none-any.whl (29 kB)
[2026-07-29T15:29:10.987+0000] {subprocess.py:93} INFO - Downloading sqlparse-0.5.5-py3-none-any.whl (46 kB)
[2026-07-29T15:29:11.019+0000] {subprocess.py:93} INFO - Downloading typing_extensions-4.16.0-py3-none-any.whl (45 kB)
[2026-07-29T15:29:11.054+0000] {subprocess.py:93} INFO - Downloading tomlkit-0.15.1-py3-none-any.whl (49 kB)
[2026-07-29T15:29:11.094+0000] {subprocess.py:93} INFO - Downloading annotated_types-0.8.0-py3-none-any.whl (13 kB)
[2026-07-29T15:29:11.132+0000] {subprocess.py:93} INFO - Downloading attrs-26.1.0-py3-none-any.whl (67 kB)
[2026-07-29T15:29:11.164+0000] {subprocess.py:93} INFO - Downloading cffi-2.1.0-cp312-cp312-manylinux2014_aarch64.manylinux_2_17_aarch64.whl (222 kB)
[2026-07-29T15:29:11.206+0000] {subprocess.py:93} INFO - Downloading importlib_metadata-9.0.0-py3-none-any.whl (27 kB)
[2026-07-29T15:29:11.240+0000] {subprocess.py:93} INFO - Downloading jeepney-0.9.0-py3-none-any.whl (49 kB)
[2026-07-29T15:29:11.274+0000] {subprocess.py:93} INFO - Downloading jmespath-1.1.0-py3-none-any.whl (20 kB)
[2026-07-29T15:29:11.307+0000] {subprocess.py:93} INFO - Downloading jsonschema_specifications-2025.9.1-py3-none-any.whl (18 kB)
[2026-07-29T15:29:11.345+0000] {subprocess.py:93} INFO - Downloading markupsafe-3.0.3-cp312-cp312-manylinux2014_aarch64.manylinux_2_17_aarch64.manylinux_2_28_aarch64.whl (24 kB)
[2026-07-29T15:29:11.379+0000] {subprocess.py:93} INFO - Downloading more_itertools-10.8.0-py3-none-any.whl (69 kB)
[2026-07-29T15:29:11.420+0000] {subprocess.py:93} INFO - Downloading msgpack-1.2.1-cp312-cp312-manylinux2014_aarch64.manylinux_2_17_aarch64.manylinux_2_28_aarch64.whl (410 kB)
[2026-07-29T15:29:11.538+0000] {subprocess.py:93} INFO - Downloading orderly_set-5.5.0-py3-none-any.whl (13 kB)
[2026-07-29T15:29:11.571+0000] {subprocess.py:93} INFO - Downloading rapidfuzz-3.14.5-cp312-cp312-manylinux_2_26_aarch64.manylinux_2_28_aarch64.whl (1.4 MB)
[2026-07-29T15:29:11.606+0000] {subprocess.py:93} INFO -    ━━━━━━━━━━━━━━━━━━━━━━━━━━━━━━━━━━━━━━━━ 1.4/1.4 MB 39.2 MB/s eta 0:00:00
[2026-07-29T15:29:11.642+0000] {subprocess.py:93} INFO - Downloading referencing-0.37.0-py3-none-any.whl (26 kB)
[2026-07-29T15:29:11.673+0000] {subprocess.py:93} INFO - Downloading rpds_py-2026.6.3-cp312-cp312-manylinux_2_17_aarch64.manylinux2014_aarch64.whl (368 kB)
[2026-07-29T15:29:11.716+0000] {subprocess.py:93} INFO - Downloading s3transfer-0.19.2-py3-none-any.whl (90 kB)
[2026-07-29T15:29:11.746+0000] {subprocess.py:93} INFO - Downloading secretstorage-3.5.0-py3-none-any.whl (15 kB)
[2026-07-29T15:29:11.775+0000] {subprocess.py:93} INFO - Downloading six-1.17.0-py2.py3-none-any.whl (11 kB)
[2026-07-29T15:29:11.809+0000] {subprocess.py:93} INFO - Downloading sqlglot-30.14.0-py3-none-any.whl (719 kB)
[2026-07-29T15:29:11.823+0000] {subprocess.py:93} INFO -    ━━━━━━━━━━━━━━━━━━━━━━━━━━━━━━━━━━━━━━━━ 719.0/719.0 kB 46.8 MB/s eta 0:00:00
[2026-07-29T15:29:11.857+0000] {subprocess.py:93} INFO - Downloading tabulate-0.10.0-py3-none-any.whl (39 kB)
[2026-07-29T15:29:11.889+0000] {subprocess.py:93} INFO - Downloading text_unidecode-1.3-py2.py3-none-any.whl (78 kB)
[2026-07-29T15:29:11.927+0000] {subprocess.py:93} INFO - Downloading typing_inspection-0.4.2-py3-none-any.whl (14 kB)
[2026-07-29T15:29:12.035+0000] {subprocess.py:93} INFO - Downloading urllib3-2.7.0-py3-none-any.whl (131 kB)
[2026-07-29T15:29:12.065+0000] {subprocess.py:93} INFO - Downloading jaraco.classes-3.4.0-py3-none-any.whl (6.8 kB)
[2026-07-29T15:29:12.096+0000] {subprocess.py:93} INFO - Downloading jaraco_context-6.1.2-py3-none-any.whl (7.9 kB)
[2026-07-29T15:29:12.129+0000] {subprocess.py:93} INFO - Downloading jaraco_functools-4.6.0-py3-none-any.whl (11 kB)
[2026-07-29T15:29:12.161+0000] {subprocess.py:93} INFO - Downloading zipp-4.1.0-py3-none-any.whl (10 kB)
[2026-07-29T15:29:12.192+0000] {subprocess.py:93} INFO - Downloading pycparser-3.0-py3-none-any.whl (48 kB)
[2026-07-29T15:29:12.253+0000] {subprocess.py:93} INFO - Building wheels for collected packages: dbt-core-experimental-parser
[2026-07-29T15:29:12.253+0000] {subprocess.py:93} INFO -   Building wheel for dbt-core-experimental-parser (pyproject.toml): started
[2026-07-29T15:29:12.337+0000] {subprocess.py:93} INFO -   Building wheel for dbt-core-experimental-parser (pyproject.toml): finished with status 'done'
[2026-07-29T15:29:12.353+0000] {subprocess.py:93} INFO -   Created wheel for dbt-core-experimental-parser: filename=dbt_core_experimental_parser-2.0.0a5-py3-none-manylinux_2_28_aarch64.whl size=44635067 sha256=64d5ebe68d14f19e05060caebefcdafc9e3ab1860ec1d8dcc61f9097b272b65e
[2026-07-29T15:29:12.353+0000] {subprocess.py:93} INFO -   Stored in directory: /tmp/pip-ephem-wheel-cache-2rws8f3n/wheels/8d/cc/1c/4f5e216f2f2d4aaa43c1cc840f1f24ba9a934b671f0829aefe
[2026-07-29T15:29:12.354+0000] {subprocess.py:93} INFO - Successfully built dbt-core-experimental-parser
[2026-07-29T15:29:12.410+0000] {subprocess.py:93} INFO - Installing collected packages: text-unidecode, sortedcontainers, pytz, pytimeparse, parsedatetime, leather, daff, asn1crypto, zipp, urllib3, typing-extensions, tomlkit, tabulate, sqlparse, sqlglot, six, rpds-py, rapidfuzz, pyyaml, python-slugify, python-dotenv, pyjwt, pycparser, protobuf, platformdirs, pathspec, packaging, orderly-set, networkx, msgpack, more-itertools, MarkupSafe, jmespath, jeepney, jaraco.context, isodate, idna, filelock, dbt-extractor, dbt-core-experimental-parser, colorama, click, charset_normalizer, certifi, Babel, attrs, annotated-types, typing-inspection, requests, referencing, python-dateutil, pydantic-core, mashumaro, jinja2, jaraco.functools, jaraco.classes, importlib-metadata, deepdiff, dbt-protos, cffi, agate, snowplow-tracker, pydantic, jsonschema-specifications, cryptography, botocore, SecretStorage, s3transfer, pyOpenSSL, jsonschema, metricflow, keyring, dbt-common, boto3, snowflake-connector-python, dbt-adapters, dbt-core, dbt-snowflake
[2026-07-29T15:29:16.033+0000] {subprocess.py:93} INFO - Successfully installed Babel-2.18.0 MarkupSafe-3.0.3 SecretStorage-3.5.0 agate-1.9.1 annotated-types-0.8.0 asn1crypto-1.5.1 attrs-26.1.0 boto3-1.43.58 botocore-1.43.58 certifi-2025.1.31 cffi-2.1.0 charset_normalizer-3.4.9 click-8.4.2 colorama-0.4.6 cryptography-49.0.0 daff-1.4.2 dbt-adapters-1.24.5 dbt-common-1.38.0 dbt-core-1.12.0 dbt-core-experimental-parser-2.0.0a5 dbt-extractor-0.6.0 dbt-protos-1.0.541 dbt-snowflake-1.12.0 deepdiff-8.6.2 filelock-3.32.0 idna-3.18 importlib-metadata-9.0.0 isodate-0.7.2 jaraco.classes-3.4.0 jaraco.context-6.1.2 jaraco.functools-4.6.0 jeepney-0.9.0 jinja2-3.1.6 jmespath-1.1.0 jsonschema-4.26.0 jsonschema-specifications-2025.9.1 keyring-25.7.0 leather-0.4.1 mashumaro-3.17 metricflow-0.211.0 more-itertools-10.8.0 msgpack-1.2.1 networkx-3.6.1 orderly-set-5.5.0 packaging-26.2 parsedatetime-2.6 pathspec-1.0.4 platformdirs-4.11.0 protobuf-6.33.6 pyOpenSSL-26.3.0 pycparser-3.0 pydantic-2.13.4 pydantic-core-2.46.4 pyjwt-2.13.0 python-dateutil-2.9.0.post0 python-dotenv-1.2.2 python-slugify-8.0.4 pytimeparse-1.1.8 pytz-2026.3.post1 pyyaml-6.0.3 rapidfuzz-3.14.5 referencing-0.37.0 requests-2.34.2 rpds-py-2026.6.3 s3transfer-0.19.2 six-1.17.0 snowflake-connector-python-4.7.1 snowplow-tracker-1.1.0 sortedcontainers-2.4.0 sqlglot-30.14.0 sqlparse-0.5.5 tabulate-0.10.0 text-unidecode-1.3 tomlkit-0.15.1 typing-extensions-4.16.0 typing-inspection-0.4.2 urllib3-2.7.0 zipp-4.1.0
[2026-07-29T15:29:16.256+0000] {subprocess.py:93} INFO - 
[2026-07-29T15:29:16.256+0000] {subprocess.py:93} INFO - [notice] A new release of pip is available: 24.2 -> 26.1.2
[2026-07-29T15:29:16.256+0000] {subprocess.py:93} INFO - [notice] To update, run: pip install --upgrade pip
[2026-07-29T15:29:17.659+0000] {subprocess.py:93} INFO - [0m15:29:17  Running with dbt=1.12.0
[2026-07-29T15:29:17.706+0000] {subprocess.py:93} INFO - [0m15:29:17  Warning: No packages were found in packages.yml
[2026-07-29T15:29:17.707+0000] {subprocess.py:93} INFO - [0m15:29:17  Warning: No packages were found in packages.yml
[2026-07-29T15:29:19.400+0000] {subprocess.py:93} INFO - [0m15:29:19  Running with dbt=1.12.0
[2026-07-29T15:29:19.653+0000] {subprocess.py:93} INFO - [0m15:29:19  Registered adapter: snowflake=1.12.0
[2026-07-29T15:29:19.803+0000] {subprocess.py:93} INFO - [0m15:29:19  Found 3 models, 1 source, 545 macros
[2026-07-29T15:29:19.804+0000] {subprocess.py:93} INFO - [0m15:29:19
[2026-07-29T15:29:19.804+0000] {subprocess.py:93} INFO - [0m15:29:19  Concurrency: 4 threads (target='dev')
[2026-07-29T15:29:19.804+0000] {subprocess.py:93} INFO - [0m15:29:19
[2026-07-29T15:29:21.218+0000] {subprocess.py:93} INFO - [0m15:29:21  1 of 3 START sql view model dev_matoxki.stg_clicks ............................. [RUN]
[2026-07-29T15:29:21.756+0000] {subprocess.py:93} INFO - [0m15:29:21  1 of 3 OK created sql view model dev_matoxki.stg_clicks ........................ [[32mSUCCESS 1[0m in 0.54s]
[2026-07-29T15:29:21.758+0000] {subprocess.py:93} INFO - [0m15:29:21  2 of 3 START sql view model dev_matoxki.int_sessions ........................... [RUN]
[2026-07-29T15:29:22.541+0000] {subprocess.py:93} INFO - [0m15:29:22  2 of 3 OK created sql view model dev_matoxki.int_sessions ...................... [[32mSUCCESS 1[0m in 0.78s]
[2026-07-29T15:29:22.544+0000] {subprocess.py:93} INFO - [0m15:29:22  3 of 3 START sql view model dev_matoxki.fact_customer_sessions ................. [RUN]
[2026-07-29T15:29:23.251+0000] {subprocess.py:93} INFO - [0m15:29:23  3 of 3 OK created sql view model dev_matoxki.fact_customer_sessions ............ [[32mSUCCESS 1[0m in 0.71s]
[2026-07-29T15:29:23.634+0000] {subprocess.py:93} INFO - [0m15:29:23
[2026-07-29T15:29:23.635+0000] {subprocess.py:93} INFO - [0m15:29:23  Finished running 3 view models in 0 hours 0 minutes and 3.83 seconds (3.83s).
[2026-07-29T15:29:23.678+0000] {subprocess.py:93} INFO - [0m15:29:23
[2026-07-29T15:29:23.679+0000] {subprocess.py:93} INFO - [0m15:29:23  [32mCompleted successfully[0m
[2026-07-29T15:29:23.679+0000] {subprocess.py:93} INFO - [0m15:29:23
[2026-07-29T15:29:23.679+0000] {subprocess.py:93} INFO - [0m15:29:23  Done. PASS=3 WARN=0 ERROR=0 SKIP=0 NO-OP=0 REUSED=0 TOTAL=3
[2026-07-29T15:29:25.307+0000] {subprocess.py:93} INFO - [0m15:29:25  Running with dbt=1.12.0
[2026-07-29T15:29:25.607+0000] {subprocess.py:93} INFO - [0m15:29:25  Registered adapter: snowflake=1.12.0
[2026-07-29T15:29:25.770+0000] {subprocess.py:93} INFO - [0m15:29:25  Found 3 models, 1 source, 545 macros
[2026-07-29T15:29:25.771+0000] {subprocess.py:93} INFO - [0m15:29:25  [[33mWARNING[0m]: Nothing to do. Try checking your model configs and model specification args
[2026-07-29T15:29:26.651+0000] {subprocess.py:97} INFO - Command exited with return code 0
[2026-07-29T15:29:26.662+0000] {taskinstance.py:340} INFO - ::group::Post task execution logs
[2026-07-29T15:29:26.662+0000] {taskinstance.py:352} INFO - Marking task as SUCCESS. dag_id=ecommerce_dbt_transformation, task_id=run_dbt_models, run_id=scheduled__2026-07-29T14:00:00+00:00, execution_date=20260729T140000, start_date=20260729T152853, end_date=20260729T152926
[2026-07-29T15:29:26.667+0000] {logging_mixin.py:190} INFO - Task instance in success state
[2026-07-29T15:29:26.667+0000] {logging_mixin.py:190} INFO -  Previous state of the Task instance: running
[2026-07-29T15:29:26.667+0000] {logging_mixin.py:190} INFO - Dag name:ecommerce_dbt_transformation queued_at:2026-07-29 15:28:52.494820+00:00
[2026-07-29T15:29:26.667+0000] {logging_mixin.py:190} INFO - Task hostname:***-worker operator:BashOperator
[2026-07-29T15:29:26.697+0000] {local_task_job_runner.py:261} INFO - Task exited with return code 0
[2026-07-29T15:29:26.704+0000] {taskinstance.py:3891} INFO - 0 downstream tasks scheduled from follow-on schedule check
[2026-07-29T15:29:26.705+0000] {local_task_job_runner.py:240} INFO - ::endgroup::
